******************************************************************************
                  TI ARM Linker PC v20.2.6                     
******************************************************************************
>> Linked Tue Apr 25 15:09:46 2023

OUTPUT FILE NAME:   <Lab7.out>
ENTRY POINT SYMBOL: "_c_int00_noargs"  address: 000080f1


MEMORY CONFIGURATION

         name            origin    length      used     unused   attr    fill
----------------------  --------  ---------  --------  --------  ----  --------
  FLASH                 00000000   00040000  000090ba  00036f46  R  X
  SRAM                  20000000   00008000  00002330  00005cd0  RW X


SEGMENT ALLOCATION MAP

run origin  load origin   length   init length attrs members
----------  ----------- ---------- ----------- ----- -------
00000000    00000000    000090c0   000090c0    r-x
  00000000    00000000    0000026c   0000026c    r-- .intvecs
  0000026c    0000026c    000080f8   000080f8    r-x .text
  00008368    00008368    00000cf6   00000cf6    r-- .const
  00009060    00009060    00000060   00000060    r-- .cinit
20000000    20000000    00002334   00000000    rw-
  20000000    20000000    0000026c   00000000    rw- .vtable
  20000270    20000270    00001000   00000000    rw- .stack
  20001270    20001270    00001000   00000000    rw- .sysmem
  20002270    20002270    00000070   00000000    rw- .bss
  200022e0    200022e0    00000054   00000000    rw- .data


SECTION ALLOCATION MAP

 output                                  attributes/
section   page    origin      length       input sections
--------  ----  ----------  ----------   ----------------
.intvecs   0    00000000    0000026c     
                  00000000    0000026c     tm4c123gh6pm_startup_ccs.obj (.intvecs)

.text      0    0000026c    000080f8     
                  0000026c    00000cc8     scanner.obj (.text)
                  00000f34    00000c20     open_interface.obj (.text)
                  00001b54    00000a4e     rtsv7M4_T_le_v4SPD16_eabi.lib : _printfi.c.obj (.text:__TI_printfi)
                  000025a2    00000002                                   : _lock.c.obj (.text:_nop)
                  000025a4    000009d0                                   : e_pow.c.obj (.text:pow)
                  00002f74    00000738                                   : k_rem_pio2.c.obj (.text:__kernel_rem_pio2)
                  000036ac    000005e0                                   : s_sin.c.obj (.text:sin)
                  00003c8c    000005dc                                   : s_cos.c.obj (.text:cos)
                  00004268    00000508                                   : s_tan.c.obj (.text:tan)
                  00004770    00000460                                   : strtod.c.obj (.text:strtod)
                  00004bd0    00000380     movement.obj (.text)
                  00004f50    00000328     lcd.obj (.text)
                  00005278    0000031c     rtsv7M4_T_le_v4SPD16_eabi.lib : k_tan.c.obj (.text:__kernel_tan)
                  00005594    000002ec                                   : s_atan.c.obj (.text:atan)
                  00005880    00000284     main.obj (.text)
                  00005b04    00000270     rtsv7M4_T_le_v4SPD16_eabi.lib : _printfi.c.obj (.text:_pconv_a)
                  00005d74    0000025c     ping.obj (.text)
                  00005fd0    00000248     Timer.obj (.text)
                  00006218    000001d4     uart-interrupt.obj (.text)
                  000063ec    000001d0     rtsv7M4_T_le_v4SPD16_eabi.lib : _printfi.c.obj (.text:_pconv_g)
                  000065bc    000001b6                                   : fd_add_t2.asm.obj (.text)
                  00006772    00000002                                   : div0.asm.obj (.text)
                  00006774    0000019c     GUI.obj (.text)
                  00006910    00000178     Servo.obj (.text)
                  00006a88    00000174     rtsv7M4_T_le_v4SPD16_eabi.lib : k_sin.c.obj (.text:__kernel_sin)
                  00006bfc    00000170                                   : k_cos.c.obj (.text:__kernel_cos)
                  00006d6c    00000158                                   : e_sqrt.c.obj (.text:sqrt)
                  00006ec4    0000013c                                   : _printfi.c.obj (.text:_pconv_e)
                  00007000    00000136                                   : fd_div_t2.asm.obj (.text)
                  00007136    00000002     --HOLE-- [fill = 0]
                  00007138    00000124                                   : _printfi.c.obj (.text:fcvt)
                  0000725c    00000110                                   : s_scalbn.c.obj (.text:scalbn)
                  0000736c    00000100                                   : memory.c.obj (.text:aligned_alloc)
                  0000746c    000000fc                                   : fd_mul_t2.asm.obj (.text)
                  00007568    000000f8                                   : s_floor.c.obj (.text:floor)
                  00007660    000000e4                                   : memory.c.obj (.text:free)
                  00007744    000000b1                                   : _printfi.c.obj (.text:_ltostr)
                  000077f5    00000003     --HOLE-- [fill = 0]
                  000077f8    000000ac     adc.obj (.text)
                  000078a4    0000009c     rtsv7M4_T_le_v4SPD16_eabi.lib : memcpy_t2.asm.obj (.text)
                  00007940    00000096                                   : ull_div_t2.asm.obj (.text)
                  000079d6    00000086                                   : fd_cmp_t2.asm.obj (.text:__aeabi_cdcmple)
                  00007a5c    00000086                                   : fd_cmp_t2.asm.obj (.text:__aeabi_cdrcmple)
                  00007ae2    0000007a                                   : memset_t2.asm.obj (.text)
                  00007b5c    00000070                                   : memory.c.obj (.text:split)
                  00007bcc    0000006e                                   : _printfi.c.obj (.text:_mcpy)
                  00007c3a    0000006e                                   : fd_tos_t2.asm.obj (.text)
                  00007ca8    00000068                                   : copy_decompress_lzss.c.obj (.text:decompress:lzss:__TI_decompress_lzss)
                  00007d10    00000064                                   : s_frexp.c.obj (.text:frexp)
                  00007d74    00000056                                   : _printfi.c.obj (.text:_pconv_f)
                  00007dca    00000054                                   : _ltoa.c.obj (.text:__TI_ltoa)
                  00007e1e    00000052                                   : _printfi.c.obj (.text:_ecpy)
                  00007e70    0000004c                                   : atoi.c.obj (.text:atoi)
                  00007ebc    00000048                                   : fd_toi_t2.asm.obj (.text)
                  00007f04    00000044                                   : autoinit.c.obj (.text:__TI_auto_init_nobinit_nopinit:__TI_auto_init_nobinit_nopinit)
                  00007f48    00000044                                   : fd_tou_t2.asm.obj (.text)
                  00007f8c    00000040                                   : sprintf.c.obj (.text:sprintf)
                  00007fcc    00000040                                   : vsnprintf.c.obj (.text:vsnprintf)
                  0000800c    0000003e                                   : _printfi.c.obj (.text:_fcpy)
                  0000804a    00000002     --HOLE-- [fill = 0]
                  0000804c    00000038                                   : memory.c.obj (.text:calloc)
                  00008084    00000038                                   : fs_tod_t2.asm.obj (.text)
                  000080bc    00000034     driverlib.lib : interrupt.obj (.text:IntRegister)
                  000080f0    00000034     rtsv7M4_T_le_v4SPD16_eabi.lib : boot_cortex_m.c.obj (.text:_c_int00_noargs:_c_int00_noargs)
                  00008124    00000030                                   : vsnprintf.c.obj (.text:_outs)
                  00008154    0000002e                                   : i_tofd_t2.asm.obj (.text)
                  00008182    00000002     --HOLE-- [fill = 0]
                  00008184    00000028                                   : memory.c.obj (.text:free_list_insert)
                  000081ac    00000020                                   : u_tofd_t2.asm.obj (.text)
                  000081cc    0000001c                                   : copy_zero_init.c.obj (.text:decompress:ZI:__TI_zero_init_nomemset:__TI_zero_init_nomemset)
                  000081e8    0000001c                                   : memory.c.obj (.text:free_list_remove)
                  00008204    0000001c                                   : memccpy.c.obj (.text:memccpy)
                  00008220    0000001a                                   : s_copysign.c.obj (.text:copysign)
                  0000823a    00000018                                   : vsnprintf.c.obj (.text:_outc)
                  00008252    00000018                                   : sprintf.c.obj (.text:_outs)
                  0000826a    00000018     open_interface.obj (.text:oi_parseInt)
                  00008282    00000018     rtsv7M4_T_le_v4SPD16_eabi.lib : strcmp.c.obj (.text:strcmp)
                  0000829a    00000016                                   : strchr.c.obj (.text:strchr)
                  000082b0    00000014                                   : strcpy.c.obj (.text:strcpy)
                  000082c4    00000014                                   : strlen.c.obj (.text:strlen)
                  000082d8    00000012                                   : atof.c.obj (.text:atof)
                  000082ea    00000012                                   : wcslen.c.obj (.text:wcslen)
                  000082fc    00000010     driverlib.lib : interrupt.obj (.text:IntMasterEnable)
                  0000830c    00000010     lcd.obj (.text:lcd_clear)
                  0000831c    0000000e     rtsv7M4_T_le_v4SPD16_eabi.lib : copy_decompress_none.c.obj (.text:decompress:none:__TI_decompress_none)
                  0000832a    0000000c     driverlib.lib : cpu.obj (.text:CPUcpsie)
                  00008336    0000000c     tm4c123gh6pm_startup_ccs.obj (.text)
                  00008342    0000000a     rtsv7M4_T_le_v4SPD16_eabi.lib : sprintf.c.obj (.text:_outc)
                  0000834c    00000008                                   : errno.c.obj (.text:__aeabi_errno_addr)
                  00008354    00000008                                   : memory.c.obj (.text:malloc)
                  0000835c    00000004                                   : pre_init.c.obj (.text:_system_pre_init)
                  00008360    00000004                                   : exit.c.obj (.text:abort:abort)

.const     0    00008368    00000cf6     
                  00008368    000002d0     scanner.obj (.const:$P$T0$1)
                  00008638    000002d0     scanner.obj (.const:$P$T1$2)
                  00008908    000002d0     scanner.obj (.const:$P$T2$3)
                  00008bd8    00000158     rtsv7M4_T_le_v4SPD16_eabi.lib : k_rem_pio2.c.obj (.const:$O1$$)
                  00008d30    00000101                                   : ctype.c.obj (.const:.string:_ctypes_)
                  00008e31    00000004     lcd.obj (.const:.string:lineAddress$1)
                  00008e35    00000003     --HOLE-- [fill = 0]
                  00008e38    000000c8     rtsv7M4_T_le_v4SPD16_eabi.lib : strtod.c.obj (.const:$O1$$)
                  00008f00    00000098                                   : s_atan.c.obj (.const:$O1$$)
                  00008f98    00000080                                   : k_tan.c.obj (.const:xxx)
                  00009018    00000030                                   : e_pow.c.obj (.const:$O1$$)
                  00009048    0000000f     open_interface.obj (.const:.string:$P$T0$3)
                  00009057    00000004     lcd.obj (.const:.string:lineAddresses$2)
                  0000905b    00000001     --HOLE-- [fill = 0]
                  0000905c    00000002     uart-interrupt.obj (.const:.string)

.cinit     0    00009060    00000060     
                  00009060    00000029     (.cinit..data.load) [load image, compression = lzss]
                  00009089    00000003     --HOLE-- [fill = 0]
                  0000908c    0000000c     (__TI_handler_table)
                  00009098    00000008     (.cinit..bss.load) [load image, compression = zero_init]
                  000090a0    00000008     (.cinit..vtable.load) [load image, compression = zero_init]
                  000090a8    00000018     (__TI_cinit_table)

.init_array 
*          0    00000000    00000000     UNINITIALIZED

.vtable    0    20000000    0000026c     UNINITIALIZED
                  20000000    0000026c     driverlib.lib : interrupt.obj (.vtable)

.stack     0    20000270    00001000     UNINITIALIZED
                  20000270    00000004     rtsv7M4_T_le_v4SPD16_eabi.lib : boot_cortex_m.c.obj (.stack)
                  20000274    00000ffc     --HOLE--

.sysmem    0    20001270    00001000     UNINITIALIZED
                  20001270    00000010     rtsv7M4_T_le_v4SPD16_eabi.lib : memory.c.obj (.sysmem)
                  20001280    00000ff0     --HOLE--

.bss       0    20002270    00000070     UNINITIALIZED
                  20002270    00000054     lcd.obj (.bss:lastbuffer$3)
                  200022c4    00000018     open_interface.obj (.bss:firmware$2)
                  200022dc    00000004     (.common:_timeout_ticks)

.data      0    200022e0    00000054     UNINITIALIZED
                  200022e0    00000020     open_interface.obj (.data)
                  20002300    0000000c     ping.obj (.data)
                  2000230c    00000009     uart-interrupt.obj (.data)
                  20002315    00000001     Timer.obj (.data)
                  20002316    00000002     --HOLE--
                  20002318    00000008     rtsv7M4_T_le_v4SPD16_eabi.lib : _lock.c.obj (.data:$O1$$)
                  20002320    00000008                                   : memory.c.obj (.data:$O1$$)
                  20002328    00000008     main.obj (.data)
                  20002330    00000004     rtsv7M4_T_le_v4SPD16_eabi.lib : errno.c.obj (.data)

__llvm_prf_cnts 
*          0    20000000    00000000     UNINITIALIZED

MODULE SUMMARY

       Module                         code    ro data   rw data
       ------                         ----    -------   -------
    .\
       scanner.obj                    3272    2160      0      
       open_interface.obj             3128    15        56     
       lcd.obj                        824     8         84     
       movement.obj                   896     0         0      
       main.obj                       644     0         8      
       tm4c123gh6pm_startup_ccs.obj   12      620       0      
       ping.obj                       604     0         12     
       Timer.obj                      584     0         5      
       uart-interrupt.obj             468     2         9      
       GUI.obj                        412     0         0      
       Servo.obj                      376     0         0      
       adc.obj                        172     0         0      
    +--+------------------------------+-------+---------+---------+
       Total:                         11392   2805      174    
                                                               
    C:/ti/TivaWare_C_Series-2.2.0.295/driverlib/ccs/Debug/driverlib.lib
       interrupt.obj                  68      0         620    
       cpu.obj                        12      0         0      
    +--+------------------------------+-------+---------+---------+
       Total:                         80      0         620    
                                                               
    C:\ti\ccs1200\ccs\tools\compiler\ti-cgt-arm_20.2.6.LTS\lib\rtsv7M4_T_le_v4SPD16_eabi.lib
       _printfi.c.obj                 4851    0         0      
       e_pow.c.obj                    2512    48        0      
       k_rem_pio2.c.obj               1848    344       0      
       s_sin.c.obj                    1504    0         0      
       s_cos.c.obj                    1500    0         0      
       strtod.c.obj                   1120    200       0      
       s_tan.c.obj                    1288    0         0      
       k_tan.c.obj                    796     128       0      
       s_atan.c.obj                   748     152       0      
       memory.c.obj                   728     0         8      
       fd_add_t2.asm.obj              438     0         0      
       k_sin.c.obj                    372     0         0      
       k_cos.c.obj                    368     0         0      
       e_sqrt.c.obj                   344     0         0      
       fd_div_t2.asm.obj              310     0         0      
       s_scalbn.c.obj                 272     0         0      
       fd_cmp_t2.asm.obj              268     0         0      
       ctype.c.obj                    0       257       0      
       fd_mul_t2.asm.obj              252     0         0      
       s_floor.c.obj                  248     0         0      
       memcpy_t2.asm.obj              156     0         0      
       ull_div_t2.asm.obj             150     0         0      
       vsnprintf.c.obj                136     0         0      
       memset_t2.asm.obj              122     0         0      
       fd_tos_t2.asm.obj              110     0         0      
       copy_decompress_lzss.c.obj     104     0         0      
       s_frexp.c.obj                  100     0         0      
       sprintf.c.obj                  98      0         0      
       _ltoa.c.obj                    84      0         0      
       atoi.c.obj                     76      0         0      
       fd_toi_t2.asm.obj              72      0         0      
       autoinit.c.obj                 68      0         0      
       fd_tou_t2.asm.obj              68      0         0      
       fs_tod_t2.asm.obj              56      0         0      
       boot_cortex_m.c.obj            52      0         0      
       i_tofd_t2.asm.obj              46      0         0      
       u_tofd_t2.asm.obj              32      0         0      
       copy_zero_init.c.obj           28      0         0      
       memccpy.c.obj                  28      0         0      
       s_copysign.c.obj               26      0         0      
       strcmp.c.obj                   24      0         0      
       strchr.c.obj                   22      0         0      
       strcpy.c.obj                   20      0         0      
       strlen.c.obj                   20      0         0      
       atof.c.obj                     18      0         0      
       wcslen.c.obj                   18      0         0      
       copy_decompress_none.c.obj     14      0         0      
       errno.c.obj                    8       0         4      
       _lock.c.obj                    2       0         8      
       exit.c.obj                     4       0         0      
       pre_init.c.obj                 4       0         0      
       div0.asm.obj                   2       0         0      
    +--+------------------------------+-------+---------+---------+
       Total:                         21535   1129      20     
                                                               
       Heap:                          0       0         4096   
       Stack:                         0       0         4096   
       Linker Generated:              0       93        0      
    +--+------------------------------+-------+---------+---------+
       Grand Total:                   33007   4027      9006   


LINKER GENERATED COPY TABLES

__TI_cinit_table @ 000090a8 records: 3, size/record: 8, table size: 24
	.data: load addr=00009060, load size=00000029 bytes, run addr=200022e0, run size=00000054 bytes, compression=lzss
	.bss: load addr=00009098, load size=00000008 bytes, run addr=20002270, run size=00000070 bytes, compression=zero_init
	.vtable: load addr=000090a0, load size=00000008 bytes, run addr=20000000, run size=0000026c bytes, compression=zero_init


LINKER GENERATED HANDLER TABLE

__TI_handler_table @ 0000908c records: 3, size/record: 4, table size: 12
	index: 0, handler: __TI_zero_init
	index: 1, handler: __TI_decompress_lzss
	index: 2, handler: __TI_decompress_none


GLOBAL SYMBOLS: SORTED ALPHABETICALLY BY Name 

address   name                          
-------   ----                          
00008361  C$$EXIT                       
0000832b  CPUcpsie                      
20002304  END_TIME                      
0000188b  GPIOF_Handler                 
000082fd  IntMasterEnable               
000080bd  IntRegister                   
00008337  ResetISR                      
20002300  START_TIME                    
20002308  STATE                         
00005eb1  TIMER3B_Handler               
00006357  UART1_Handler                 
20001270  __STACK_END                   
00001000  __STACK_SIZE                  
20000470  __STACK_TOP                   
00001000  __SYSMEM_SIZE                 
000090a8  __TI_CINIT_Base               
000090c0  __TI_CINIT_Limit              
0000908c  __TI_Handler_Table_Base       
00009098  __TI_Handler_Table_Limit      
00007f05  __TI_auto_init_nobinit_nopinit
00007ca9  __TI_decompress_lzss          
0000831d  __TI_decompress_none          
00007dcb  __TI_ltoa                     
ffffffff  __TI_pprof_out_hndl           
00001b55  __TI_printfi                  
ffffffff  __TI_prof_data_size           
ffffffff  __TI_prof_data_start          
00000000  __TI_static_base__            
000081cd  __TI_zero_init_nomemset       
000079d7  __aeabi_cdcmpeq               
000079d7  __aeabi_cdcmple               
00007a5d  __aeabi_cdrcmple              
00007c3b  __aeabi_d2f                   
00007ebd  __aeabi_d2iz                  
00007f49  __aeabi_d2uiz                 
000065c7  __aeabi_dadd                  
00007001  __aeabi_ddiv                  
0000746d  __aeabi_dmul                  
000065bd  __aeabi_dsub                  
0000834d  __aeabi_errno_addr            
00008085  __aeabi_f2d                   
00008155  __aeabi_i2d                   
00006773  __aeabi_idiv0                 
00006773  __aeabi_ldiv0                 
00007ae3  __aeabi_memclr                
00007ae3  __aeabi_memclr4               
00007ae3  __aeabi_memclr8               
000078a5  __aeabi_memcpy                
000078a5  __aeabi_memcpy4               
000078a5  __aeabi_memcpy8               
00007ae5  __aeabi_memset                
00007ae5  __aeabi_memset4               
00007ae5  __aeabi_memset8               
000081ad  __aeabi_ui2d                  
00007941  __aeabi_uldivmod              
ffffffff  __binit__                     
ffffffff  __c_args__                    
00006bfd  __kernel_cos                  
00002f75  __kernel_rem_pio2             
00006a89  __kernel_sin                  
00005279  __kernel_tan                  
UNDEFED   __mpu_init                    
20000270  __stack                       
20000000  __start___llvm_prf_cnts       
20000000  __stop___llvm_prf_cnts        
000080f1  _c_int00_noargs               
00008d30  _ctypes_                      
20002318  _lock                         
000025a3  _nop                          
20002315  _running                      
20001270  _sys_memory                   
UNDEFED   _system_post_cinit            
0000835d  _system_pre_init              
200022dc  _timeout_ticks                
2000231c  _unlock                       
00008361  abort                         
000077f9  adc_init                      
00007861  adc_read                      
0000736d  aligned_alloc                 
00005595  atan                          
00005595  atanl                         
000082d9  atof                          
00007e71  atoi                          
2000230f  auto_byte                     
00005a4f  auto_helper                   
ffffffff  binit                         
0000804d  calloc                        
20002311  command_flag                  
00008221  copysign                      
00008221  copysignl                     
00003c8d  cos                           
00003c8d  cosl                          
20002330  errno                         
0000026d  find_objects                  
00007569  floor                         
00007569  floorl                        
00007661  free                          
00007d11  frexp                         
00007d11  frexpl                        
20000000  g_pfnRAMVectors               
00000000  g_pfnVectors                  
00001647  go_charge                     
00006775  gui_add                       
0000681d  gui_move                      
0000685f  gui_send                      
00005a59  input_helper                  
0000830d  lcd_clear                     
00005125  lcd_gotoLine                  
00004f8d  lcd_init                      
0000518b  lcd_printf                    
0000504d  lcd_putc                      
00005085  lcd_puts                      
00004f51  lcd_reverseNibble             
000050a3  lcd_sendCommand               
000050e1  lcd_sendNibble                
0000514d  lcd_setCursorPos              
0000725d  ldexp                         
0000725d  ldexpl                        
00005881  main                          
00008355  malloc                        
0000736d  memalign                      
00008205  memccpy                       
000078a5  memcpy                        
00007aeb  memset                        
200022e0  motor_cal_factor_L            
200022e4  motor_cal_factor_R            
00004c79  move_backward                 
2000230d  move_byte                     
00004bd1  move_forward                  
00005931  move_helper                   
00004ddd  navigate_forward              
00000f35  oi_alloc                      
00001771  oi_checkFirmware              
00000f8f  oi_close                      
00000f41  oi_free                       
00001ab5  oi_getMotorCalibrationLeft    
00001ac9  oi_getMotorCalibrationRight   
00000f79  oi_init                       
00000f51  oi_init_noupdate              
000015dd  oi_loadSong                   
0000826b  oi_parseInt                   
00000ff3  oi_parsePacket                
00001633  oi_play_song                  
00001513  oi_setLeds                    
00001a79  oi_setMotorCalibration        
00001557  oi_setWheels                  
00001819  oi_shutoff_init               
00001655  oi_uartInit                   
000016f9  oi_uartReceive                
0000173f  oi_uartSendBuff               
000016dd  oi_uartSendChar               
00001721  oi_uartSendStr                
00000fa1  oi_update                     
00005ef9  ping_getDistance              
00005d75  ping_init                     
00005e2d  ping_trigger                  
000025a5  pow                           
000025a5  powl                          
2000230e  rotate_byte                   
0000725d  scalbn                        
0000725d  scalbnl                       
2000230c  scan_byte                     
00005919  scan_helper                   
00006911  servo_init                    
000069d7  servo_move                    
000036ad  sin                           
000036ad  sinl                          
00007f8d  sprintf                       
00006d6d  sqrt                          
00006d6d  sqrtl                         
0000829b  strchr                        
00008283  strcmp                        
000082b1  strcpy                        
000082c5  strlen                        
00004771  strtod                        
00004771  strtold                       
00004269  tan                           
00004269  tanl                          
20002310  terminate_byte                
000060ef  timer_getMicros               
00006097  timer_getMillis               
00005fd1  timer_init                    
00006073  timer_pause                   
00006085  timer_resume                  
00006049  timer_stop                    
00006149  timer_waitMicros              
0000617b  timer_waitMillis              
20002328  totalAngle                    
000059b5  turn_helper                   
00004d03  turn_left                     
00004d69  turn_right                    
00006219  uart_interrupt_init           
000062f5  uart_receive                  
0000631b  uart_receive_nonblocking      
000062d9  uart_sendChar                 
00006339  uart_sendStr                  
00007fcd  vsnprintf                     
000082eb  wcslen                        


GLOBAL SYMBOLS: SORTED BY Symbol Address 

address   name                          
-------   ----                          
00000000  __TI_static_base__            
00000000  g_pfnVectors                  
0000026d  find_objects                  
00000f35  oi_alloc                      
00000f41  oi_free                       
00000f51  oi_init_noupdate              
00000f79  oi_init                       
00000f8f  oi_close                      
00000fa1  oi_update                     
00000ff3  oi_parsePacket                
00001000  __STACK_SIZE                  
00001000  __SYSMEM_SIZE                 
00001513  oi_setLeds                    
00001557  oi_setWheels                  
000015dd  oi_loadSong                   
00001633  oi_play_song                  
00001647  go_charge                     
00001655  oi_uartInit                   
000016dd  oi_uartSendChar               
000016f9  oi_uartReceive                
00001721  oi_uartSendStr                
0000173f  oi_uartSendBuff               
00001771  oi_checkFirmware              
00001819  oi_shutoff_init               
0000188b  GPIOF_Handler                 
00001a79  oi_setMotorCalibration        
00001ab5  oi_getMotorCalibrationLeft    
00001ac9  oi_getMotorCalibrationRight   
00001b55  __TI_printfi                  
000025a3  _nop                          
000025a5  pow                           
000025a5  powl                          
00002f75  __kernel_rem_pio2             
000036ad  sin                           
000036ad  sinl                          
00003c8d  cos                           
00003c8d  cosl                          
00004269  tan                           
00004269  tanl                          
00004771  strtod                        
00004771  strtold                       
00004bd1  move_forward                  
00004c79  move_backward                 
00004d03  turn_left                     
00004d69  turn_right                    
00004ddd  navigate_forward              
00004f51  lcd_reverseNibble             
00004f8d  lcd_init                      
0000504d  lcd_putc                      
00005085  lcd_puts                      
000050a3  lcd_sendCommand               
000050e1  lcd_sendNibble                
00005125  lcd_gotoLine                  
0000514d  lcd_setCursorPos              
0000518b  lcd_printf                    
00005279  __kernel_tan                  
00005595  atan                          
00005595  atanl                         
00005881  main                          
00005919  scan_helper                   
00005931  move_helper                   
000059b5  turn_helper                   
00005a4f  auto_helper                   
00005a59  input_helper                  
00005d75  ping_init                     
00005e2d  ping_trigger                  
00005eb1  TIMER3B_Handler               
00005ef9  ping_getDistance              
00005fd1  timer_init                    
00006049  timer_stop                    
00006073  timer_pause                   
00006085  timer_resume                  
00006097  timer_getMillis               
000060ef  timer_getMicros               
00006149  timer_waitMicros              
0000617b  timer_waitMillis              
00006219  uart_interrupt_init           
000062d9  uart_sendChar                 
000062f5  uart_receive                  
0000631b  uart_receive_nonblocking      
00006339  uart_sendStr                  
00006357  UART1_Handler                 
000065bd  __aeabi_dsub                  
000065c7  __aeabi_dadd                  
00006773  __aeabi_idiv0                 
00006773  __aeabi_ldiv0                 
00006775  gui_add                       
0000681d  gui_move                      
0000685f  gui_send                      
00006911  servo_init                    
000069d7  servo_move                    
00006a89  __kernel_sin                  
00006bfd  __kernel_cos                  
00006d6d  sqrt                          
00006d6d  sqrtl                         
00007001  __aeabi_ddiv                  
0000725d  ldexp                         
0000725d  ldexpl                        
0000725d  scalbn                        
0000725d  scalbnl                       
0000736d  aligned_alloc                 
0000736d  memalign                      
0000746d  __aeabi_dmul                  
00007569  floor                         
00007569  floorl                        
00007661  free                          
000077f9  adc_init                      
00007861  adc_read                      
000078a5  __aeabi_memcpy                
000078a5  __aeabi_memcpy4               
000078a5  __aeabi_memcpy8               
000078a5  memcpy                        
00007941  __aeabi_uldivmod              
000079d7  __aeabi_cdcmpeq               
000079d7  __aeabi_cdcmple               
00007a5d  __aeabi_cdrcmple              
00007ae3  __aeabi_memclr                
00007ae3  __aeabi_memclr4               
00007ae3  __aeabi_memclr8               
00007ae5  __aeabi_memset                
00007ae5  __aeabi_memset4               
00007ae5  __aeabi_memset8               
00007aeb  memset                        
00007c3b  __aeabi_d2f                   
00007ca9  __TI_decompress_lzss          
00007d11  frexp                         
00007d11  frexpl                        
00007dcb  __TI_ltoa                     
00007e71  atoi                          
00007ebd  __aeabi_d2iz                  
00007f05  __TI_auto_init_nobinit_nopinit
00007f49  __aeabi_d2uiz                 
00007f8d  sprintf                       
00007fcd  vsnprintf                     
0000804d  calloc                        
00008085  __aeabi_f2d                   
000080bd  IntRegister                   
000080f1  _c_int00_noargs               
00008155  __aeabi_i2d                   
000081ad  __aeabi_ui2d                  
000081cd  __TI_zero_init_nomemset       
00008205  memccpy                       
00008221  copysign                      
00008221  copysignl                     
0000826b  oi_parseInt                   
00008283  strcmp                        
0000829b  strchr                        
000082b1  strcpy                        
000082c5  strlen                        
000082d9  atof                          
000082eb  wcslen                        
000082fd  IntMasterEnable               
0000830d  lcd_clear                     
0000831d  __TI_decompress_none          
0000832b  CPUcpsie                      
00008337  ResetISR                      
0000834d  __aeabi_errno_addr            
00008355  malloc                        
0000835d  _system_pre_init              
00008361  C$$EXIT                       
00008361  abort                         
00008d30  _ctypes_                      
0000908c  __TI_Handler_Table_Base       
00009098  __TI_Handler_Table_Limit      
000090a8  __TI_CINIT_Base               
000090c0  __TI_CINIT_Limit              
20000000  __start___llvm_prf_cnts       
20000000  __stop___llvm_prf_cnts        
20000000  g_pfnRAMVectors               
20000270  __stack                       
20000470  __STACK_TOP                   
20001270  __STACK_END                   
20001270  _sys_memory                   
200022dc  _timeout_ticks                
200022e0  motor_cal_factor_L            
200022e4  motor_cal_factor_R            
20002300  START_TIME                    
20002304  END_TIME                      
20002308  STATE                         
2000230c  scan_byte                     
2000230d  move_byte                     
2000230e  rotate_byte                   
2000230f  auto_byte                     
20002310  terminate_byte                
20002311  command_flag                  
20002315  _running                      
20002318  _lock                         
2000231c  _unlock                       
20002328  totalAngle                    
20002330  errno                         
ffffffff  __TI_pprof_out_hndl           
ffffffff  __TI_prof_data_size           
ffffffff  __TI_prof_data_start          
ffffffff  __binit__                     
ffffffff  __c_args__                    
ffffffff  binit                         
UNDEFED   __mpu_init                    
UNDEFED   _system_post_cinit            

[198 symbols]
