<?xml version="1.0" encoding="ISO-8859-1" ?>
<link_info>
   <banner>TI ARM Linker PC v20.2.6.LTS</banner>
   <copyright>Copyright (c) 1996-2018 Texas Instruments Incorporated</copyright>
   <link_time>0x6448338a</link_time>
   <link_errors>0x0</link_errors>
   <output_file>Lab7.out</output_file>
   <entry_point>
      <name>_c_int00_noargs</name>
      <address>0x80f1</address>
   </entry_point>
   <input_file_list>
      <input_file id="fl-2">
         <path>.\</path>
         <kind>object</kind>
         <file>GUI.obj</file>
         <name>GUI.obj</name>
      </input_file>
      <input_file id="fl-3">
         <path>.\</path>
         <kind>object</kind>
         <file>Servo.obj</file>
         <name>Servo.obj</name>
      </input_file>
      <input_file id="fl-4">
         <path>.\</path>
         <kind>object</kind>
         <file>Timer.obj</file>
         <name>Timer.obj</name>
      </input_file>
      <input_file id="fl-5">
         <path>.\</path>
         <kind>object</kind>
         <file>adc.obj</file>
         <name>adc.obj</name>
      </input_file>
      <input_file id="fl-6">
         <path>.\</path>
         <kind>object</kind>
         <file>lcd.obj</file>
         <name>lcd.obj</name>
      </input_file>
      <input_file id="fl-7">
         <path>.\</path>
         <kind>object</kind>
         <file>main.obj</file>
         <name>main.obj</name>
      </input_file>
      <input_file id="fl-8">
         <path>.\</path>
         <kind>object</kind>
         <file>movement.obj</file>
         <name>movement.obj</name>
      </input_file>
      <input_file id="fl-9">
         <path>.\</path>
         <kind>object</kind>
         <file>open_interface.obj</file>
         <name>open_interface.obj</name>
      </input_file>
      <input_file id="fl-a">
         <path>.\</path>
         <kind>object</kind>
         <file>ping.obj</file>
         <name>ping.obj</name>
      </input_file>
      <input_file id="fl-b">
         <path>.\</path>
         <kind>object</kind>
         <file>scanner.obj</file>
         <name>scanner.obj</name>
      </input_file>
      <input_file id="fl-c">
         <path>.\</path>
         <kind>object</kind>
         <file>tm4c123gh6pm_startup_ccs.obj</file>
         <name>tm4c123gh6pm_startup_ccs.obj</name>
      </input_file>
      <input_file id="fl-d">
         <path>.\</path>
         <kind>object</kind>
         <file>uart-interrupt.obj</file>
         <name>uart-interrupt.obj</name>
      </input_file>
      <input_file id="fl-12">
         <kind>object</kind>
         <file>&lt;internal&gt;</file>
         <name>&lt;internal&gt;</name>
      </input_file>
      <input_file id="fl-c8">
         <path>C:\ti\ccs1200\ccs\tools\compiler\ti-cgt-arm_20.2.6.LTS\lib\</path>
         <kind>archive</kind>
         <file>rtsv7M4_T_le_v4SPD16_eabi.lib</file>
         <name>e_pow.c.obj</name>
      </input_file>
      <input_file id="fl-c9">
         <path>C:\ti\ccs1200\ccs\tools\compiler\ti-cgt-arm_20.2.6.LTS\lib\</path>
         <kind>archive</kind>
         <file>rtsv7M4_T_le_v4SPD16_eabi.lib</file>
         <name>e_sqrt.c.obj</name>
      </input_file>
      <input_file id="fl-ca">
         <path>C:\ti\ccs1200\ccs\tools\compiler\ti-cgt-arm_20.2.6.LTS\lib\</path>
         <kind>archive</kind>
         <file>rtsv7M4_T_le_v4SPD16_eabi.lib</file>
         <name>s_atan.c.obj</name>
      </input_file>
      <input_file id="fl-cb">
         <path>C:\ti\ccs1200\ccs\tools\compiler\ti-cgt-arm_20.2.6.LTS\lib\</path>
         <kind>archive</kind>
         <file>rtsv7M4_T_le_v4SPD16_eabi.lib</file>
         <name>s_cos.c.obj</name>
      </input_file>
      <input_file id="fl-cc">
         <path>C:\ti\ccs1200\ccs\tools\compiler\ti-cgt-arm_20.2.6.LTS\lib\</path>
         <kind>archive</kind>
         <file>rtsv7M4_T_le_v4SPD16_eabi.lib</file>
         <name>s_scalbn.c.obj</name>
      </input_file>
      <input_file id="fl-cd">
         <path>C:\ti\ccs1200\ccs\tools\compiler\ti-cgt-arm_20.2.6.LTS\lib\</path>
         <kind>archive</kind>
         <file>rtsv7M4_T_le_v4SPD16_eabi.lib</file>
         <name>s_sin.c.obj</name>
      </input_file>
      <input_file id="fl-ce">
         <path>C:\ti\ccs1200\ccs\tools\compiler\ti-cgt-arm_20.2.6.LTS\lib\</path>
         <kind>archive</kind>
         <file>rtsv7M4_T_le_v4SPD16_eabi.lib</file>
         <name>s_tan.c.obj</name>
      </input_file>
      <input_file id="fl-cf">
         <path>C:\ti\ccs1200\ccs\tools\compiler\ti-cgt-arm_20.2.6.LTS\lib\</path>
         <kind>archive</kind>
         <file>rtsv7M4_T_le_v4SPD16_eabi.lib</file>
         <name>s_copysign.c.obj</name>
      </input_file>
      <input_file id="fl-d0">
         <path>C:\ti\ccs1200\ccs\tools\compiler\ti-cgt-arm_20.2.6.LTS\lib\</path>
         <kind>archive</kind>
         <file>rtsv7M4_T_le_v4SPD16_eabi.lib</file>
         <name>sprintf.c.obj</name>
      </input_file>
      <input_file id="fl-d1">
         <path>C:\ti\ccs1200\ccs\tools\compiler\ti-cgt-arm_20.2.6.LTS\lib\</path>
         <kind>archive</kind>
         <file>rtsv7M4_T_le_v4SPD16_eabi.lib</file>
         <name>vsnprintf.c.obj</name>
      </input_file>
      <input_file id="fl-d2">
         <path>C:\ti\ccs1200\ccs\tools\compiler\ti-cgt-arm_20.2.6.LTS\lib\</path>
         <kind>archive</kind>
         <file>rtsv7M4_T_le_v4SPD16_eabi.lib</file>
         <name>fd_add_t2.asm.obj</name>
      </input_file>
      <input_file id="fl-d3">
         <path>C:\ti\ccs1200\ccs\tools\compiler\ti-cgt-arm_20.2.6.LTS\lib\</path>
         <kind>archive</kind>
         <file>rtsv7M4_T_le_v4SPD16_eabi.lib</file>
         <name>fd_cmp_t2.asm.obj</name>
      </input_file>
      <input_file id="fl-d4">
         <path>C:\ti\ccs1200\ccs\tools\compiler\ti-cgt-arm_20.2.6.LTS\lib\</path>
         <kind>archive</kind>
         <file>rtsv7M4_T_le_v4SPD16_eabi.lib</file>
         <name>fd_div_t2.asm.obj</name>
      </input_file>
      <input_file id="fl-d5">
         <path>C:\ti\ccs1200\ccs\tools\compiler\ti-cgt-arm_20.2.6.LTS\lib\</path>
         <kind>archive</kind>
         <file>rtsv7M4_T_le_v4SPD16_eabi.lib</file>
         <name>fd_mul_t2.asm.obj</name>
      </input_file>
      <input_file id="fl-d6">
         <path>C:\ti\ccs1200\ccs\tools\compiler\ti-cgt-arm_20.2.6.LTS\lib\</path>
         <kind>archive</kind>
         <file>rtsv7M4_T_le_v4SPD16_eabi.lib</file>
         <name>fd_toi_t2.asm.obj</name>
      </input_file>
      <input_file id="fl-d7">
         <path>C:\ti\ccs1200\ccs\tools\compiler\ti-cgt-arm_20.2.6.LTS\lib\</path>
         <kind>archive</kind>
         <file>rtsv7M4_T_le_v4SPD16_eabi.lib</file>
         <name>fd_tos_t2.asm.obj</name>
      </input_file>
      <input_file id="fl-d8">
         <path>C:\ti\ccs1200\ccs\tools\compiler\ti-cgt-arm_20.2.6.LTS\lib\</path>
         <kind>archive</kind>
         <file>rtsv7M4_T_le_v4SPD16_eabi.lib</file>
         <name>fd_tou_t2.asm.obj</name>
      </input_file>
      <input_file id="fl-d9">
         <path>C:\ti\ccs1200\ccs\tools\compiler\ti-cgt-arm_20.2.6.LTS\lib\</path>
         <kind>archive</kind>
         <file>rtsv7M4_T_le_v4SPD16_eabi.lib</file>
         <name>fs_tod_t2.asm.obj</name>
      </input_file>
      <input_file id="fl-da">
         <path>C:\ti\ccs1200\ccs\tools\compiler\ti-cgt-arm_20.2.6.LTS\lib\</path>
         <kind>archive</kind>
         <file>rtsv7M4_T_le_v4SPD16_eabi.lib</file>
         <name>i_tofd_t2.asm.obj</name>
      </input_file>
      <input_file id="fl-db">
         <path>C:\ti\ccs1200\ccs\tools\compiler\ti-cgt-arm_20.2.6.LTS\lib\</path>
         <kind>archive</kind>
         <file>rtsv7M4_T_le_v4SPD16_eabi.lib</file>
         <name>memcpy_t2.asm.obj</name>
      </input_file>
      <input_file id="fl-dc">
         <path>C:\ti\ccs1200\ccs\tools\compiler\ti-cgt-arm_20.2.6.LTS\lib\</path>
         <kind>archive</kind>
         <file>rtsv7M4_T_le_v4SPD16_eabi.lib</file>
         <name>u_tofd_t2.asm.obj</name>
      </input_file>
      <input_file id="fl-dd">
         <path>C:\ti\ccs1200\ccs\tools\compiler\ti-cgt-arm_20.2.6.LTS\lib\</path>
         <kind>archive</kind>
         <file>rtsv7M4_T_le_v4SPD16_eabi.lib</file>
         <name>memset_t2.asm.obj</name>
      </input_file>
      <input_file id="fl-de">
         <path>C:\ti\ccs1200\ccs\tools\compiler\ti-cgt-arm_20.2.6.LTS\lib\</path>
         <kind>archive</kind>
         <file>rtsv7M4_T_le_v4SPD16_eabi.lib</file>
         <name>copy_zero_init.c.obj</name>
      </input_file>
      <input_file id="fl-df">
         <path>C:\ti\ccs1200\ccs\tools\compiler\ti-cgt-arm_20.2.6.LTS\lib\</path>
         <kind>archive</kind>
         <file>rtsv7M4_T_le_v4SPD16_eabi.lib</file>
         <name>copy_decompress_none.c.obj</name>
      </input_file>
      <input_file id="fl-e0">
         <path>C:\ti\ccs1200\ccs\tools\compiler\ti-cgt-arm_20.2.6.LTS\lib\</path>
         <kind>archive</kind>
         <file>rtsv7M4_T_le_v4SPD16_eabi.lib</file>
         <name>copy_decompress_lzss.c.obj</name>
      </input_file>
      <input_file id="fl-e1">
         <path>C:\ti\ccs1200\ccs\tools\compiler\ti-cgt-arm_20.2.6.LTS\lib\</path>
         <kind>archive</kind>
         <file>rtsv7M4_T_le_v4SPD16_eabi.lib</file>
         <name>k_rem_pio2.c.obj</name>
      </input_file>
      <input_file id="fl-e2">
         <path>C:\ti\ccs1200\ccs\tools\compiler\ti-cgt-arm_20.2.6.LTS\lib\</path>
         <kind>archive</kind>
         <file>rtsv7M4_T_le_v4SPD16_eabi.lib</file>
         <name>atof.c.obj</name>
      </input_file>
      <input_file id="fl-e3">
         <path>C:\ti\ccs1200\ccs\tools\compiler\ti-cgt-arm_20.2.6.LTS\lib\</path>
         <kind>archive</kind>
         <file>rtsv7M4_T_le_v4SPD16_eabi.lib</file>
         <name>memory.c.obj</name>
      </input_file>
      <input_file id="fl-e4">
         <path>C:\ti\ccs1200\ccs\tools\compiler\ti-cgt-arm_20.2.6.LTS\lib\</path>
         <kind>archive</kind>
         <file>rtsv7M4_T_le_v4SPD16_eabi.lib</file>
         <name>strcmp.c.obj</name>
      </input_file>
      <input_file id="fl-e5">
         <path>C:\ti\ccs1200\ccs\tools\compiler\ti-cgt-arm_20.2.6.LTS\lib\</path>
         <kind>archive</kind>
         <file>rtsv7M4_T_le_v4SPD16_eabi.lib</file>
         <name>strcpy.c.obj</name>
      </input_file>
      <input_file id="fl-e6">
         <path>C:\ti\ccs1200\ccs\tools\compiler\ti-cgt-arm_20.2.6.LTS\lib\</path>
         <kind>archive</kind>
         <file>rtsv7M4_T_le_v4SPD16_eabi.lib</file>
         <name>strtod.c.obj</name>
      </input_file>
      <input_file id="fl-e7">
         <path>C:\ti\ccs1200\ccs\tools\compiler\ti-cgt-arm_20.2.6.LTS\lib\</path>
         <kind>archive</kind>
         <file>rtsv7M4_T_le_v4SPD16_eabi.lib</file>
         <name>errno.c.obj</name>
      </input_file>
      <input_file id="fl-e8">
         <path>C:\ti\ccs1200\ccs\tools\compiler\ti-cgt-arm_20.2.6.LTS\lib\</path>
         <kind>archive</kind>
         <file>rtsv7M4_T_le_v4SPD16_eabi.lib</file>
         <name>boot_cortex_m.c.obj</name>
      </input_file>
      <input_file id="fl-e9">
         <path>C:\ti\ccs1200\ccs\tools\compiler\ti-cgt-arm_20.2.6.LTS\lib\</path>
         <kind>archive</kind>
         <file>rtsv7M4_T_le_v4SPD16_eabi.lib</file>
         <name>k_cos.c.obj</name>
      </input_file>
      <input_file id="fl-ea">
         <path>C:\ti\ccs1200\ccs\tools\compiler\ti-cgt-arm_20.2.6.LTS\lib\</path>
         <kind>archive</kind>
         <file>rtsv7M4_T_le_v4SPD16_eabi.lib</file>
         <name>k_sin.c.obj</name>
      </input_file>
      <input_file id="fl-eb">
         <path>C:\ti\ccs1200\ccs\tools\compiler\ti-cgt-arm_20.2.6.LTS\lib\</path>
         <kind>archive</kind>
         <file>rtsv7M4_T_le_v4SPD16_eabi.lib</file>
         <name>k_tan.c.obj</name>
      </input_file>
      <input_file id="fl-ec">
         <path>C:\ti\ccs1200\ccs\tools\compiler\ti-cgt-arm_20.2.6.LTS\lib\</path>
         <kind>archive</kind>
         <file>rtsv7M4_T_le_v4SPD16_eabi.lib</file>
         <name>s_floor.c.obj</name>
      </input_file>
      <input_file id="fl-ed">
         <path>C:\ti\ccs1200\ccs\tools\compiler\ti-cgt-arm_20.2.6.LTS\lib\</path>
         <kind>archive</kind>
         <file>rtsv7M4_T_le_v4SPD16_eabi.lib</file>
         <name>_printfi.c.obj</name>
      </input_file>
      <input_file id="fl-ee">
         <path>C:\ti\ccs1200\ccs\tools\compiler\ti-cgt-arm_20.2.6.LTS\lib\</path>
         <kind>archive</kind>
         <file>rtsv7M4_T_le_v4SPD16_eabi.lib</file>
         <name>ull_div_t2.asm.obj</name>
      </input_file>
      <input_file id="fl-ef">
         <path>C:\ti\ccs1200\ccs\tools\compiler\ti-cgt-arm_20.2.6.LTS\lib\</path>
         <kind>archive</kind>
         <file>rtsv7M4_T_le_v4SPD16_eabi.lib</file>
         <name>autoinit.c.obj</name>
      </input_file>
      <input_file id="fl-f0">
         <path>C:\ti\ccs1200\ccs\tools\compiler\ti-cgt-arm_20.2.6.LTS\lib\</path>
         <kind>archive</kind>
         <file>rtsv7M4_T_le_v4SPD16_eabi.lib</file>
         <name>pre_init.c.obj</name>
      </input_file>
      <input_file id="fl-f1">
         <path>C:\ti\ccs1200\ccs\tools\compiler\ti-cgt-arm_20.2.6.LTS\lib\</path>
         <kind>archive</kind>
         <file>rtsv7M4_T_le_v4SPD16_eabi.lib</file>
         <name>cpy_tbl.c.obj</name>
      </input_file>
      <input_file id="fl-f2">
         <path>C:\ti\ccs1200\ccs\tools\compiler\ti-cgt-arm_20.2.6.LTS\lib\</path>
         <kind>archive</kind>
         <file>rtsv7M4_T_le_v4SPD16_eabi.lib</file>
         <name>exit.c.obj</name>
      </input_file>
      <input_file id="fl-f3">
         <path>C:\ti\ccs1200\ccs\tools\compiler\ti-cgt-arm_20.2.6.LTS\lib\</path>
         <kind>archive</kind>
         <file>rtsv7M4_T_le_v4SPD16_eabi.lib</file>
         <name>_lock.c.obj</name>
      </input_file>
      <input_file id="fl-f4">
         <path>C:\ti\ccs1200\ccs\tools\compiler\ti-cgt-arm_20.2.6.LTS\lib\</path>
         <kind>archive</kind>
         <file>rtsv7M4_T_le_v4SPD16_eabi.lib</file>
         <name>_ltoa.c.obj</name>
      </input_file>
      <input_file id="fl-f5">
         <path>C:\ti\ccs1200\ccs\tools\compiler\ti-cgt-arm_20.2.6.LTS\lib\</path>
         <kind>archive</kind>
         <file>rtsv7M4_T_le_v4SPD16_eabi.lib</file>
         <name>args_main.c.obj</name>
      </input_file>
      <input_file id="fl-f6">
         <path>C:\ti\ccs1200\ccs\tools\compiler\ti-cgt-arm_20.2.6.LTS\lib\</path>
         <kind>archive</kind>
         <file>rtsv7M4_T_le_v4SPD16_eabi.lib</file>
         <name>atoi.c.obj</name>
      </input_file>
      <input_file id="fl-f7">
         <path>C:\ti\ccs1200\ccs\tools\compiler\ti-cgt-arm_20.2.6.LTS\lib\</path>
         <kind>archive</kind>
         <file>rtsv7M4_T_le_v4SPD16_eabi.lib</file>
         <name>ctype.c.obj</name>
      </input_file>
      <input_file id="fl-f8">
         <path>C:\ti\ccs1200\ccs\tools\compiler\ti-cgt-arm_20.2.6.LTS\lib\</path>
         <kind>archive</kind>
         <file>rtsv7M4_T_le_v4SPD16_eabi.lib</file>
         <name>memccpy.c.obj</name>
      </input_file>
      <input_file id="fl-f9">
         <path>C:\ti\ccs1200\ccs\tools\compiler\ti-cgt-arm_20.2.6.LTS\lib\</path>
         <kind>archive</kind>
         <file>rtsv7M4_T_le_v4SPD16_eabi.lib</file>
         <name>strchr.c.obj</name>
      </input_file>
      <input_file id="fl-fa">
         <path>C:\ti\ccs1200\ccs\tools\compiler\ti-cgt-arm_20.2.6.LTS\lib\</path>
         <kind>archive</kind>
         <file>rtsv7M4_T_le_v4SPD16_eabi.lib</file>
         <name>strlen.c.obj</name>
      </input_file>
      <input_file id="fl-fb">
         <path>C:\ti\ccs1200\ccs\tools\compiler\ti-cgt-arm_20.2.6.LTS\lib\</path>
         <kind>archive</kind>
         <file>rtsv7M4_T_le_v4SPD16_eabi.lib</file>
         <name>s_frexp.c.obj</name>
      </input_file>
      <input_file id="fl-fc">
         <path>C:\ti\ccs1200\ccs\tools\compiler\ti-cgt-arm_20.2.6.LTS\lib\</path>
         <kind>archive</kind>
         <file>rtsv7M4_T_le_v4SPD16_eabi.lib</file>
         <name>wcslen.c.obj</name>
      </input_file>
      <input_file id="fl-fd">
         <path>C:\ti\ccs1200\ccs\tools\compiler\ti-cgt-arm_20.2.6.LTS\lib\</path>
         <kind>archive</kind>
         <file>rtsv7M4_T_le_v4SPD16_eabi.lib</file>
         <name>div0.asm.obj</name>
      </input_file>
      <input_file id="fl-fe">
         <path>C:\ti\TivaWare_C_Series-2.2.0.295\driverlib\ccs\Debug\</path>
         <kind>archive</kind>
         <file>driverlib.lib</file>
         <name>interrupt.obj</name>
      </input_file>
      <input_file id="fl-ff">
         <path>C:\ti\TivaWare_C_Series-2.2.0.295\driverlib\ccs\Debug\</path>
         <kind>archive</kind>
         <file>driverlib.lib</file>
         <name>cpu.obj</name>
      </input_file>
   </input_file_list>
   <object_component_list>
      <object_component id="oc-12">
         <name>.intvecs</name>
         <load_address>0x0</load_address>
         <run_address>0x0</run_address>
         <size>0x26c</size>
         <input_file_ref idref="fl-c"/>
      </object_component>
      <object_component id="oc-f4">
         <name>.text</name>
         <load_address>0x26c</load_address>
         <run_address>0x26c</run_address>
         <size>0xcc8</size>
         <input_file_ref idref="fl-b"/>
      </object_component>
      <object_component id="oc-e2">
         <name>.text</name>
         <load_address>0xf34</load_address>
         <run_address>0xf34</run_address>
         <size>0xc20</size>
         <input_file_ref idref="fl-9"/>
      </object_component>
      <object_component id="oc-1d0">
         <name>.text:__TI_printfi</name>
         <load_address>0x1b54</load_address>
         <run_address>0x1b54</run_address>
         <size>0xa4e</size>
         <input_file_ref idref="fl-ed"/>
      </object_component>
      <object_component id="oc-37a">
         <name>.text:_nop</name>
         <load_address>0x25a2</load_address>
         <run_address>0x25a2</run_address>
         <size>0x2</size>
         <input_file_ref idref="fl-f3"/>
      </object_component>
      <object_component id="oc-202">
         <name>.text:pow</name>
         <load_address>0x25a4</load_address>
         <run_address>0x25a4</run_address>
         <size>0x9d0</size>
         <input_file_ref idref="fl-c8"/>
      </object_component>
      <object_component id="oc-342">
         <name>.text:__kernel_rem_pio2</name>
         <load_address>0x2f74</load_address>
         <run_address>0x2f74</run_address>
         <size>0x738</size>
         <input_file_ref idref="fl-e1"/>
      </object_component>
      <object_component id="oc-217">
         <name>.text:sin</name>
         <load_address>0x36ac</load_address>
         <run_address>0x36ac</run_address>
         <size>0x5e0</size>
         <input_file_ref idref="fl-cd"/>
      </object_component>
      <object_component id="oc-211">
         <name>.text:cos</name>
         <load_address>0x3c8c</load_address>
         <run_address>0x3c8c</run_address>
         <size>0x5dc</size>
         <input_file_ref idref="fl-cb"/>
      </object_component>
      <object_component id="oc-208">
         <name>.text:tan</name>
         <load_address>0x4268</load_address>
         <run_address>0x4268</run_address>
         <size>0x508</size>
         <input_file_ref idref="fl-ce"/>
      </object_component>
      <object_component id="oc-236">
         <name>.text:strtod</name>
         <load_address>0x4770</load_address>
         <run_address>0x4770</run_address>
         <size>0x460</size>
         <input_file_ref idref="fl-e6"/>
      </object_component>
      <object_component id="oc-ff">
         <name>.text</name>
         <load_address>0x4bd0</load_address>
         <run_address>0x4bd0</run_address>
         <size>0x380</size>
         <input_file_ref idref="fl-8"/>
      </object_component>
      <object_component id="oc-dc">
         <name>.text</name>
         <load_address>0x4f50</load_address>
         <run_address>0x4f50</run_address>
         <size>0x328</size>
         <input_file_ref idref="fl-6"/>
      </object_component>
      <object_component id="oc-348">
         <name>.text:__kernel_tan</name>
         <load_address>0x5278</load_address>
         <run_address>0x5278</run_address>
         <size>0x31c</size>
         <input_file_ref idref="fl-eb"/>
      </object_component>
      <object_component id="oc-21d">
         <name>.text:atan</name>
         <load_address>0x5594</load_address>
         <run_address>0x5594</run_address>
         <size>0x2ec</size>
         <input_file_ref idref="fl-ca"/>
      </object_component>
      <object_component id="oc-a2">
         <name>.text</name>
         <load_address>0x5880</load_address>
         <run_address>0x5880</run_address>
         <size>0x284</size>
         <input_file_ref idref="fl-7"/>
      </object_component>
      <object_component id="oc-2e4">
         <name>.text:_pconv_a</name>
         <load_address>0x5b04</load_address>
         <run_address>0x5b04</run_address>
         <size>0x270</size>
         <input_file_ref idref="fl-ed"/>
      </object_component>
      <object_component id="oc-1f0">
         <name>.text</name>
         <load_address>0x5d74</load_address>
         <run_address>0x5d74</run_address>
         <size>0x25c</size>
         <input_file_ref idref="fl-a"/>
      </object_component>
      <object_component id="oc-d6">
         <name>.text</name>
         <load_address>0x5fd0</load_address>
         <run_address>0x5fd0</run_address>
         <size>0x248</size>
         <input_file_ref idref="fl-4"/>
      </object_component>
      <object_component id="oc-e8">
         <name>.text</name>
         <load_address>0x6218</load_address>
         <run_address>0x6218</run_address>
         <size>0x1d4</size>
         <input_file_ref idref="fl-d"/>
      </object_component>
      <object_component id="oc-2d2">
         <name>.text:_pconv_g</name>
         <load_address>0x63ec</load_address>
         <run_address>0x63ec</run_address>
         <size>0x1d0</size>
         <input_file_ref idref="fl-ed"/>
      </object_component>
      <object_component id="oc-110">
         <name>.text</name>
         <load_address>0x65bc</load_address>
         <run_address>0x65bc</run_address>
         <size>0x1b6</size>
         <input_file_ref idref="fl-d2"/>
      </object_component>
      <object_component id="oc-468">
         <name>.text</name>
         <load_address>0x6772</load_address>
         <run_address>0x6772</run_address>
         <size>0x2</size>
         <input_file_ref idref="fl-fd"/>
      </object_component>
      <object_component id="oc-10a">
         <name>.text</name>
         <load_address>0x6774</load_address>
         <run_address>0x6774</run_address>
         <size>0x19c</size>
         <input_file_ref idref="fl-2"/>
      </object_component>
      <object_component id="oc-1ea">
         <name>.text</name>
         <load_address>0x6910</load_address>
         <run_address>0x6910</run_address>
         <size>0x178</size>
         <input_file_ref idref="fl-3"/>
      </object_component>
      <object_component id="oc-358">
         <name>.text:__kernel_sin</name>
         <load_address>0x6a88</load_address>
         <run_address>0x6a88</run_address>
         <size>0x174</size>
         <input_file_ref idref="fl-ea"/>
      </object_component>
      <object_component id="oc-352">
         <name>.text:__kernel_cos</name>
         <load_address>0x6bfc</load_address>
         <run_address>0x6bfc</run_address>
         <size>0x170</size>
         <input_file_ref idref="fl-e9"/>
      </object_component>
      <object_component id="oc-223">
         <name>.text:sqrt</name>
         <load_address>0x6d6c</load_address>
         <run_address>0x6d6c</run_address>
         <size>0x158</size>
         <input_file_ref idref="fl-c9"/>
      </object_component>
      <object_component id="oc-2de">
         <name>.text:_pconv_e</name>
         <load_address>0x6ec4</load_address>
         <run_address>0x6ec4</run_address>
         <size>0x13c</size>
         <input_file_ref idref="fl-ed"/>
      </object_component>
      <object_component id="oc-1b9">
         <name>.text</name>
         <load_address>0x7000</load_address>
         <run_address>0x7000</run_address>
         <size>0x136</size>
         <input_file_ref idref="fl-d4"/>
      </object_component>
      <object_component id="oc-3d2">
         <name>.text:fcvt</name>
         <load_address>0x7138</load_address>
         <run_address>0x7138</run_address>
         <size>0x124</size>
         <input_file_ref idref="fl-ed"/>
      </object_component>
      <object_component id="oc-32f">
         <name>.text:scalbn</name>
         <load_address>0x725c</load_address>
         <run_address>0x725c</run_address>
         <size>0x110</size>
         <input_file_ref idref="fl-cc"/>
      </object_component>
      <object_component id="oc-30c">
         <name>.text:aligned_alloc</name>
         <load_address>0x736c</load_address>
         <run_address>0x736c</run_address>
         <size>0x100</size>
         <input_file_ref idref="fl-e3"/>
      </object_component>
      <object_component id="oc-1b4">
         <name>.text</name>
         <load_address>0x746c</load_address>
         <run_address>0x746c</run_address>
         <size>0xfc</size>
         <input_file_ref idref="fl-d5"/>
      </object_component>
      <object_component id="oc-42b">
         <name>.text:floor</name>
         <load_address>0x7568</load_address>
         <run_address>0x7568</run_address>
         <size>0xf8</size>
         <input_file_ref idref="fl-ec"/>
      </object_component>
      <object_component id="oc-19e">
         <name>.text:free</name>
         <load_address>0x7660</load_address>
         <run_address>0x7660</run_address>
         <size>0xe4</size>
         <input_file_ref idref="fl-e3"/>
      </object_component>
      <object_component id="oc-2cc">
         <name>.text:_ltostr</name>
         <load_address>0x7744</load_address>
         <run_address>0x7744</run_address>
         <size>0xb1</size>
         <input_file_ref idref="fl-ed"/>
      </object_component>
      <object_component id="oc-1fc">
         <name>.text</name>
         <load_address>0x77f8</load_address>
         <run_address>0x77f8</run_address>
         <size>0xac</size>
         <input_file_ref idref="fl-5"/>
      </object_component>
      <object_component id="oc-3e">
         <name>.text</name>
         <load_address>0x78a4</load_address>
         <run_address>0x78a4</run_address>
         <size>0x9c</size>
         <input_file_ref idref="fl-db"/>
      </object_component>
      <object_component id="oc-3b9">
         <name>.text</name>
         <load_address>0x7940</load_address>
         <run_address>0x7940</run_address>
         <size>0x96</size>
         <input_file_ref idref="fl-ee"/>
      </object_component>
      <object_component id="oc-22c">
         <name>.text:__aeabi_cdcmple</name>
         <load_address>0x79d6</load_address>
         <run_address>0x79d6</run_address>
         <size>0x86</size>
         <input_file_ref idref="fl-d3"/>
      </object_component>
      <object_component id="oc-32a">
         <name>.text:__aeabi_cdrcmple</name>
         <load_address>0x7a5c</load_address>
         <run_address>0x7a5c</run_address>
         <size>0x86</size>
         <input_file_ref idref="fl-d3"/>
      </object_component>
      <object_component id="oc-96">
         <name>.text</name>
         <load_address>0x7ae2</load_address>
         <run_address>0x7ae2</run_address>
         <size>0x7a</size>
         <input_file_ref idref="fl-dd"/>
      </object_component>
      <object_component id="oc-407">
         <name>.text:split</name>
         <load_address>0x7b5c</load_address>
         <run_address>0x7b5c</run_address>
         <size>0x70</size>
         <input_file_ref idref="fl-e3"/>
      </object_component>
      <object_component id="oc-3cb">
         <name>.text:_mcpy</name>
         <load_address>0x7bcc</load_address>
         <run_address>0x7bcc</run_address>
         <size>0x6e</size>
         <input_file_ref idref="fl-ed"/>
      </object_component>
      <object_component id="oc-105">
         <name>.text</name>
         <load_address>0x7c3a</load_address>
         <run_address>0x7c3a</run_address>
         <size>0x6e</size>
         <input_file_ref idref="fl-d7"/>
      </object_component>
      <object_component id="oc-15">
         <name>.text:decompress:lzss:__TI_decompress_lzss</name>
         <load_address>0x7ca8</load_address>
         <run_address>0x7ca8</run_address>
         <size>0x68</size>
         <input_file_ref idref="fl-e0"/>
      </object_component>
      <object_component id="oc-3e0">
         <name>.text:frexp</name>
         <load_address>0x7d10</load_address>
         <run_address>0x7d10</run_address>
         <size>0x64</size>
         <input_file_ref idref="fl-fb"/>
      </object_component>
      <object_component id="oc-2d8">
         <name>.text:_pconv_f</name>
         <load_address>0x7d74</load_address>
         <run_address>0x7d74</run_address>
         <size>0x56</size>
         <input_file_ref idref="fl-ed"/>
      </object_component>
      <object_component id="oc-3bf">
         <name>.text:__TI_ltoa</name>
         <load_address>0x7dca</load_address>
         <run_address>0x7dca</run_address>
         <size>0x54</size>
         <input_file_ref idref="fl-f4"/>
      </object_component>
      <object_component id="oc-3c5">
         <name>.text:_ecpy</name>
         <load_address>0x7e1e</load_address>
         <run_address>0x7e1e</run_address>
         <size>0x52</size>
         <input_file_ref idref="fl-ed"/>
      </object_component>
      <object_component id="oc-2c6">
         <name>.text:atoi</name>
         <load_address>0x7e70</load_address>
         <run_address>0x7e70</run_address>
         <size>0x4c</size>
         <input_file_ref idref="fl-f6"/>
      </object_component>
      <object_component id="oc-33d">
         <name>.text</name>
         <load_address>0x7ebc</load_address>
         <run_address>0x7ebc</run_address>
         <size>0x48</size>
         <input_file_ref idref="fl-d6"/>
      </object_component>
      <object_component id="oc-12f">
         <name>.text:__TI_auto_init_nobinit_nopinit:__TI_auto_init_nobinit_nopinit</name>
         <load_address>0x7f04</load_address>
         <run_address>0x7f04</run_address>
         <size>0x44</size>
         <input_file_ref idref="fl-ef"/>
      </object_component>
      <object_component id="oc-318">
         <name>.text</name>
         <load_address>0x7f48</load_address>
         <run_address>0x7f48</run_address>
         <size>0x44</size>
         <input_file_ref idref="fl-d8"/>
      </object_component>
      <object_component id="oc-ee">
         <name>.text:sprintf</name>
         <load_address>0x7f8c</load_address>
         <run_address>0x7f8c</run_address>
         <size>0x40</size>
         <input_file_ref idref="fl-d0"/>
      </object_component>
      <object_component id="oc-17c">
         <name>.text:vsnprintf</name>
         <load_address>0x7fcc</load_address>
         <run_address>0x7fcc</run_address>
         <size>0x40</size>
         <input_file_ref idref="fl-d1"/>
      </object_component>
      <object_component id="oc-3d8">
         <name>.text:_fcpy</name>
         <load_address>0x800c</load_address>
         <run_address>0x800c</run_address>
         <size>0x3e</size>
         <input_file_ref idref="fl-ed"/>
      </object_component>
      <object_component id="oc-198">
         <name>.text:calloc</name>
         <load_address>0x804c</load_address>
         <run_address>0x804c</run_address>
         <size>0x38</size>
         <input_file_ref idref="fl-e3"/>
      </object_component>
      <object_component id="oc-fa">
         <name>.text</name>
         <load_address>0x8084</load_address>
         <run_address>0x8084</run_address>
         <size>0x38</size>
         <input_file_ref idref="fl-d9"/>
      </object_component>
      <object_component id="oc-168">
         <name>.text:IntRegister</name>
         <load_address>0x80bc</load_address>
         <run_address>0x80bc</run_address>
         <size>0x34</size>
         <input_file_ref idref="fl-fe"/>
      </object_component>
      <object_component id="oc-5c">
         <name>.text:_c_int00_noargs:_c_int00_noargs</name>
         <load_address>0x80f0</load_address>
         <run_address>0x80f0</run_address>
         <size>0x34</size>
         <input_file_ref idref="fl-e8"/>
      </object_component>
      <object_component id="oc-27d">
         <name>.text:_outs</name>
         <load_address>0x8124</load_address>
         <run_address>0x8124</run_address>
         <size>0x30</size>
         <input_file_ref idref="fl-d1"/>
      </object_component>
      <object_component id="oc-1be">
         <name>.text</name>
         <load_address>0x8154</load_address>
         <run_address>0x8154</run_address>
         <size>0x2e</size>
         <input_file_ref idref="fl-da"/>
      </object_component>
      <object_component id="oc-2a7">
         <name>.text:free_list_insert</name>
         <load_address>0x8184</load_address>
         <run_address>0x8184</run_address>
         <size>0x28</size>
         <input_file_ref idref="fl-e3"/>
      </object_component>
      <object_component id="oc-313">
         <name>.text</name>
         <load_address>0x81ac</load_address>
         <run_address>0x81ac</run_address>
         <size>0x20</size>
         <input_file_ref idref="fl-dc"/>
      </object_component>
      <object_component id="oc-4a">
         <name>.text:decompress:ZI:__TI_zero_init_nomemset:__TI_zero_init_nomemset</name>
         <load_address>0x81cc</load_address>
         <run_address>0x81cc</run_address>
         <size>0x1c</size>
         <input_file_ref idref="fl-de"/>
      </object_component>
      <object_component id="oc-2a1">
         <name>.text:free_list_remove</name>
         <load_address>0x81e8</load_address>
         <run_address>0x81e8</run_address>
         <size>0x1c</size>
         <input_file_ref idref="fl-e3"/>
      </object_component>
      <object_component id="oc-2ea">
         <name>.text:memccpy</name>
         <load_address>0x8204</load_address>
         <run_address>0x8204</run_address>
         <size>0x1c</size>
         <input_file_ref idref="fl-f8"/>
      </object_component>
      <object_component id="oc-416">
         <name>.text:copysign</name>
         <load_address>0x8220</load_address>
         <run_address>0x8220</run_address>
         <size>0x1a</size>
         <input_file_ref idref="fl-cf"/>
      </object_component>
      <object_component id="oc-283">
         <name>.text:_outc</name>
         <load_address>0x823a</load_address>
         <run_address>0x823a</run_address>
         <size>0x18</size>
         <input_file_ref idref="fl-d1"/>
      </object_component>
      <object_component id="oc-1d6">
         <name>.text:_outs</name>
         <load_address>0x8252</load_address>
         <run_address>0x8252</run_address>
         <size>0x18</size>
         <input_file_ref idref="fl-d0"/>
      </object_component>
      <object_component id="oc-1a4">
         <name>.text:oi_parseInt</name>
         <load_address>0x826a</load_address>
         <run_address>0x826a</run_address>
         <size>0x18</size>
         <input_file_ref idref="fl-9"/>
      </object_component>
      <object_component id="oc-182">
         <name>.text:strcmp</name>
         <load_address>0x8282</load_address>
         <run_address>0x8282</run_address>
         <size>0x18</size>
         <input_file_ref idref="fl-e4"/>
      </object_component>
      <object_component id="oc-3e6">
         <name>.text:strchr</name>
         <load_address>0x829a</load_address>
         <run_address>0x829a</run_address>
         <size>0x16</size>
         <input_file_ref idref="fl-f9"/>
      </object_component>
      <object_component id="oc-188">
         <name>.text:strcpy</name>
         <load_address>0x82b0</load_address>
         <run_address>0x82b0</run_address>
         <size>0x14</size>
         <input_file_ref idref="fl-e5"/>
      </object_component>
      <object_component id="oc-2c0">
         <name>.text:strlen</name>
         <load_address>0x82c4</load_address>
         <run_address>0x82c4</run_address>
         <size>0x14</size>
         <input_file_ref idref="fl-fa"/>
      </object_component>
      <object_component id="oc-115">
         <name>.text:atof</name>
         <load_address>0x82d8</load_address>
         <run_address>0x82d8</run_address>
         <size>0x12</size>
         <input_file_ref idref="fl-e2"/>
      </object_component>
      <object_component id="oc-2f0">
         <name>.text:wcslen</name>
         <load_address>0x82ea</load_address>
         <run_address>0x82ea</run_address>
         <size>0x12</size>
         <input_file_ref idref="fl-fc"/>
      </object_component>
      <object_component id="oc-1ab">
         <name>.text:IntMasterEnable</name>
         <load_address>0x82fc</load_address>
         <run_address>0x82fc</run_address>
         <size>0x10</size>
         <input_file_ref idref="fl-fe"/>
      </object_component>
      <object_component id="oc-175">
         <name>.text:lcd_clear</name>
         <load_address>0x830c</load_address>
         <run_address>0x830c</run_address>
         <size>0x10</size>
         <input_file_ref idref="fl-6"/>
      </object_component>
      <object_component id="oc-1b">
         <name>.text:decompress:none:__TI_decompress_none</name>
         <load_address>0x831c</load_address>
         <run_address>0x831c</run_address>
         <size>0xe</size>
         <input_file_ref idref="fl-df"/>
      </object_component>
      <object_component id="oc-2ae">
         <name>.text:CPUcpsie</name>
         <load_address>0x832a</load_address>
         <run_address>0x832a</run_address>
         <size>0xc</size>
         <input_file_ref idref="fl-ff"/>
      </object_component>
      <object_component id="oc-2a">
         <name>.text</name>
         <load_address>0x8336</load_address>
         <run_address>0x8336</run_address>
         <size>0xc</size>
         <input_file_ref idref="fl-c"/>
      </object_component>
      <object_component id="oc-1dc">
         <name>.text:_outc</name>
         <load_address>0x8342</load_address>
         <run_address>0x8342</run_address>
         <size>0xa</size>
         <input_file_ref idref="fl-d0"/>
      </object_component>
      <object_component id="oc-2f6">
         <name>.text:__aeabi_errno_addr</name>
         <load_address>0x834c</load_address>
         <run_address>0x834c</run_address>
         <size>0x8</size>
         <input_file_ref idref="fl-e7"/>
      </object_component>
      <object_component id="oc-1e4">
         <name>.text:malloc</name>
         <load_address>0x8354</load_address>
         <run_address>0x8354</run_address>
         <size>0x8</size>
         <input_file_ref idref="fl-e3"/>
      </object_component>
      <object_component id="oc-9c">
         <name>.text:_system_pre_init</name>
         <load_address>0x835c</load_address>
         <run_address>0x835c</run_address>
         <size>0x4</size>
         <input_file_ref idref="fl-f0"/>
      </object_component>
      <object_component id="oc-123">
         <name>.text:abort:abort</name>
         <load_address>0x8360</load_address>
         <run_address>0x8360</run_address>
         <size>0x4</size>
         <input_file_ref idref="fl-f2"/>
      </object_component>
      <object_component id="oc-1f6">
         <name>.const:$P$T0$1</name>
         <load_address>0x8368</load_address>
         <run_address>0x8368</run_address>
         <size>0x2d0</size>
         <input_file_ref idref="fl-b"/>
      </object_component>
      <object_component id="oc-1f9">
         <name>.const:$P$T1$2</name>
         <load_address>0x8638</load_address>
         <run_address>0x8638</run_address>
         <size>0x2d0</size>
         <input_file_ref idref="fl-b"/>
      </object_component>
      <object_component id="oc-20e">
         <name>.const:$P$T2$3</name>
         <load_address>0x8908</load_address>
         <run_address>0x8908</run_address>
         <size>0x2d0</size>
         <input_file_ref idref="fl-b"/>
      </object_component>
      <object_component id="oc-431">
         <name>.const:$O1$$</name>
         <load_address>0x8bd8</load_address>
         <run_address>0x8bd8</run_address>
         <size>0x158</size>
         <input_file_ref idref="fl-e1"/>
      </object_component>
      <object_component id="oc-36d">
         <name>.const:.string:_ctypes_</name>
         <load_address>0x8d30</load_address>
         <run_address>0x8d30</run_address>
         <size>0x101</size>
         <input_file_ref idref="fl-f7"/>
      </object_component>
      <object_component id="oc-18e">
         <name>.const:.string:lineAddress$1</name>
         <load_address>0x8e31</load_address>
         <run_address>0x8e31</run_address>
         <size>0x4</size>
         <input_file_ref idref="fl-6"/>
      </object_component>
      <object_component id="oc-370">
         <name>.const:$O1$$</name>
         <load_address>0x8e38</load_address>
         <run_address>0x8e38</run_address>
         <size>0xc8</size>
         <input_file_ref idref="fl-e6"/>
      </object_component>
      <object_component id="oc-362">
         <name>.const:$O1$$</name>
         <load_address>0x8f00</load_address>
         <run_address>0x8f00</run_address>
         <size>0x98</size>
         <input_file_ref idref="fl-ca"/>
      </object_component>
      <object_component id="oc-437">
         <name>.const:xxx</name>
         <load_address>0x8f98</load_address>
         <run_address>0x8f98</run_address>
         <size>0x80</size>
         <input_file_ref idref="fl-eb"/>
      </object_component>
      <object_component id="oc-327">
         <name>.const:$O1$$</name>
         <load_address>0x9018</load_address>
         <run_address>0x9018</run_address>
         <size>0x30</size>
         <input_file_ref idref="fl-c8"/>
      </object_component>
      <object_component id="oc-1c3">
         <name>.const:.string:$P$T0$3</name>
         <load_address>0x9048</load_address>
         <run_address>0x9048</run_address>
         <size>0xf</size>
         <input_file_ref idref="fl-9"/>
      </object_component>
      <object_component id="oc-18f">
         <name>.const:.string:lineAddresses$2</name>
         <load_address>0x9057</load_address>
         <run_address>0x9057</run_address>
         <size>0x4</size>
         <input_file_ref idref="fl-6"/>
      </object_component>
      <object_component id="oc-23e">
         <name>.const:.string</name>
         <load_address>0x905c</load_address>
         <run_address>0x905c</run_address>
         <size>0x2</size>
         <input_file_ref idref="fl-d"/>
      </object_component>
      <object_component id="oc-4dc">
         <name>.cinit..data.load</name>
         <load_address>0x9060</load_address>
         <run_address>0x9060</run_address>
         <size>0x29</size>
      </object_component>
      <object_component id="oc-4d9">
         <name>__TI_handler_table</name>
         <load_address>0x908c</load_address>
         <run_address>0x908c</run_address>
         <size>0xc</size>
      </object_component>
      <object_component id="oc-4dd">
         <name>.cinit..bss.load</name>
         <load_address>0x9098</load_address>
         <run_address>0x9098</run_address>
         <size>0x8</size>
      </object_component>
      <object_component id="oc-4db">
         <name>.cinit..vtable.load</name>
         <load_address>0x90a0</load_address>
         <run_address>0x90a0</run_address>
         <size>0x8</size>
      </object_component>
      <object_component id="oc-4da">
         <name>__TI_cinit_table</name>
         <load_address>0x90a8</load_address>
         <run_address>0x90a8</run_address>
         <size>0x18</size>
      </object_component>
      <object_component id="oc-26f">
         <name>.vtable</name>
         <uninitialized>true</uninitialized>
         <run_address>0x20000000</run_address>
         <size>0x26c</size>
         <input_file_ref idref="fl-fe"/>
      </object_component>
      <object_component id="oc-16e">
         <name>.data</name>
         <load_address>0x20002315</load_address>
         <run_address>0x20002315</run_address>
         <size>0x1</size>
         <input_file_ref idref="fl-4"/>
      </object_component>
      <object_component id="oc-11e">
         <name>.data</name>
         <load_address>0x20002328</load_address>
         <run_address>0x20002328</run_address>
         <size>0x8</size>
         <input_file_ref idref="fl-7"/>
      </object_component>
      <object_component id="oc-1b1">
         <name>.data</name>
         <load_address>0x200022e0</load_address>
         <run_address>0x200022e0</run_address>
         <size>0x20</size>
         <input_file_ref idref="fl-9"/>
      </object_component>
      <object_component id="oc-31e">
         <name>.data</name>
         <load_address>0x20002300</load_address>
         <run_address>0x20002300</run_address>
         <size>0xc</size>
         <input_file_ref idref="fl-a"/>
      </object_component>
      <object_component id="oc-11b">
         <name>.data</name>
         <load_address>0x2000230c</load_address>
         <run_address>0x2000230c</run_address>
         <size>0x9</size>
         <input_file_ref idref="fl-d"/>
      </object_component>
      <object_component id="oc-3af">
         <name>.data:$O1$$</name>
         <load_address>0x20002320</load_address>
         <run_address>0x20002320</run_address>
         <size>0x8</size>
         <input_file_ref idref="fl-e3"/>
      </object_component>
      <object_component id="oc-3f6">
         <name>.data</name>
         <load_address>0x20002330</load_address>
         <run_address>0x20002330</run_address>
         <size>0x4</size>
         <input_file_ref idref="fl-e7"/>
      </object_component>
      <object_component id="oc-253">
         <name>.data:$O1$$</name>
         <load_address>0x20002318</load_address>
         <run_address>0x20002318</run_address>
         <size>0x8</size>
         <input_file_ref idref="fl-f3"/>
      </object_component>
      <object_component id="oc-190">
         <name>.bss:lastbuffer$3</name>
         <uninitialized>true</uninitialized>
         <run_address>0x20002270</run_address>
         <size>0x54</size>
         <input_file_ref idref="fl-6"/>
      </object_component>
      <object_component id="oc-1c6">
         <name>.bss:firmware$2</name>
         <uninitialized>true</uninitialized>
         <run_address>0x200022c4</run_address>
         <size>0x18</size>
         <input_file_ref idref="fl-9"/>
      </object_component>
      <object_component id="oc-171">
         <name>.common:_timeout_ticks</name>
         <uninitialized>true</uninitialized>
         <run_address>0x200022dc</run_address>
         <size>0x4</size>
      </object_component>
      <object_component id="oc-24">
         <name>.sysmem</name>
         <uninitialized>true</uninitialized>
         <run_address>0x20001270</run_address>
         <size>0x10</size>
         <input_file_ref idref="fl-e3"/>
      </object_component>
      <object_component id="oc-4e0">
         <name>.sysmem</name>
         <uninitialized>true</uninitialized>
         <run_address>0x20001270</run_address>
         <size>0x0</size>
      </object_component>
      <object_component id="oc-27">
         <name>.stack</name>
         <uninitialized>true</uninitialized>
         <run_address>0x20000270</run_address>
         <size>0x4</size>
         <input_file_ref idref="fl-e8"/>
      </object_component>
      <object_component id="oc-4df">
         <name>.stack</name>
         <uninitialized>true</uninitialized>
         <run_address>0x20000270</run_address>
         <size>0x0</size>
      </object_component>
      <object_component id="oc-c5">
         <name>.debug_info</name>
         <load_address>0x0</load_address>
         <run_address>0x0</run_address>
         <size>0x351</size>
         <input_file_ref idref="fl-2"/>
      </object_component>
      <object_component id="oc-10c">
         <name>.debug_info</name>
         <load_address>0x351</load_address>
         <run_address>0x351</run_address>
         <size>0x3fb</size>
         <input_file_ref idref="fl-2"/>
      </object_component>
      <object_component id="oc-77">
         <name>.debug_info</name>
         <load_address>0x74c</load_address>
         <run_address>0x74c</run_address>
         <size>0x26b</size>
         <input_file_ref idref="fl-2"/>
      </object_component>
      <object_component id="oc-39">
         <name>.debug_info</name>
         <load_address>0x9b7</load_address>
         <run_address>0x9b7</run_address>
         <size>0x84</size>
         <input_file_ref idref="fl-2"/>
      </object_component>
      <object_component id="oc-c0">
         <name>.debug_info</name>
         <load_address>0xa3b</load_address>
         <run_address>0xa3b</run_address>
         <size>0x2a4</size>
         <input_file_ref idref="fl-2"/>
      </object_component>
      <object_component id="oc-7c">
         <name>.debug_info</name>
         <load_address>0xcdf</load_address>
         <run_address>0xcdf</run_address>
         <size>0xbb</size>
         <input_file_ref idref="fl-2"/>
      </object_component>
      <object_component id="oc-29b">
         <name>.debug_info</name>
         <load_address>0xd9a</load_address>
         <run_address>0xd9a</run_address>
         <size>0xcc</size>
         <input_file_ref idref="fl-2"/>
      </object_component>
      <object_component id="oc-193">
         <name>.debug_info</name>
         <load_address>0xe66</load_address>
         <run_address>0xe66</run_address>
         <size>0x2c</size>
         <input_file_ref idref="fl-2"/>
      </object_component>
      <object_component id="oc-163">
         <name>.debug_info</name>
         <load_address>0xe92</load_address>
         <run_address>0xe92</run_address>
         <size>0x35</size>
         <input_file_ref idref="fl-2"/>
      </object_component>
      <object_component id="oc-1ec">
         <name>.debug_info</name>
         <load_address>0xec7</load_address>
         <run_address>0xec7</run_address>
         <size>0x1f6</size>
         <input_file_ref idref="fl-3"/>
      </object_component>
      <object_component id="oc-172">
         <name>.debug_info</name>
         <load_address>0x10bd</load_address>
         <run_address>0x10bd</run_address>
         <size>0x2e7</size>
         <input_file_ref idref="fl-4"/>
      </object_component>
      <object_component id="oc-16f">
         <name>.debug_info</name>
         <load_address>0x13a4</load_address>
         <run_address>0x13a4</run_address>
         <size>0xf5</size>
         <input_file_ref idref="fl-4"/>
      </object_component>
      <object_component id="oc-d7">
         <name>.debug_info</name>
         <load_address>0x1499</load_address>
         <run_address>0x1499</run_address>
         <size>0x53d</size>
         <input_file_ref idref="fl-4"/>
      </object_component>
      <object_component id="oc-1fd">
         <name>.debug_info</name>
         <load_address>0x19d6</load_address>
         <run_address>0x19d6</run_address>
         <size>0x160</size>
         <input_file_ref idref="fl-5"/>
      </object_component>
      <object_component id="oc-245">
         <name>.debug_info</name>
         <load_address>0x1b36</load_address>
         <run_address>0x1b36</run_address>
         <size>0x5aa</size>
         <input_file_ref idref="fl-5"/>
      </object_component>
      <object_component id="oc-192">
         <name>.debug_info</name>
         <load_address>0x20e0</load_address>
         <run_address>0x20e0</run_address>
         <size>0x3b5</size>
         <input_file_ref idref="fl-6"/>
      </object_component>
      <object_component id="oc-177">
         <name>.debug_info</name>
         <load_address>0x2495</load_address>
         <run_address>0x2495</run_address>
         <size>0x14a</size>
         <input_file_ref idref="fl-6"/>
      </object_component>
      <object_component id="oc-de">
         <name>.debug_info</name>
         <load_address>0x25df</load_address>
         <run_address>0x25df</run_address>
         <size>0x8d6</size>
         <input_file_ref idref="fl-6"/>
      </object_component>
      <object_component id="oc-122">
         <name>.debug_info</name>
         <load_address>0x2eb5</load_address>
         <run_address>0x2eb5</run_address>
         <size>0x612</size>
         <input_file_ref idref="fl-7"/>
      </object_component>
      <object_component id="oc-11f">
         <name>.debug_info</name>
         <load_address>0x34c7</load_address>
         <run_address>0x34c7</run_address>
         <size>0xf8</size>
         <input_file_ref idref="fl-7"/>
      </object_component>
      <object_component id="oc-a3">
         <name>.debug_info</name>
         <load_address>0x35bf</load_address>
         <run_address>0x35bf</run_address>
         <size>0x702</size>
         <input_file_ref idref="fl-7"/>
      </object_component>
      <object_component id="oc-24a">
         <name>.debug_info</name>
         <load_address>0x3cc1</load_address>
         <run_address>0x3cc1</run_address>
         <size>0xd6</size>
         <input_file_ref idref="fl-7"/>
      </object_component>
      <object_component id="oc-232">
         <name>.debug_info</name>
         <load_address>0x3d97</load_address>
         <run_address>0x3d97</run_address>
         <size>0x316</size>
         <input_file_ref idref="fl-8"/>
      </object_component>
      <object_component id="oc-100">
         <name>.debug_info</name>
         <load_address>0x40ad</load_address>
         <run_address>0x40ad</run_address>
         <size>0x8e4</size>
         <input_file_ref idref="fl-8"/>
      </object_component>
      <object_component id="oc-1c8">
         <name>.debug_info</name>
         <load_address>0x4991</load_address>
         <run_address>0x4991</run_address>
         <size>0x432</size>
         <input_file_ref idref="fl-9"/>
      </object_component>
      <object_component id="oc-1b2">
         <name>.debug_info</name>
         <load_address>0x4dc3</load_address>
         <run_address>0x4dc3</run_address>
         <size>0x147</size>
         <input_file_ref idref="fl-9"/>
      </object_component>
      <object_component id="oc-1c4">
         <name>.debug_info</name>
         <load_address>0x4f0a</load_address>
         <run_address>0x4f0a</run_address>
         <size>0xfc</size>
         <input_file_ref idref="fl-9"/>
      </object_component>
      <object_component id="oc-1a5">
         <name>.debug_info</name>
         <load_address>0x5006</load_address>
         <run_address>0x5006</run_address>
         <size>0x174</size>
         <input_file_ref idref="fl-9"/>
      </object_component>
      <object_component id="oc-e3">
         <name>.debug_info</name>
         <load_address>0x517a</load_address>
         <run_address>0x517a</run_address>
         <size>0x19be</size>
         <input_file_ref idref="fl-9"/>
      </object_component>
      <object_component id="oc-1c9">
         <name>.debug_info</name>
         <load_address>0x6b38</load_address>
         <run_address>0x6b38</run_address>
         <size>0x8b</size>
         <input_file_ref idref="fl-9"/>
      </object_component>
      <object_component id="oc-412">
         <name>.debug_info</name>
         <load_address>0x6bc3</load_address>
         <run_address>0x6bc3</run_address>
         <size>0x31a</size>
         <input_file_ref idref="fl-a"/>
      </object_component>
      <object_component id="oc-31f">
         <name>.debug_info</name>
         <load_address>0x6edd</load_address>
         <run_address>0x6edd</run_address>
         <size>0x134</size>
         <input_file_ref idref="fl-a"/>
      </object_component>
      <object_component id="oc-1f4">
         <name>.debug_info</name>
         <load_address>0x7011</load_address>
         <run_address>0x7011</run_address>
         <size>0x326</size>
         <input_file_ref idref="fl-a"/>
      </object_component>
      <object_component id="oc-22a">
         <name>.debug_info</name>
         <load_address>0x7337</load_address>
         <run_address>0x7337</run_address>
         <size>0x587</size>
         <input_file_ref idref="fl-b"/>
      </object_component>
      <object_component id="oc-1f7">
         <name>.debug_info</name>
         <load_address>0x78be</load_address>
         <run_address>0x78be</run_address>
         <size>0xf4</size>
         <input_file_ref idref="fl-b"/>
      </object_component>
      <object_component id="oc-1fa">
         <name>.debug_info</name>
         <load_address>0x79b2</load_address>
         <run_address>0x79b2</run_address>
         <size>0xf4</size>
         <input_file_ref idref="fl-b"/>
      </object_component>
      <object_component id="oc-20f">
         <name>.debug_info</name>
         <load_address>0x7aa6</load_address>
         <run_address>0x7aa6</run_address>
         <size>0xf4</size>
         <input_file_ref idref="fl-b"/>
      </object_component>
      <object_component id="oc-f5">
         <name>.debug_info</name>
         <load_address>0x7b9a</load_address>
         <run_address>0x7b9a</run_address>
         <size>0xa11</size>
         <input_file_ref idref="fl-b"/>
      </object_component>
      <object_component id="oc-32">
         <name>.debug_info</name>
         <load_address>0x85ab</load_address>
         <run_address>0x85ab</run_address>
         <size>0x2d1</size>
         <input_file_ref idref="fl-c"/>
      </object_component>
      <object_component id="oc-13">
         <name>.debug_info</name>
         <load_address>0x887c</load_address>
         <run_address>0x887c</run_address>
         <size>0x110</size>
         <input_file_ref idref="fl-c"/>
      </object_component>
      <object_component id="oc-2c">
         <name>.debug_info</name>
         <load_address>0x898c</load_address>
         <run_address>0x898c</run_address>
         <size>0x28c</size>
         <input_file_ref idref="fl-c"/>
      </object_component>
      <object_component id="oc-1cf">
         <name>.debug_info</name>
         <load_address>0x8c18</load_address>
         <run_address>0x8c18</run_address>
         <size>0x2f8</size>
         <input_file_ref idref="fl-d"/>
      </object_component>
      <object_component id="oc-11c">
         <name>.debug_info</name>
         <load_address>0x8f10</load_address>
         <run_address>0x8f10</run_address>
         <size>0x1c3</size>
         <input_file_ref idref="fl-d"/>
      </object_component>
      <object_component id="oc-eb">
         <name>.debug_info</name>
         <load_address>0x90d3</load_address>
         <run_address>0x90d3</run_address>
         <size>0x467</size>
         <input_file_ref idref="fl-d"/>
      </object_component>
      <object_component id="oc-33b">
         <name>.debug_info</name>
         <load_address>0x953a</load_address>
         <run_address>0x953a</run_address>
         <size>0x35e</size>
         <input_file_ref idref="fl-c8"/>
      </object_component>
      <object_component id="oc-328">
         <name>.debug_info</name>
         <load_address>0x9898</load_address>
         <run_address>0x9898</run_address>
         <size>0x128</size>
         <input_file_ref idref="fl-c8"/>
      </object_component>
      <object_component id="oc-203">
         <name>.debug_info</name>
         <load_address>0x99c0</load_address>
         <run_address>0x99c0</run_address>
         <size>0xbf2</size>
         <input_file_ref idref="fl-c8"/>
      </object_component>
      <object_component id="oc-423">
         <name>.debug_info</name>
         <load_address>0xa5b2</load_address>
         <run_address>0xa5b2</run_address>
         <size>0x46</size>
         <input_file_ref idref="fl-c8"/>
      </object_component>
      <object_component id="oc-336">
         <name>.debug_info</name>
         <load_address>0xa5f8</load_address>
         <run_address>0xa5f8</run_address>
         <size>0x39</size>
         <input_file_ref idref="fl-c8"/>
      </object_component>
      <object_component id="oc-367">
         <name>.debug_info</name>
         <load_address>0xa631</load_address>
         <run_address>0xa631</run_address>
         <size>0x2c5</size>
         <input_file_ref idref="fl-c9"/>
      </object_component>
      <object_component id="oc-225">
         <name>.debug_info</name>
         <load_address>0xa8f6</load_address>
         <run_address>0xa8f6</run_address>
         <size>0x24e</size>
         <input_file_ref idref="fl-c9"/>
      </object_component>
      <object_component id="oc-448">
         <name>.debug_info</name>
         <load_address>0xab44</load_address>
         <run_address>0xab44</run_address>
         <size>0x2f2</size>
         <input_file_ref idref="fl-ca"/>
      </object_component>
      <object_component id="oc-363">
         <name>.debug_info</name>
         <load_address>0xae36</load_address>
         <run_address>0xae36</run_address>
         <size>0x131</size>
         <input_file_ref idref="fl-ca"/>
      </object_component>
      <object_component id="oc-220">
         <name>.debug_info</name>
         <load_address>0xaf67</load_address>
         <run_address>0xaf67</run_address>
         <size>0x4ac</size>
         <input_file_ref idref="fl-ca"/>
      </object_component>
      <object_component id="oc-35f">
         <name>.debug_info</name>
         <load_address>0xb413</load_address>
         <run_address>0xb413</run_address>
         <size>0x361</size>
         <input_file_ref idref="fl-cb"/>
      </object_component>
      <object_component id="oc-214">
         <name>.debug_info</name>
         <load_address>0xb774</load_address>
         <run_address>0xb774</run_address>
         <size>0x79b</size>
         <input_file_ref idref="fl-cb"/>
      </object_component>
      <object_component id="oc-41d">
         <name>.debug_info</name>
         <load_address>0xbf0f</load_address>
         <run_address>0xbf0f</run_address>
         <size>0x2f8</size>
         <input_file_ref idref="fl-cc"/>
      </object_component>
      <object_component id="oc-330">
         <name>.debug_info</name>
         <load_address>0xc207</load_address>
         <run_address>0xc207</run_address>
         <size>0x225</size>
         <input_file_ref idref="fl-cc"/>
      </object_component>
      <object_component id="oc-490">
         <name>.debug_info</name>
         <load_address>0xc42c</load_address>
         <run_address>0xc42c</run_address>
         <size>0x39</size>
         <input_file_ref idref="fl-cc"/>
      </object_component>
      <object_component id="oc-41e">
         <name>.debug_info</name>
         <load_address>0xc465</load_address>
         <run_address>0xc465</run_address>
         <size>0x2c</size>
         <input_file_ref idref="fl-cc"/>
      </object_component>
      <object_component id="oc-361">
         <name>.debug_info</name>
         <load_address>0xc491</load_address>
         <run_address>0xc491</run_address>
         <size>0x361</size>
         <input_file_ref idref="fl-cd"/>
      </object_component>
      <object_component id="oc-219">
         <name>.debug_info</name>
         <load_address>0xc7f2</load_address>
         <run_address>0xc7f2</run_address>
         <size>0x7ae</size>
         <input_file_ref idref="fl-cd"/>
      </object_component>
      <object_component id="oc-34f">
         <name>.debug_info</name>
         <load_address>0xcfa0</load_address>
         <run_address>0xcfa0</run_address>
         <size>0x36a</size>
         <input_file_ref idref="fl-ce"/>
      </object_component>
      <object_component id="oc-209">
         <name>.debug_info</name>
         <load_address>0xd30a</load_address>
         <run_address>0xd30a</run_address>
         <size>0x5d4</size>
         <input_file_ref idref="fl-ce"/>
      </object_component>
      <object_component id="oc-417">
         <name>.debug_info</name>
         <load_address>0xd8de</load_address>
         <run_address>0xd8de</run_address>
         <size>0x161</size>
         <input_file_ref idref="fl-cf"/>
      </object_component>
      <object_component id="oc-1e3">
         <name>.debug_info</name>
         <load_address>0xda3f</load_address>
         <run_address>0xda3f</run_address>
         <size>0x333</size>
         <input_file_ref idref="fl-d0"/>
      </object_component>
      <object_component id="oc-f0">
         <name>.debug_info</name>
         <load_address>0xdd72</load_address>
         <run_address>0xdd72</run_address>
         <size>0x1d1</size>
         <input_file_ref idref="fl-d0"/>
      </object_component>
      <object_component id="oc-1d7">
         <name>.debug_info</name>
         <load_address>0xdf43</load_address>
         <run_address>0xdf43</run_address>
         <size>0x18d</size>
         <input_file_ref idref="fl-d0"/>
      </object_component>
      <object_component id="oc-1df">
         <name>.debug_info</name>
         <load_address>0xe0d0</load_address>
         <run_address>0xe0d0</run_address>
         <size>0x16d</size>
         <input_file_ref idref="fl-d0"/>
      </object_component>
      <object_component id="oc-28b">
         <name>.debug_info</name>
         <load_address>0xe23d</load_address>
         <run_address>0xe23d</run_address>
         <size>0x2c</size>
         <input_file_ref idref="fl-d0"/>
      </object_component>
      <object_component id="oc-28a">
         <name>.debug_info</name>
         <load_address>0xe269</load_address>
         <run_address>0xe269</run_address>
         <size>0x340</size>
         <input_file_ref idref="fl-d1"/>
      </object_component>
      <object_component id="oc-17d">
         <name>.debug_info</name>
         <load_address>0xe5a9</load_address>
         <run_address>0xe5a9</run_address>
         <size>0x208</size>
         <input_file_ref idref="fl-d1"/>
      </object_component>
      <object_component id="oc-280">
         <name>.debug_info</name>
         <load_address>0xe7b1</load_address>
         <run_address>0xe7b1</run_address>
         <size>0x1c6</size>
         <input_file_ref idref="fl-d1"/>
      </object_component>
      <object_component id="oc-285">
         <name>.debug_info</name>
         <load_address>0xe977</load_address>
         <run_address>0xe977</run_address>
         <size>0x179</size>
         <input_file_ref idref="fl-d1"/>
      </object_component>
      <object_component id="oc-290">
         <name>.debug_info</name>
         <load_address>0xeaf0</load_address>
         <run_address>0xeaf0</run_address>
         <size>0x69</size>
         <input_file_ref idref="fl-d1"/>
      </object_component>
      <object_component id="oc-113">
         <name>.debug_info</name>
         <load_address>0xeb59</load_address>
         <run_address>0xeb59</run_address>
         <size>0x14c</size>
         <input_file_ref idref="fl-d2"/>
      </object_component>
      <object_component id="oc-22f">
         <name>.debug_info</name>
         <load_address>0xeca5</load_address>
         <run_address>0xeca5</run_address>
         <size>0x128</size>
         <input_file_ref idref="fl-d3"/>
      </object_component>
      <object_component id="oc-32d">
         <name>.debug_info</name>
         <load_address>0xedcd</load_address>
         <run_address>0xedcd</run_address>
         <size>0x12a</size>
         <input_file_ref idref="fl-d3"/>
      </object_component>
      <object_component id="oc-1ba">
         <name>.debug_info</name>
         <load_address>0xeef7</load_address>
         <run_address>0xeef7</run_address>
         <size>0x13a</size>
         <input_file_ref idref="fl-d4"/>
      </object_component>
      <object_component id="oc-1b7">
         <name>.debug_info</name>
         <load_address>0xf031</load_address>
         <run_address>0xf031</run_address>
         <size>0x13a</size>
         <input_file_ref idref="fl-d5"/>
      </object_component>
      <object_component id="oc-33e">
         <name>.debug_info</name>
         <load_address>0xf16b</load_address>
         <run_address>0xf16b</run_address>
         <size>0x12e</size>
         <input_file_ref idref="fl-d6"/>
      </object_component>
      <object_component id="oc-106">
         <name>.debug_info</name>
         <load_address>0xf299</load_address>
         <run_address>0xf299</run_address>
         <size>0x13e</size>
         <input_file_ref idref="fl-d7"/>
      </object_component>
      <object_component id="oc-319">
         <name>.debug_info</name>
         <load_address>0xf3d7</load_address>
         <run_address>0xf3d7</run_address>
         <size>0x139</size>
         <input_file_ref idref="fl-d8"/>
      </object_component>
      <object_component id="oc-fb">
         <name>.debug_info</name>
         <load_address>0xf510</load_address>
         <run_address>0xf510</run_address>
         <size>0x12c</size>
         <input_file_ref idref="fl-d9"/>
      </object_component>
      <object_component id="oc-1bf">
         <name>.debug_info</name>
         <load_address>0xf63c</load_address>
         <run_address>0xf63c</run_address>
         <size>0x12c</size>
         <input_file_ref idref="fl-da"/>
      </object_component>
      <object_component id="oc-3f">
         <name>.debug_info</name>
         <load_address>0xf768</load_address>
         <run_address>0xf768</run_address>
         <size>0x119</size>
         <input_file_ref idref="fl-db"/>
      </object_component>
      <object_component id="oc-314">
         <name>.debug_info</name>
         <load_address>0xf881</load_address>
         <run_address>0xf881</run_address>
         <size>0x12e</size>
         <input_file_ref idref="fl-dc"/>
      </object_component>
      <object_component id="oc-98">
         <name>.debug_info</name>
         <load_address>0xf9af</load_address>
         <run_address>0xf9af</run_address>
         <size>0x147</size>
         <input_file_ref idref="fl-dd"/>
      </object_component>
      <object_component id="oc-95">
         <name>.debug_info</name>
         <load_address>0xfaf6</load_address>
         <run_address>0xfaf6</run_address>
         <size>0x2d4</size>
         <input_file_ref idref="fl-de"/>
      </object_component>
      <object_component id="oc-4e">
         <name>.debug_info</name>
         <load_address>0xfdca</load_address>
         <run_address>0xfdca</run_address>
         <size>0x1d2</size>
         <input_file_ref idref="fl-de"/>
      </object_component>
      <object_component id="oc-90">
         <name>.debug_info</name>
         <load_address>0xff9c</load_address>
         <run_address>0xff9c</run_address>
         <size>0x46</size>
         <input_file_ref idref="fl-de"/>
      </object_component>
      <object_component id="oc-cd">
         <name>.debug_info</name>
         <load_address>0xffe2</load_address>
         <run_address>0xffe2</run_address>
         <size>0x2c</size>
         <input_file_ref idref="fl-de"/>
      </object_component>
      <object_component id="oc-49">
         <name>.debug_info</name>
         <load_address>0x1000e</load_address>
         <run_address>0x1000e</run_address>
         <size>0x2a8</size>
         <input_file_ref idref="fl-df"/>
      </object_component>
      <object_component id="oc-1d">
         <name>.debug_info</name>
         <load_address>0x102b6</load_address>
         <run_address>0x102b6</run_address>
         <size>0x1ea</size>
         <input_file_ref idref="fl-df"/>
      </object_component>
      <object_component id="oc-44">
         <name>.debug_info</name>
         <load_address>0x104a0</load_address>
         <run_address>0x104a0</run_address>
         <size>0x46</size>
         <input_file_ref idref="fl-df"/>
      </object_component>
      <object_component id="oc-88">
         <name>.debug_info</name>
         <load_address>0x104e6</load_address>
         <run_address>0x104e6</run_address>
         <size>0x2c</size>
         <input_file_ref idref="fl-df"/>
      </object_component>
      <object_component id="oc-86">
         <name>.debug_info</name>
         <load_address>0x10512</load_address>
         <run_address>0x10512</run_address>
         <size>0x29e</size>
         <input_file_ref idref="fl-e0"/>
      </object_component>
      <object_component id="oc-19">
         <name>.debug_info</name>
         <load_address>0x107b0</load_address>
         <run_address>0x107b0</run_address>
         <size>0x250</size>
         <input_file_ref idref="fl-e0"/>
      </object_component>
      <object_component id="oc-34">
         <name>.debug_info</name>
         <load_address>0x10a00</load_address>
         <run_address>0x10a00</run_address>
         <size>0x60</size>
         <input_file_ref idref="fl-e0"/>
      </object_component>
      <object_component id="oc-c6">
         <name>.debug_info</name>
         <load_address>0x10a60</load_address>
         <run_address>0x10a60</run_address>
         <size>0x46</size>
         <input_file_ref idref="fl-e0"/>
      </object_component>
      <object_component id="oc-81">
         <name>.debug_info</name>
         <load_address>0x10aa6</load_address>
         <run_address>0x10aa6</run_address>
         <size>0x39</size>
         <input_file_ref idref="fl-e0"/>
      </object_component>
      <object_component id="oc-435">
         <name>.debug_info</name>
         <load_address>0x10adf</load_address>
         <run_address>0x10adf</run_address>
         <size>0x3aa</size>
         <input_file_ref idref="fl-e1"/>
      </object_component>
      <object_component id="oc-432">
         <name>.debug_info</name>
         <load_address>0x10e89</load_address>
         <run_address>0x10e89</run_address>
         <size>0x13a</size>
         <input_file_ref idref="fl-e1"/>
      </object_component>
      <object_component id="oc-344">
         <name>.debug_info</name>
         <load_address>0x10fc3</load_address>
         <run_address>0x10fc3</run_address>
         <size>0x72f</size>
         <input_file_ref idref="fl-e1"/>
      </object_component>
      <object_component id="oc-23d">
         <name>.debug_info</name>
         <load_address>0x116f2</load_address>
         <run_address>0x116f2</run_address>
         <size>0x2c5</size>
         <input_file_ref idref="fl-e2"/>
      </object_component>
      <object_component id="oc-119">
         <name>.debug_info</name>
         <load_address>0x119b7</load_address>
         <run_address>0x119b7</run_address>
         <size>0x149</size>
         <input_file_ref idref="fl-e2"/>
      </object_component>
      <object_component id="oc-70">
         <name>.debug_info</name>
         <load_address>0x11b00</load_address>
         <run_address>0x11b00</run_address>
         <size>0x3b2</size>
         <input_file_ref idref="fl-e3"/>
      </object_component>
      <object_component id="oc-25">
         <name>.debug_info</name>
         <load_address>0x11eb2</load_address>
         <run_address>0x11eb2</run_address>
         <size>0x10c</size>
         <input_file_ref idref="fl-e3"/>
      </object_component>
      <object_component id="oc-3b0">
         <name>.debug_info</name>
         <load_address>0x11fbe</load_address>
         <run_address>0x11fbe</run_address>
         <size>0x13f</size>
         <input_file_ref idref="fl-e3"/>
      </object_component>
      <object_component id="oc-1e6">
         <name>.debug_info</name>
         <load_address>0x120fd</load_address>
         <run_address>0x120fd</run_address>
         <size>0x168</size>
         <input_file_ref idref="fl-e3"/>
      </object_component>
      <object_component id="oc-2a4">
         <name>.debug_info</name>
         <load_address>0x12265</load_address>
         <run_address>0x12265</run_address>
         <size>0x18e</size>
         <input_file_ref idref="fl-e3"/>
      </object_component>
      <object_component id="oc-2ab">
         <name>.debug_info</name>
         <load_address>0x123f3</load_address>
         <run_address>0x123f3</run_address>
         <size>0x19f</size>
         <input_file_ref idref="fl-e3"/>
      </object_component>
      <object_component id="oc-1a1">
         <name>.debug_info</name>
         <load_address>0x12592</load_address>
         <run_address>0x12592</run_address>
         <size>0x203</size>
         <input_file_ref idref="fl-e3"/>
      </object_component>
      <object_component id="oc-40a">
         <name>.debug_info</name>
         <load_address>0x12795</load_address>
         <run_address>0x12795</run_address>
         <size>0x1db</size>
         <input_file_ref idref="fl-e3"/>
      </object_component>
      <object_component id="oc-19b">
         <name>.debug_info</name>
         <load_address>0x12970</load_address>
         <run_address>0x12970</run_address>
         <size>0x1a5</size>
         <input_file_ref idref="fl-e3"/>
      </object_component>
      <object_component id="oc-30f">
         <name>.debug_info</name>
         <load_address>0x12b15</load_address>
         <run_address>0x12b15</run_address>
         <size>0x299</size>
         <input_file_ref idref="fl-e3"/>
      </object_component>
      <object_component id="oc-bb">
         <name>.debug_info</name>
         <load_address>0x12dae</load_address>
         <run_address>0x12dae</run_address>
         <size>0xb2</size>
         <input_file_ref idref="fl-e3"/>
      </object_component>
      <object_component id="oc-b6">
         <name>.debug_info</name>
         <load_address>0x12e60</load_address>
         <run_address>0x12e60</run_address>
         <size>0x2c</size>
         <input_file_ref idref="fl-e3"/>
      </object_component>
      <object_component id="oc-296">
         <name>.debug_info</name>
         <load_address>0x12e8c</load_address>
         <run_address>0x12e8c</run_address>
         <size>0x28a</size>
         <input_file_ref idref="fl-e4"/>
      </object_component>
      <object_component id="oc-185">
         <name>.debug_info</name>
         <load_address>0x13116</load_address>
         <run_address>0x13116</run_address>
         <size>0x273</size>
         <input_file_ref idref="fl-e4"/>
      </object_component>
      <object_component id="oc-298">
         <name>.debug_info</name>
         <load_address>0x13389</load_address>
         <run_address>0x13389</run_address>
         <size>0x2a4</size>
         <input_file_ref idref="fl-e5"/>
      </object_component>
      <object_component id="oc-18a">
         <name>.debug_info</name>
         <load_address>0x1362d</load_address>
         <run_address>0x1362d</run_address>
         <size>0x24d</size>
         <input_file_ref idref="fl-e5"/>
      </object_component>
      <object_component id="oc-374">
         <name>.debug_info</name>
         <load_address>0x1387a</load_address>
         <run_address>0x1387a</run_address>
         <size>0x3b1</size>
         <input_file_ref idref="fl-e6"/>
      </object_component>
      <object_component id="oc-371">
         <name>.debug_info</name>
         <load_address>0x13c2b</load_address>
         <run_address>0x13c2b</run_address>
         <size>0x123</size>
         <input_file_ref idref="fl-e6"/>
      </object_component>
      <object_component id="oc-238">
         <name>.debug_info</name>
         <load_address>0x13d4e</load_address>
         <run_address>0x13d4e</run_address>
         <size>0x4e0</size>
         <input_file_ref idref="fl-e6"/>
      </object_component>
      <object_component id="oc-3fa">
         <name>.debug_info</name>
         <load_address>0x1422e</load_address>
         <run_address>0x1422e</run_address>
         <size>0x289</size>
         <input_file_ref idref="fl-e7"/>
      </object_component>
      <object_component id="oc-3f7">
         <name>.debug_info</name>
         <load_address>0x144b7</load_address>
         <run_address>0x144b7</run_address>
         <size>0x10e</size>
[...]
      <symbol id="sm-27b">
         <name>oi_checkFirmware</name>
         <value>0x1771</value>
         <object_component_ref idref="oc-e2"/>
      </symbol>
      <symbol id="sm-27c">
         <name>oi_init_noupdate</name>
         <value>0xf51</value>
         <object_component_ref idref="oc-e2"/>
      </symbol>
      <symbol id="sm-27d">
         <name>oi_uartSendChar</name>
         <value>0x16dd</value>
         <object_component_ref idref="oc-e2"/>
      </symbol>
      <symbol id="sm-27e">
         <name>oi_alloc</name>
         <value>0xf35</value>
         <object_component_ref idref="oc-e2"/>
      </symbol>
      <symbol id="sm-27f">
         <name>oi_getMotorCalibrationLeft</name>
         <value>0x1ab5</value>
         <object_component_ref idref="oc-e2"/>
      </symbol>
      <symbol id="sm-280">
         <name>oi_loadSong</name>
         <value>0x15dd</value>
         <object_component_ref idref="oc-e2"/>
      </symbol>
      <symbol id="sm-281">
         <name>oi_play_song</name>
         <value>0x1633</value>
         <object_component_ref idref="oc-e2"/>
      </symbol>
      <symbol id="sm-282">
         <name>oi_parsePacket</name>
         <value>0xff3</value>
         <object_component_ref idref="oc-e2"/>
      </symbol>
      <symbol id="sm-283">
         <name>oi_setLeds</name>
         <value>0x1513</value>
         <object_component_ref idref="oc-e2"/>
      </symbol>
      <symbol id="sm-284">
         <name>oi_init</name>
         <value>0xf79</value>
         <object_component_ref idref="oc-e2"/>
      </symbol>
      <symbol id="sm-285">
         <name>oi_update</name>
         <value>0xfa1</value>
         <object_component_ref idref="oc-e2"/>
      </symbol>
      <symbol id="sm-286">
         <name>oi_uartInit</name>
         <value>0x1655</value>
         <object_component_ref idref="oc-e2"/>
      </symbol>
      <symbol id="sm-2c0">
         <name>END_TIME</name>
         <value>0x20002304</value>
         <object_component_ref idref="oc-31e"/>
      </symbol>
      <symbol id="sm-2c1">
         <name>START_TIME</name>
         <value>0x20002300</value>
         <object_component_ref idref="oc-31e"/>
      </symbol>
      <symbol id="sm-2c2">
         <name>STATE</name>
         <value>0x20002308</value>
         <object_component_ref idref="oc-31e"/>
      </symbol>
      <symbol id="sm-2c3">
         <name>TIMER3B_Handler</name>
         <value>0x5eb1</value>
         <object_component_ref idref="oc-1f0"/>
      </symbol>
      <symbol id="sm-2c4">
         <name>ping_init</name>
         <value>0x5d75</value>
         <object_component_ref idref="oc-1f0"/>
      </symbol>
      <symbol id="sm-2c5">
         <name>ping_getDistance</name>
         <value>0x5ef9</value>
         <object_component_ref idref="oc-1f0"/>
      </symbol>
      <symbol id="sm-2c6">
         <name>ping_trigger</name>
         <value>0x5e2d</value>
         <object_component_ref idref="oc-1f0"/>
      </symbol>
      <symbol id="sm-345">
         <name>find_objects</name>
         <value>0x26d</value>
         <object_component_ref idref="oc-f4"/>
      </symbol>
      <symbol id="sm-361">
         <name>ResetISR</name>
         <value>0x8337</value>
         <object_component_ref idref="oc-2a"/>
      </symbol>
      <symbol id="sm-362">
         <name>g_pfnVectors</name>
         <value>0x0</value>
         <object_component_ref idref="oc-12"/>
      </symbol>
      <symbol id="sm-3a1">
         <name>rotate_byte</name>
         <value>0x2000230e</value>
         <object_component_ref idref="oc-11b"/>
      </symbol>
      <symbol id="sm-3a2">
         <name>UART1_Handler</name>
         <value>0x6357</value>
         <object_component_ref idref="oc-e8"/>
      </symbol>
      <symbol id="sm-3a3">
         <name>auto_byte</name>
         <value>0x2000230f</value>
         <object_component_ref idref="oc-11b"/>
      </symbol>
      <symbol id="sm-3a4">
         <name>uart_sendChar</name>
         <value>0x62d9</value>
         <object_component_ref idref="oc-e8"/>
      </symbol>
      <symbol id="sm-3a5">
         <name>uart_interrupt_init</name>
         <value>0x6219</value>
         <object_component_ref idref="oc-e8"/>
      </symbol>
      <symbol id="sm-3a6">
         <name>scan_byte</name>
         <value>0x2000230c</value>
         <object_component_ref idref="oc-11b"/>
      </symbol>
      <symbol id="sm-3a7">
         <name>command_flag</name>
         <value>0x20002311</value>
         <object_component_ref idref="oc-11b"/>
      </symbol>
      <symbol id="sm-3a8">
         <name>move_byte</name>
         <value>0x2000230d</value>
         <object_component_ref idref="oc-11b"/>
      </symbol>
      <symbol id="sm-3a9">
         <name>uart_receive_nonblocking</name>
         <value>0x631b</value>
         <object_component_ref idref="oc-e8"/>
      </symbol>
      <symbol id="sm-3aa">
         <name>uart_receive</name>
         <value>0x62f5</value>
         <object_component_ref idref="oc-e8"/>
      </symbol>
      <symbol id="sm-3ab">
         <name>uart_sendStr</name>
         <value>0x6339</value>
         <object_component_ref idref="oc-e8"/>
      </symbol>
      <symbol id="sm-3ac">
         <name>terminate_byte</name>
         <value>0x20002310</value>
         <object_component_ref idref="oc-11b"/>
      </symbol>
      <symbol id="sm-442">
         <name>pow</name>
         <value>0x25a5</value>
         <object_component_ref idref="oc-202"/>
      </symbol>
      <symbol id="sm-443">
         <name>powl</name>
         <value>0x25a5</value>
         <object_component_ref idref="oc-202"/>
      </symbol>
      <symbol id="sm-465">
         <name>sqrtl</name>
         <value>0x6d6d</value>
         <object_component_ref idref="oc-223"/>
      </symbol>
      <symbol id="sm-466">
         <name>sqrt</name>
         <value>0x6d6d</value>
         <object_component_ref idref="oc-223"/>
      </symbol>
      <symbol id="sm-49c">
         <name>atanl</name>
         <value>0x5595</value>
         <object_component_ref idref="oc-21d"/>
      </symbol>
      <symbol id="sm-49d">
         <name>atan</name>
         <value>0x5595</value>
         <object_component_ref idref="oc-21d"/>
      </symbol>
      <symbol id="sm-4ee">
         <name>cosl</name>
         <value>0x3c8d</value>
         <object_component_ref idref="oc-211"/>
      </symbol>
      <symbol id="sm-4ef">
         <name>cos</name>
         <value>0x3c8d</value>
         <object_component_ref idref="oc-211"/>
      </symbol>
      <symbol id="sm-516">
         <name>scalbn</name>
         <value>0x725d</value>
         <object_component_ref idref="oc-32f"/>
      </symbol>
      <symbol id="sm-517">
         <name>scalbnl</name>
         <value>0x725d</value>
         <object_component_ref idref="oc-32f"/>
      </symbol>
      <symbol id="sm-518">
         <name>ldexpl</name>
         <value>0x725d</value>
         <object_component_ref idref="oc-32f"/>
      </symbol>
      <symbol id="sm-519">
         <name>ldexp</name>
         <value>0x725d</value>
         <object_component_ref idref="oc-32f"/>
      </symbol>
      <symbol id="sm-569">
         <name>sin</name>
         <value>0x36ad</value>
         <object_component_ref idref="oc-217"/>
      </symbol>
      <symbol id="sm-56a">
         <name>sinl</name>
         <value>0x36ad</value>
         <object_component_ref idref="oc-217"/>
      </symbol>
      <symbol id="sm-5bb">
         <name>tanl</name>
         <value>0x4269</value>
         <object_component_ref idref="oc-208"/>
      </symbol>
      <symbol id="sm-5bc">
         <name>tan</name>
         <value>0x4269</value>
         <object_component_ref idref="oc-208"/>
      </symbol>
      <symbol id="sm-5c6">
         <name>copysign</name>
         <value>0x8221</value>
         <object_component_ref idref="oc-416"/>
      </symbol>
      <symbol id="sm-5c7">
         <name>copysignl</name>
         <value>0x8221</value>
         <object_component_ref idref="oc-416"/>
      </symbol>
      <symbol id="sm-5ee">
         <name>sprintf</name>
         <value>0x7f8d</value>
         <object_component_ref idref="oc-ee"/>
      </symbol>
      <symbol id="sm-618">
         <name>vsnprintf</name>
         <value>0x7fcd</value>
         <object_component_ref idref="oc-17c"/>
      </symbol>
      <symbol id="sm-62f">
         <name>__aeabi_dsub</name>
         <value>0x65bd</value>
         <object_component_ref idref="oc-110"/>
      </symbol>
      <symbol id="sm-630">
         <name>__aeabi_dadd</name>
         <value>0x65c7</value>
         <object_component_ref idref="oc-110"/>
      </symbol>
      <symbol id="sm-652">
         <name>__aeabi_cdcmpeq</name>
         <value>0x79d7</value>
         <object_component_ref idref="oc-22c"/>
      </symbol>
      <symbol id="sm-653">
         <name>__aeabi_cdcmple</name>
         <value>0x79d7</value>
         <object_component_ref idref="oc-22c"/>
      </symbol>
      <symbol id="sm-654">
         <name>__aeabi_cdrcmple</name>
         <value>0x7a5d</value>
         <object_component_ref idref="oc-32a"/>
      </symbol>
      <symbol id="sm-668">
         <name>__aeabi_ddiv</name>
         <value>0x7001</value>
         <object_component_ref idref="oc-1b9"/>
      </symbol>
      <symbol id="sm-673">
         <name>__aeabi_dmul</name>
         <value>0x746d</value>
         <object_component_ref idref="oc-1b4"/>
      </symbol>
      <symbol id="sm-67d">
         <name>__aeabi_d2iz</name>
         <value>0x7ebd</value>
         <object_component_ref idref="oc-33d"/>
      </symbol>
      <symbol id="sm-689">
         <name>__aeabi_d2f</name>
         <value>0x7c3b</value>
         <object_component_ref idref="oc-105"/>
      </symbol>
      <symbol id="sm-693">
         <name>__aeabi_d2uiz</name>
         <value>0x7f49</value>
         <object_component_ref idref="oc-318"/>
      </symbol>
      <symbol id="sm-69e">
         <name>__aeabi_f2d</name>
         <value>0x8085</value>
         <object_component_ref idref="oc-fa"/>
      </symbol>
      <symbol id="sm-6a8">
         <name>__aeabi_i2d</name>
         <value>0x8155</value>
         <object_component_ref idref="oc-1be"/>
      </symbol>
      <symbol id="sm-6c3">
         <name>memcpy</name>
         <value>0x78a5</value>
         <object_component_ref idref="oc-3e"/>
      </symbol>
      <symbol id="sm-6c4">
         <name>__aeabi_memcpy</name>
         <value>0x78a5</value>
         <object_component_ref idref="oc-3e"/>
      </symbol>
      <symbol id="sm-6c5">
         <name>__aeabi_memcpy8</name>
         <value>0x78a5</value>
         <object_component_ref idref="oc-3e"/>
      </symbol>
      <symbol id="sm-6c6">
         <name>__aeabi_memcpy4</name>
         <value>0x78a5</value>
         <object_component_ref idref="oc-3e"/>
      </symbol>
      <symbol id="sm-6d0">
         <name>__aeabi_ui2d</name>
         <value>0x81ad</value>
         <object_component_ref idref="oc-313"/>
      </symbol>
      <symbol id="sm-6df">
         <name>__aeabi_memset</name>
         <value>0x7ae5</value>
         <object_component_ref idref="oc-96"/>
      </symbol>
      <symbol id="sm-6e0">
         <name>memset</name>
         <value>0x7aeb</value>
         <object_component_ref idref="oc-96"/>
      </symbol>
      <symbol id="sm-6e1">
         <name>__aeabi_memset8</name>
         <value>0x7ae5</value>
         <object_component_ref idref="oc-96"/>
      </symbol>
      <symbol id="sm-6e2">
         <name>__aeabi_memset4</name>
         <value>0x7ae5</value>
         <object_component_ref idref="oc-96"/>
      </symbol>
      <symbol id="sm-6e3">
         <name>__aeabi_memclr8</name>
         <value>0x7ae3</value>
         <object_component_ref idref="oc-96"/>
      </symbol>
      <symbol id="sm-6e4">
         <name>__aeabi_memclr4</name>
         <value>0x7ae3</value>
         <object_component_ref idref="oc-96"/>
      </symbol>
      <symbol id="sm-6e5">
         <name>__aeabi_memclr</name>
         <value>0x7ae3</value>
         <object_component_ref idref="oc-96"/>
      </symbol>
      <symbol id="sm-6fe">
         <name>__TI_zero_init_nomemset</name>
         <value>0x81cd</value>
         <object_component_ref idref="oc-4a"/>
      </symbol>
      <symbol id="sm-715">
         <name>__TI_decompress_none</name>
         <value>0x831d</value>
         <object_component_ref idref="oc-1b"/>
      </symbol>
      <symbol id="sm-738">
         <name>__TI_decompress_lzss</name>
         <value>0x7ca9</value>
         <object_component_ref idref="oc-15"/>
      </symbol>
      <symbol id="sm-79e">
         <name>__kernel_rem_pio2</name>
         <value>0x2f75</value>
         <object_component_ref idref="oc-342"/>
      </symbol>
      <symbol id="sm-7ab">
         <name>atof</name>
         <value>0x82d9</value>
         <object_component_ref idref="oc-115"/>
      </symbol>
      <symbol id="sm-840">
         <name>_sys_memory</name>
         <value>0x20001270</value>
         <object_component_ref idref="oc-24"/>
      </symbol>
      <symbol id="sm-841">
         <name>free</name>
         <value>0x7661</value>
         <object_component_ref idref="oc-19e"/>
      </symbol>
      <symbol id="sm-842">
         <name>memalign</name>
         <value>0x736d</value>
         <object_component_ref idref="oc-30c"/>
      </symbol>
      <symbol id="sm-843">
         <name>calloc</name>
         <value>0x804d</value>
         <object_component_ref idref="oc-198"/>
      </symbol>
      <symbol id="sm-844">
         <name>malloc</name>
         <value>0x8355</value>
         <object_component_ref idref="oc-1e4"/>
      </symbol>
      <symbol id="sm-845">
         <name>aligned_alloc</name>
         <value>0x736d</value>
         <object_component_ref idref="oc-30c"/>
      </symbol>
      <symbol id="sm-854">
         <name>strcmp</name>
         <value>0x8283</value>
         <object_component_ref idref="oc-182"/>
      </symbol>
      <symbol id="sm-862">
         <name>strcpy</name>
         <value>0x82b1</value>
         <object_component_ref idref="oc-188"/>
      </symbol>
      <symbol id="sm-8c2">
         <name>strtold</name>
         <value>0x4771</value>
         <object_component_ref idref="oc-236"/>
      </symbol>
      <symbol id="sm-8c3">
         <name>strtod</name>
         <value>0x4771</value>
         <object_component_ref idref="oc-236"/>
      </symbol>
      <symbol id="sm-8d9">
         <name>__aeabi_errno_addr</name>
         <value>0x834d</value>
         <object_component_ref idref="oc-2f6"/>
      </symbol>
      <symbol id="sm-8da">
         <name>errno</name>
         <value>0x20002330</value>
         <object_component_ref idref="oc-3f6"/>
      </symbol>
      <symbol id="sm-8ed">
         <name>__stack</name>
         <value>0x20000270</value>
         <object_component_ref idref="oc-27"/>
      </symbol>
      <symbol id="sm-8ee">
         <name>_c_int00_noargs</name>
         <value>0x80f1</value>
         <object_component_ref idref="oc-5c"/>
      </symbol>
      <symbol id="sm-904">
         <name>__kernel_cos</name>
         <value>0x6bfd</value>
         <object_component_ref idref="oc-352"/>
      </symbol>
      <symbol id="sm-91b">
         <name>__kernel_sin</name>
         <value>0x6a89</value>
         <object_component_ref idref="oc-358"/>
      </symbol>
      <symbol id="sm-93a">
         <name>__kernel_tan</name>
         <value>0x5279</value>
         <object_component_ref idref="oc-348"/>
      </symbol>
      <symbol id="sm-957">
         <name>floorl</name>
         <value>0x7569</value>
         <object_component_ref idref="oc-42b"/>
      </symbol>
      <symbol id="sm-958">
         <name>floor</name>
         <value>0x7569</value>
         <object_component_ref idref="oc-42b"/>
      </symbol>
      <symbol id="sm-abd">
         <name>__TI_printfi</name>
         <value>0x1b55</value>
         <object_component_ref idref="oc-1d0"/>
      </symbol>
      <symbol id="sm-aca">
         <name>__aeabi_uldivmod</name>
         <value>0x7941</value>
         <object_component_ref idref="oc-3b9"/>
      </symbol>
      <symbol id="sm-af2">
         <name>__TI_auto_init_nobinit_nopinit</name>
         <value>0x7f05</value>
         <object_component_ref idref="oc-12f"/>
      </symbol>
      <symbol id="sm-afc">
         <name>_system_pre_init</name>
         <value>0x835d</value>
         <object_component_ref idref="oc-9c"/>
      </symbol>
      <symbol id="sm-b08">
         <name>C$$EXIT</name>
         <value>0x8361</value>
         <object_component_ref idref="oc-123"/>
      </symbol>
      <symbol id="sm-b09">
         <name>abort</name>
         <value>0x8361</value>
         <object_component_ref idref="oc-123"/>
      </symbol>
      <symbol id="sm-b1e">
         <name>_nop</name>
         <value>0x25a3</value>
         <object_component_ref idref="oc-37a"/>
      </symbol>
      <symbol id="sm-b1f">
         <name>_lock</name>
         <value>0x20002318</value>
         <object_component_ref idref="oc-253"/>
      </symbol>
      <symbol id="sm-b20">
         <name>_unlock</name>
         <value>0x2000231c</value>
         <object_component_ref idref="oc-253"/>
      </symbol>
      <symbol id="sm-b2f">
         <name>__TI_ltoa</name>
         <value>0x7dcb</value>
         <object_component_ref idref="oc-3bf"/>
      </symbol>
      <symbol id="sm-b46">
         <name>atoi</name>
         <value>0x7e71</value>
         <object_component_ref idref="oc-2c6"/>
      </symbol>
      <symbol id="sm-b51">
         <name>_ctypes_</name>
         <value>0x8d30</value>
         <object_component_ref idref="oc-36d"/>
      </symbol>
      <symbol id="sm-b61">
         <name>memccpy</name>
         <value>0x8205</value>
         <object_component_ref idref="oc-2ea"/>
      </symbol>
      <symbol id="sm-b71">
         <name>strchr</name>
         <value>0x829b</value>
         <object_component_ref idref="oc-3e6"/>
      </symbol>
      <symbol id="sm-b7f">
         <name>strlen</name>
         <value>0x82c5</value>
         <object_component_ref idref="oc-2c0"/>
      </symbol>
      <symbol id="sm-b95">
         <name>frexpl</name>
         <value>0x7d11</value>
         <object_component_ref idref="oc-3e0"/>
      </symbol>
      <symbol id="sm-b96">
         <name>frexp</name>
         <value>0x7d11</value>
         <object_component_ref idref="oc-3e0"/>
      </symbol>
      <symbol id="sm-baf">
         <name>wcslen</name>
         <value>0x82eb</value>
         <object_component_ref idref="oc-2f0"/>
      </symbol>
      <symbol id="sm-bb9">
         <name>__aeabi_idiv0</name>
         <value>0x6773</value>
         <object_component_ref idref="oc-468"/>
      </symbol>
      <symbol id="sm-bba">
         <name>__aeabi_ldiv0</name>
         <value>0x6773</value>
         <object_component_ref idref="oc-468"/>
      </symbol>
      <symbol id="sm-be9">
         <name>IntRegister</name>
         <value>0x80bd</value>
         <object_component_ref idref="oc-168"/>
      </symbol>
      <symbol id="sm-bea">
         <name>g_pfnRAMVectors</name>
         <value>0x20000000</value>
         <object_component_ref idref="oc-26f"/>
      </symbol>
      <symbol id="sm-beb">
         <name>IntMasterEnable</name>
         <value>0x82fd</value>
         <object_component_ref idref="oc-1ab"/>
      </symbol>
      <symbol id="sm-bf5">
         <name>CPUcpsie</name>
         <value>0x832b</value>
         <object_component_ref idref="oc-2ae"/>
      </symbol>
      <symbol id="sm-bf6">
         <name>__TI_static_base__</name>
         <value>0x0</value>
      </symbol>
      <symbol id="sm-bf9">
         <name>__mpu_init</name>
         <value>0x0</value>
      </symbol>
      <symbol id="sm-bfa">
         <name>_system_post_cinit</name>
         <value>0x0</value>
      </symbol>
   </symbol_table>
   <title>Link successful</title>
</link_info>
