******************************************************************************
                  TI ARM Linker PC v20.2.6                     
******************************************************************************
>> Linked Mon Feb 13 15:00:12 2023

OUTPUT FILE NAME:   <Lab3.out>
ENTRY POINT SYMBOL: "_c_int00_noargs"  address: 00001b89


MEMORY CONFIGURATION

         name            origin    length      used     unused   attr    fill
----------------------  --------  ---------  --------  --------  ----  --------
  FLASH                 00000000   00040000  00001d35  0003e2cb  R  X
  SRAM                  20000000   00008000  000022f1  00005d0f  RW X


SEGMENT ALLOCATION MAP

run origin  load origin   length   init length attrs members
----------  ----------- ---------- ----------- ----- -------
00000000    00000000    00001d38   00001d38    r-x
  00000000    00000000    0000026c   0000026c    r-- .intvecs
  0000026c    0000026c    00001a6a   00001a6a    r-x .text
  00001cd6    00001cd6    0000000f   0000000f    r-- .const
  00001ce8    00001ce8    00000050   00000050    r-- .cinit
20000000    20000000    000022f5   00000000    rw-
  20000000    20000000    0000026c   00000000    rw- .vtable
  20000270    20000270    00001000   00000000    rw- .stack
  20001270    20001270    00001000   00000000    rw- .sysmem
  20002270    20002270    00000050   00000000    rw- .bss
  200022c0    200022c0    00000035   00000000    rw- .data


SECTION ALLOCATION MAP

 output                                  attributes/
section   page    origin      length       input sections
--------  ----  ----------  ----------   ----------------
.intvecs   0    00000000    0000026c     
                  00000000    0000026c     tm4c123gh6pm_startup_ccs.obj (.intvecs)

.text      0    0000026c    00001a6a     
                  0000026c    00000c20     open_interface.obj (.text)
                  00000e8c    00000248     Timer.obj (.text)
                  000010d4    000001b6     rtsv7M4_T_le_v4SPD16_eabi.lib : fd_add_t2.asm.obj (.text)
                  0000128a    00000002                                   : _lock.c.obj (.text:_nop)
                  0000128c    0000015c     libcybotUART.lib : uart.obj (.text)
                  000013e8    00000136     rtsv7M4_T_le_v4SPD16_eabi.lib : fd_div_t2.asm.obj (.text)
                  0000151e    00000002     --HOLE-- [fill = 0]
                  00001520    00000100                                   : memory.c.obj (.text:aligned_alloc)
                  00001620    000000fc                                   : fd_mul_t2.asm.obj (.text)
                  0000171c    000000e4                                   : memory.c.obj (.text:free)
                  00001800    0000009c                                   : memcpy_t2.asm.obj (.text)
                  0000189c    0000007a                                   : memset_t2.asm.obj (.text)
                  00001916    00000002     --HOLE-- [fill = 0]
                  00001918    00000070                                   : memory.c.obj (.text:split)
                  00001988    0000006e                                   : fd_tos_t2.asm.obj (.text)
                  000019f6    00000068                                   : copy_decompress_lzss.c.obj (.text:decompress:lzss:__TI_decompress_lzss)
                  00001a5e    00000002     --HOLE-- [fill = 0]
                  00001a60    00000044                                   : autoinit.c.obj (.text:__TI_auto_init_nobinit_nopinit:__TI_auto_init_nobinit_nopinit)
                  00001aa4    00000040     main.obj (.text)
                  00001ae4    00000038     rtsv7M4_T_le_v4SPD16_eabi.lib : memory.c.obj (.text:calloc)
                  00001b1c    00000038                                   : fs_tod_t2.asm.obj (.text)
                  00001b54    00000034     driverlib.lib : interrupt.obj (.text:IntRegister)
                  00001b88    00000034     rtsv7M4_T_le_v4SPD16_eabi.lib : boot_cortex_m.c.obj (.text:_c_int00_noargs:_c_int00_noargs)
                  00001bbc    0000002e                                   : i_tofd_t2.asm.obj (.text)
                  00001bea    00000002     --HOLE-- [fill = 0]
                  00001bec    00000028                                   : memory.c.obj (.text:free_list_insert)
                  00001c14    0000001c                                   : copy_zero_init.c.obj (.text:decompress:ZI:__TI_zero_init_nomemset:__TI_zero_init_nomemset)
                  00001c30    0000001c                                   : memory.c.obj (.text:free_list_remove)
                  00001c4c    00000018     open_interface.obj (.text:oi_parseInt)
                  00001c64    00000018     rtsv7M4_T_le_v4SPD16_eabi.lib : strcmp.c.obj (.text:strcmp)
                  00001c7c    00000014                                   : strlen.c.obj (.text:strlen)
                  00001c90    00000010     driverlib.lib : interrupt.obj (.text:IntMasterEnable)
                  00001ca0    0000000e     rtsv7M4_T_le_v4SPD16_eabi.lib : copy_decompress_none.c.obj (.text:decompress:none:__TI_decompress_none)
                  00001cae    0000000c     driverlib.lib : cpu.obj (.text:CPUcpsie)
                  00001cba    0000000c     tm4c123gh6pm_startup_ccs.obj (.text)
                  00001cc6    00000008     rtsv7M4_T_le_v4SPD16_eabi.lib : memory.c.obj (.text:malloc)
                  00001cce    00000004                                   : pre_init.c.obj (.text:_system_pre_init)
                  00001cd2    00000004                                   : exit.c.obj (.text:abort:abort)

.const     0    00001cd6    0000000f     
                  00001cd6    0000000f     open_interface.obj (.const:.string:$P$T0$3)

.cinit     0    00001ce8    00000050     
                  00001ce8    00000018     (.cinit..data.load) [load image, compression = lzss]
                  00001d00    0000000c     (__TI_handler_table)
                  00001d0c    00000004     --HOLE-- [fill = 0]
                  00001d10    00000008     (.cinit..bss.load) [load image, compression = zero_init]
                  00001d18    00000008     (.cinit..vtable.load) [load image, compression = zero_init]
                  00001d20    00000018     (__TI_cinit_table)

.init_array 
*          0    00000000    00000000     UNINITIALIZED

.vtable    0    20000000    0000026c     UNINITIALIZED
                  20000000    0000026c     driverlib.lib : interrupt.obj (.vtable)

.stack     0    20000270    00001000     UNINITIALIZED
                  20000270    00000004     rtsv7M4_T_le_v4SPD16_eabi.lib : boot_cortex_m.c.obj (.stack)
                  20000274    00000ffc     --HOLE--

.sysmem    0    20001270    00001000     UNINITIALIZED
                  20001270    00000010     rtsv7M4_T_le_v4SPD16_eabi.lib : memory.c.obj (.sysmem)
                  20001280    00000ff0     --HOLE--

.bss       0    20002270    00000050     UNINITIALIZED
                  20002270    00000034     (.common:isr_char_buffer)
                  200022a4    00000018     open_interface.obj (.bss:firmware$2)
                  200022bc    00000004     (.common:_timeout_ticks)

.data      0    200022c0    00000035     UNINITIALIZED
                  200022c0    00000020     open_interface.obj (.data)
                  200022e0    00000008     rtsv7M4_T_le_v4SPD16_eabi.lib : _lock.c.obj (.data:$O1$$)
                  200022e8    00000008                                   : memory.c.obj (.data:$O1$$)
                  200022f0    00000004     libcybotUART.lib : uart.obj (.data)
                  200022f4    00000001     Timer.obj (.data)

__llvm_prf_cnts 
*          0    20000000    00000000     UNINITIALIZED

MODULE SUMMARY

       Module                         code   ro data   rw data
       ------                         ----   -------   -------
    .\
       open_interface.obj             3128   15        56     
       tm4c123gh6pm_startup_ccs.obj   12     620       0      
       Timer.obj                      584    0         5      
       main.obj                       64     0         0      
    +--+------------------------------+------+---------+---------+
       Total:                         3788   635       61     
                                                              
    ../libcybotUART.lib
       uart.obj                       348    0         56     
    +--+------------------------------+------+---------+---------+
       Total:                         348    0         56     
                                                              
    C:/ti/TivaWare_C_Series-2.2.0.295/driverlib/ccs/Debug/driverlib.lib
       interrupt.obj                  68     0         620    
       cpu.obj                        12     0         0      
    +--+------------------------------+------+---------+---------+
       Total:                         80     0         620    
                                                              
    C:\ti\ccs1200\ccs\tools\compiler\ti-cgt-arm_20.2.6.LTS\lib\rtsv7M4_T_le_v4SPD16_eabi.lib
       memory.c.obj                   728    0         8      
       fd_add_t2.asm.obj              438    0         0      
       fd_div_t2.asm.obj              310    0         0      
       fd_mul_t2.asm.obj              252    0         0      
       memcpy_t2.asm.obj              156    0         0      
       memset_t2.asm.obj              122    0         0      
       fd_tos_t2.asm.obj              110    0         0      
       copy_decompress_lzss.c.obj     104    0         0      
       autoinit.c.obj                 68     0         0      
       fs_tod_t2.asm.obj              56     0         0      
       boot_cortex_m.c.obj            52     0         0      
       i_tofd_t2.asm.obj              46     0         0      
       copy_zero_init.c.obj           28     0         0      
       strcmp.c.obj                   24     0         0      
       strlen.c.obj                   20     0         0      
       copy_decompress_none.c.obj     14     0         0      
       _lock.c.obj                    2      0         8      
       exit.c.obj                     4      0         0      
       pre_init.c.obj                 4      0         0      
    +--+------------------------------+------+---------+---------+
       Total:                         2538   0         16     
                                                              
       Heap:                          0      0         4096   
       Stack:                         0      0         4096   
       Linker Generated:              0      76        0      
    +--+------------------------------+------+---------+---------+
       Grand Total:                   6754   711       8945   


LINKER GENERATED COPY TABLES

__TI_cinit_table @ 00001d20 records: 3, size/record: 8, table size: 24
	.data: load addr=00001ce8, load size=00000018 bytes, run addr=200022c0, run size=00000035 bytes, compression=lzss
	.bss: load addr=00001d10, load size=00000008 bytes, run addr=20002270, run size=00000050 bytes, compression=zero_init
	.vtable: load addr=00001d18, load size=00000008 bytes, run addr=20000000, run size=0000026c bytes, compression=zero_init


LINKER GENERATED HANDLER TABLE

__TI_handler_table @ 00001d00 records: 3, size/record: 4, table size: 12
	index: 0, handler: __TI_zero_init
	index: 1, handler: __TI_decompress_lzss
	index: 2, handler: __TI_decompress_none


GLOBAL SYMBOLS: SORTED ALPHABETICALLY BY Name 

address   name                          
-------   ----                          
00001cd3  C$$EXIT                       
00001caf  CPUcpsie                      
00000bc3  GPIOF_Handler                 
00001c91  IntMasterEnable               
00001b55  IntRegister                   
00001cbb  ResetISR                      
20001270  __STACK_END                   
00001000  __STACK_SIZE                  
20000470  __STACK_TOP                   
00001000  __SYSMEM_SIZE                 
00001d20  __TI_CINIT_Base               
00001d38  __TI_CINIT_Limit              
00001d00  __TI_Handler_Table_Base       
00001d0c  __TI_Handler_Table_Limit      
00001a61  __TI_auto_init_nobinit_nopinit
000019f7  __TI_decompress_lzss          
00001ca1  __TI_decompress_none          
ffffffff  __TI_pprof_out_hndl           
ffffffff  __TI_prof_data_size           
ffffffff  __TI_prof_data_start          
00000000  __TI_static_base__            
00001c15  __TI_zero_init_nomemset       
00001989  __aeabi_d2f                   
000010df  __aeabi_dadd                  
000013e9  __aeabi_ddiv                  
00001621  __aeabi_dmul                  
000010d5  __aeabi_dsub                  
00001b1d  __aeabi_f2d                   
00001bbd  __aeabi_i2d                   
0000189d  __aeabi_memclr                
0000189d  __aeabi_memclr4               
0000189d  __aeabi_memclr8               
00001801  __aeabi_memcpy                
00001801  __aeabi_memcpy4               
00001801  __aeabi_memcpy8               
0000189f  __aeabi_memset                
0000189f  __aeabi_memset4               
0000189f  __aeabi_memset8               
ffffffff  __binit__                     
ffffffff  __c_args__                    
UNDEFED   __mpu_init                    
20000270  __stack                       
20000000  __start___llvm_prf_cnts       
20000000  __stop___llvm_prf_cnts        
00001b89  _c_int00_noargs               
200022e0  _lock                         
0000128b  _nop                          
200022f4  _running                      
20001270  _sys_memory                   
UNDEFED   _system_post_cinit            
00001ccf  _system_pre_init              
200022bc  _timeout_ticks                
200022e4  _unlock                       
00001cd3  abort                         
00001521  aligned_alloc                 
ffffffff  binit                         
00001ae5  calloc                        
00001395  cyBot_UART1_Handler           
0000137b  cyBot_getByte                 
0000128d  cyBot_sendByte                
0000135d  cyBot_uart_flush              
000012cb  cyBot_uart_init               
000012b3  cyBot_uart_sendBuffer         
00001299  cyBot_uart_sendStr            
0000171d  free                          
20000000  g_pfnRAMVectors               
00000000  g_pfnVectors                  
0000097f  go_charge                     
20002270  isr_char_buffer               
200022f0  isr_counter                   
00001ad9  main                          
00001cc7  malloc                        
00001521  memalign                      
00001801  memcpy                        
000018a5  memset                        
200022c0  motor_cal_factor_L            
200022c4  motor_cal_factor_R            
0000026d  oi_alloc                      
00000aa9  oi_checkFirmware              
000002c7  oi_close                      
00000279  oi_free                       
00000ded  oi_getMotorCalibrationLeft    
00000e01  oi_getMotorCalibrationRight   
000002b1  oi_init                       
00000289  oi_init_noupdate              
00000915  oi_loadSong                   
00001c4d  oi_parseInt                   
0000032b  oi_parsePacket                
0000096b  oi_play_song                  
0000084b  oi_setLeds                    
00000db1  oi_setMotorCalibration        
0000088f  oi_setWheels                  
00000b51  oi_shutoff_init               
0000098d  oi_uartInit                   
00000a31  oi_uartReceive                
00000a77  oi_uartSendBuff               
00000a15  oi_uartSendChar               
00000a59  oi_uartSendStr                
000002d9  oi_update                     
00001aa5  send_putty                    
00001c65  strcmp                        
00001c7d  strlen                        
00000fab  timer_getMicros               
00000f53  timer_getMillis               
00000e8d  timer_init                    
00000f2f  timer_pause                   
00000f41  timer_resume                  
00000f05  timer_stop                    
00001005  timer_waitMicros              
00001037  timer_waitMillis              


GLOBAL SYMBOLS: SORTED BY Symbol Address 

address   name                          
-------   ----                          
00000000  __TI_static_base__            
00000000  g_pfnVectors                  
0000026d  oi_alloc                      
00000279  oi_free                       
00000289  oi_init_noupdate              
000002b1  oi_init                       
000002c7  oi_close                      
000002d9  oi_update                     
0000032b  oi_parsePacket                
0000084b  oi_setLeds                    
0000088f  oi_setWheels                  
00000915  oi_loadSong                   
0000096b  oi_play_song                  
0000097f  go_charge                     
0000098d  oi_uartInit                   
00000a15  oi_uartSendChar               
00000a31  oi_uartReceive                
00000a59  oi_uartSendStr                
00000a77  oi_uartSendBuff               
00000aa9  oi_checkFirmware              
00000b51  oi_shutoff_init               
00000bc3  GPIOF_Handler                 
00000db1  oi_setMotorCalibration        
00000ded  oi_getMotorCalibrationLeft    
00000e01  oi_getMotorCalibrationRight   
00000e8d  timer_init                    
00000f05  timer_stop                    
00000f2f  timer_pause                   
00000f41  timer_resume                  
00000f53  timer_getMillis               
00000fab  timer_getMicros               
00001000  __STACK_SIZE                  
00001000  __SYSMEM_SIZE                 
00001005  timer_waitMicros              
00001037  timer_waitMillis              
000010d5  __aeabi_dsub                  
000010df  __aeabi_dadd                  
0000128b  _nop                          
0000128d  cyBot_sendByte                
00001299  cyBot_uart_sendStr            
000012b3  cyBot_uart_sendBuffer         
000012cb  cyBot_uart_init               
0000135d  cyBot_uart_flush              
0000137b  cyBot_getByte                 
00001395  cyBot_UART1_Handler           
000013e9  __aeabi_ddiv                  
00001521  aligned_alloc                 
00001521  memalign                      
00001621  __aeabi_dmul                  
0000171d  free                          
00001801  __aeabi_memcpy                
00001801  __aeabi_memcpy4               
00001801  __aeabi_memcpy8               
00001801  memcpy                        
0000189d  __aeabi_memclr                
0000189d  __aeabi_memclr4               
0000189d  __aeabi_memclr8               
0000189f  __aeabi_memset                
0000189f  __aeabi_memset4               
0000189f  __aeabi_memset8               
000018a5  memset                        
00001989  __aeabi_d2f                   
000019f7  __TI_decompress_lzss          
00001a61  __TI_auto_init_nobinit_nopinit
00001aa5  send_putty                    
00001ad9  main                          
00001ae5  calloc                        
00001b1d  __aeabi_f2d                   
00001b55  IntRegister                   
00001b89  _c_int00_noargs               
00001bbd  __aeabi_i2d                   
00001c15  __TI_zero_init_nomemset       
00001c4d  oi_parseInt                   
00001c65  strcmp                        
00001c7d  strlen                        
00001c91  IntMasterEnable               
00001ca1  __TI_decompress_none          
00001caf  CPUcpsie                      
00001cbb  ResetISR                      
00001cc7  malloc                        
00001ccf  _system_pre_init              
00001cd3  C$$EXIT                       
00001cd3  abort                         
00001d00  __TI_Handler_Table_Base       
00001d0c  __TI_Handler_Table_Limit      
00001d20  __TI_CINIT_Base               
00001d38  __TI_CINIT_Limit              
20000000  __start___llvm_prf_cnts       
20000000  __stop___llvm_prf_cnts        
20000000  g_pfnRAMVectors               
20000270  __stack                       
20000470  __STACK_TOP                   
20001270  __STACK_END                   
20001270  _sys_memory                   
20002270  isr_char_buffer               
200022bc  _timeout_ticks                
200022c0  motor_cal_factor_L            
200022c4  motor_cal_factor_R            
200022e0  _lock                         
200022e4  _unlock                       
200022f0  isr_counter                   
200022f4  _running                      
ffffffff  __TI_pprof_out_hndl           
ffffffff  __TI_prof_data_size           
ffffffff  __TI_prof_data_start          
ffffffff  __binit__                     
ffffffff  __c_args__                    
ffffffff  binit                         
UNDEFED   __mpu_init                    
UNDEFED   _system_post_cinit            

[110 symbols]
