<?xml version="1.0" encoding="ISO-8859-1" ?>
<link_info>
   <banner>TI ARM Linker PC v20.2.6.LTS</banner>
   <copyright>Copyright (c) 1996-2018 Texas Instruments Incorporated</copyright>
   <link_time>0x63eaa4dc</link_time>
   <link_errors>0x0</link_errors>
   <output_file>Lab3.out</output_file>
   <entry_point>
      <name>_c_int00_noargs</name>
      <address>0x1b89</address>
   </entry_point>
   <input_file_list>
      <input_file id="fl-2">
         <path>.\</path>
         <kind>object</kind>
         <file>Timer.obj</file>
         <name>Timer.obj</name>
      </input_file>
      <input_file id="fl-3">
         <path>.\</path>
         <kind>object</kind>
         <file>lcd.obj</file>
         <name>lcd.obj</name>
      </input_file>
      <input_file id="fl-4">
         <path>.\</path>
         <kind>object</kind>
         <file>main.obj</file>
         <name>main.obj</name>
      </input_file>
      <input_file id="fl-5">
         <path>.\</path>
         <kind>object</kind>
         <file>movement.obj</file>
         <name>movement.obj</name>
      </input_file>
      <input_file id="fl-6">
         <path>.\</path>
         <kind>object</kind>
         <file>open_interface.obj</file>
         <name>open_interface.obj</name>
      </input_file>
      <input_file id="fl-7">
         <path>.\</path>
         <kind>object</kind>
         <file>tm4c123gh6pm_startup_ccs.obj</file>
         <name>tm4c123gh6pm_startup_ccs.obj</name>
      </input_file>
      <input_file id="fl-e">
         <kind>object</kind>
         <file>&lt;internal&gt;</file>
         <name>&lt;internal&gt;</name>
      </input_file>
      <input_file id="fl-f">
         <path>..\</path>
         <kind>archive</kind>
         <file>libcybotScan.lib</file>
         <name>cyBot_Scan.obj</name>
      </input_file>
      <input_file id="fl-10">
         <path>..\</path>
         <kind>archive</kind>
         <file>libcybotScan.lib</file>
         <name>ir.obj</name>
      </input_file>
      <input_file id="fl-11">
         <path>..\</path>
         <kind>archive</kind>
         <file>libcybotScan.lib</file>
         <name>ping.obj</name>
      </input_file>
      <input_file id="fl-12">
         <path>..\</path>
         <kind>archive</kind>
         <file>libcybotScan.lib</file>
         <name>servo.obj</name>
      </input_file>
      <input_file id="fl-13">
         <path>..\</path>
         <kind>archive</kind>
         <file>libcybotUART.lib</file>
         <name>uart.obj</name>
      </input_file>
      <input_file id="fl-c9">
         <path>C:\ti\ccs1200\ccs\tools\compiler\ti-cgt-arm_20.2.6.LTS\lib\</path>
         <kind>archive</kind>
         <file>rtsv7M4_T_le_v4SPD16_eabi.lib</file>
         <name>e_sqrt.c.obj</name>
      </input_file>
      <input_file id="fl-ca">
         <path>C:\ti\ccs1200\ccs\tools\compiler\ti-cgt-arm_20.2.6.LTS\lib\</path>
         <kind>archive</kind>
         <file>rtsv7M4_T_le_v4SPD16_eabi.lib</file>
         <name>s_atan.c.obj</name>
      </input_file>
      <input_file id="fl-cb">
         <path>C:\ti\ccs1200\ccs\tools\compiler\ti-cgt-arm_20.2.6.LTS\lib\</path>
         <kind>archive</kind>
         <file>rtsv7M4_T_le_v4SPD16_eabi.lib</file>
         <name>s_cos.c.obj</name>
      </input_file>
      <input_file id="fl-cc">
         <path>C:\ti\ccs1200\ccs\tools\compiler\ti-cgt-arm_20.2.6.LTS\lib\</path>
         <kind>archive</kind>
         <file>rtsv7M4_T_le_v4SPD16_eabi.lib</file>
         <name>s_sin.c.obj</name>
      </input_file>
      <input_file id="fl-cd">
         <path>C:\ti\ccs1200\ccs\tools\compiler\ti-cgt-arm_20.2.6.LTS\lib\</path>
         <kind>archive</kind>
         <file>rtsv7M4_T_le_v4SPD16_eabi.lib</file>
         <name>sprintf.c.obj</name>
      </input_file>
      <input_file id="fl-ce">
         <path>C:\ti\ccs1200\ccs\tools\compiler\ti-cgt-arm_20.2.6.LTS\lib\</path>
         <kind>archive</kind>
         <file>rtsv7M4_T_le_v4SPD16_eabi.lib</file>
         <name>vsnprintf.c.obj</name>
      </input_file>
      <input_file id="fl-cf">
         <path>C:\ti\ccs1200\ccs\tools\compiler\ti-cgt-arm_20.2.6.LTS\lib\</path>
         <kind>archive</kind>
         <file>rtsv7M4_T_le_v4SPD16_eabi.lib</file>
         <name>fd_add_t2.asm.obj</name>
      </input_file>
      <input_file id="fl-d0">
         <path>C:\ti\ccs1200\ccs\tools\compiler\ti-cgt-arm_20.2.6.LTS\lib\</path>
         <kind>archive</kind>
         <file>rtsv7M4_T_le_v4SPD16_eabi.lib</file>
         <name>fd_cmp_t2.asm.obj</name>
      </input_file>
      <input_file id="fl-d1">
         <path>C:\ti\ccs1200\ccs\tools\compiler\ti-cgt-arm_20.2.6.LTS\lib\</path>
         <kind>archive</kind>
         <file>rtsv7M4_T_le_v4SPD16_eabi.lib</file>
         <name>fd_div_t2.asm.obj</name>
      </input_file>
      <input_file id="fl-d2">
         <path>C:\ti\ccs1200\ccs\tools\compiler\ti-cgt-arm_20.2.6.LTS\lib\</path>
         <kind>archive</kind>
         <file>rtsv7M4_T_le_v4SPD16_eabi.lib</file>
         <name>fd_mul_t2.asm.obj</name>
      </input_file>
      <input_file id="fl-d3">
         <path>C:\ti\ccs1200\ccs\tools\compiler\ti-cgt-arm_20.2.6.LTS\lib\</path>
         <kind>archive</kind>
         <file>rtsv7M4_T_le_v4SPD16_eabi.lib</file>
         <name>fd_toi_t2.asm.obj</name>
      </input_file>
      <input_file id="fl-d4">
         <path>C:\ti\ccs1200\ccs\tools\compiler\ti-cgt-arm_20.2.6.LTS\lib\</path>
         <kind>archive</kind>
         <file>rtsv7M4_T_le_v4SPD16_eabi.lib</file>
         <name>fd_tos_t2.asm.obj</name>
      </input_file>
      <input_file id="fl-d5">
         <path>C:\ti\ccs1200\ccs\tools\compiler\ti-cgt-arm_20.2.6.LTS\lib\</path>
         <kind>archive</kind>
         <file>rtsv7M4_T_le_v4SPD16_eabi.lib</file>
         <name>fs_tod_t2.asm.obj</name>
      </input_file>
      <input_file id="fl-d6">
         <path>C:\ti\ccs1200\ccs\tools\compiler\ti-cgt-arm_20.2.6.LTS\lib\</path>
         <kind>archive</kind>
         <file>rtsv7M4_T_le_v4SPD16_eabi.lib</file>
         <name>i_tofd_t2.asm.obj</name>
      </input_file>
      <input_file id="fl-d7">
         <path>C:\ti\ccs1200\ccs\tools\compiler\ti-cgt-arm_20.2.6.LTS\lib\</path>
         <kind>archive</kind>
         <file>rtsv7M4_T_le_v4SPD16_eabi.lib</file>
         <name>memcpy_t2.asm.obj</name>
      </input_file>
      <input_file id="fl-d8">
         <path>C:\ti\ccs1200\ccs\tools\compiler\ti-cgt-arm_20.2.6.LTS\lib\</path>
         <kind>archive</kind>
         <file>rtsv7M4_T_le_v4SPD16_eabi.lib</file>
         <name>copy_zero_init.c.obj</name>
      </input_file>
      <input_file id="fl-d9">
         <path>C:\ti\ccs1200\ccs\tools\compiler\ti-cgt-arm_20.2.6.LTS\lib\</path>
         <kind>archive</kind>
         <file>rtsv7M4_T_le_v4SPD16_eabi.lib</file>
         <name>copy_decompress_none.c.obj</name>
      </input_file>
      <input_file id="fl-da">
         <path>C:\ti\ccs1200\ccs\tools\compiler\ti-cgt-arm_20.2.6.LTS\lib\</path>
         <kind>archive</kind>
         <file>rtsv7M4_T_le_v4SPD16_eabi.lib</file>
         <name>copy_decompress_lzss.c.obj</name>
      </input_file>
      <input_file id="fl-db">
         <path>C:\ti\ccs1200\ccs\tools\compiler\ti-cgt-arm_20.2.6.LTS\lib\</path>
         <kind>archive</kind>
         <file>rtsv7M4_T_le_v4SPD16_eabi.lib</file>
         <name>k_rem_pio2.c.obj</name>
      </input_file>
      <input_file id="fl-dc">
         <path>C:\ti\ccs1200\ccs\tools\compiler\ti-cgt-arm_20.2.6.LTS\lib\</path>
         <kind>archive</kind>
         <file>rtsv7M4_T_le_v4SPD16_eabi.lib</file>
         <name>memory.c.obj</name>
      </input_file>
      <input_file id="fl-dd">
         <path>C:\ti\ccs1200\ccs\tools\compiler\ti-cgt-arm_20.2.6.LTS\lib\</path>
         <kind>archive</kind>
         <file>rtsv7M4_T_le_v4SPD16_eabi.lib</file>
         <name>strcmp.c.obj</name>
      </input_file>
      <input_file id="fl-de">
         <path>C:\ti\ccs1200\ccs\tools\compiler\ti-cgt-arm_20.2.6.LTS\lib\</path>
         <kind>archive</kind>
         <file>rtsv7M4_T_le_v4SPD16_eabi.lib</file>
         <name>strcpy.c.obj</name>
      </input_file>
      <input_file id="fl-df">
         <path>C:\ti\ccs1200\ccs\tools\compiler\ti-cgt-arm_20.2.6.LTS\lib\</path>
         <kind>archive</kind>
         <file>rtsv7M4_T_le_v4SPD16_eabi.lib</file>
         <name>strlen.c.obj</name>
      </input_file>
      <input_file id="fl-e0">
         <path>C:\ti\ccs1200\ccs\tools\compiler\ti-cgt-arm_20.2.6.LTS\lib\</path>
         <kind>archive</kind>
         <file>rtsv7M4_T_le_v4SPD16_eabi.lib</file>
         <name>errno.c.obj</name>
      </input_file>
      <input_file id="fl-e1">
         <path>C:\ti\ccs1200\ccs\tools\compiler\ti-cgt-arm_20.2.6.LTS\lib\</path>
         <kind>archive</kind>
         <file>rtsv7M4_T_le_v4SPD16_eabi.lib</file>
         <name>boot_cortex_m.c.obj</name>
      </input_file>
      <input_file id="fl-e2">
         <path>C:\ti\ccs1200\ccs\tools\compiler\ti-cgt-arm_20.2.6.LTS\lib\</path>
         <kind>archive</kind>
         <file>rtsv7M4_T_le_v4SPD16_eabi.lib</file>
         <name>k_cos.c.obj</name>
      </input_file>
      <input_file id="fl-e3">
         <path>C:\ti\ccs1200\ccs\tools\compiler\ti-cgt-arm_20.2.6.LTS\lib\</path>
         <kind>archive</kind>
         <file>rtsv7M4_T_le_v4SPD16_eabi.lib</file>
         <name>k_sin.c.obj</name>
      </input_file>
      <input_file id="fl-e4">
         <path>C:\ti\ccs1200\ccs\tools\compiler\ti-cgt-arm_20.2.6.LTS\lib\</path>
         <kind>archive</kind>
         <file>rtsv7M4_T_le_v4SPD16_eabi.lib</file>
         <name>s_floor.c.obj</name>
      </input_file>
      <input_file id="fl-e5">
         <path>C:\ti\ccs1200\ccs\tools\compiler\ti-cgt-arm_20.2.6.LTS\lib\</path>
         <kind>archive</kind>
         <file>rtsv7M4_T_le_v4SPD16_eabi.lib</file>
         <name>s_scalbn.c.obj</name>
      </input_file>
      <input_file id="fl-e6">
         <path>C:\ti\ccs1200\ccs\tools\compiler\ti-cgt-arm_20.2.6.LTS\lib\</path>
         <kind>archive</kind>
         <file>rtsv7M4_T_le_v4SPD16_eabi.lib</file>
         <name>s_copysign.c.obj</name>
      </input_file>
      <input_file id="fl-e7">
         <path>C:\ti\ccs1200\ccs\tools\compiler\ti-cgt-arm_20.2.6.LTS\lib\</path>
         <kind>archive</kind>
         <file>rtsv7M4_T_le_v4SPD16_eabi.lib</file>
         <name>_printfi.c.obj</name>
      </input_file>
      <input_file id="fl-e8">
         <path>C:\ti\ccs1200\ccs\tools\compiler\ti-cgt-arm_20.2.6.LTS\lib\</path>
         <kind>archive</kind>
         <file>rtsv7M4_T_le_v4SPD16_eabi.lib</file>
         <name>memset_t2.asm.obj</name>
      </input_file>
      <input_file id="fl-e9">
         <path>C:\ti\ccs1200\ccs\tools\compiler\ti-cgt-arm_20.2.6.LTS\lib\</path>
         <kind>archive</kind>
         <file>rtsv7M4_T_le_v4SPD16_eabi.lib</file>
         <name>ull_div_t2.asm.obj</name>
      </input_file>
      <input_file id="fl-ea">
         <path>C:\ti\ccs1200\ccs\tools\compiler\ti-cgt-arm_20.2.6.LTS\lib\</path>
         <kind>archive</kind>
         <file>rtsv7M4_T_le_v4SPD16_eabi.lib</file>
         <name>autoinit.c.obj</name>
      </input_file>
      <input_file id="fl-eb">
         <path>C:\ti\ccs1200\ccs\tools\compiler\ti-cgt-arm_20.2.6.LTS\lib\</path>
         <kind>archive</kind>
         <file>rtsv7M4_T_le_v4SPD16_eabi.lib</file>
         <name>pre_init.c.obj</name>
      </input_file>
      <input_file id="fl-ec">
         <path>C:\ti\ccs1200\ccs\tools\compiler\ti-cgt-arm_20.2.6.LTS\lib\</path>
         <kind>archive</kind>
         <file>rtsv7M4_T_le_v4SPD16_eabi.lib</file>
         <name>cpy_tbl.c.obj</name>
      </input_file>
      <input_file id="fl-ed">
         <path>C:\ti\ccs1200\ccs\tools\compiler\ti-cgt-arm_20.2.6.LTS\lib\</path>
         <kind>archive</kind>
         <file>rtsv7M4_T_le_v4SPD16_eabi.lib</file>
         <name>exit.c.obj</name>
      </input_file>
      <input_file id="fl-ee">
         <path>C:\ti\ccs1200\ccs\tools\compiler\ti-cgt-arm_20.2.6.LTS\lib\</path>
         <kind>archive</kind>
         <file>rtsv7M4_T_le_v4SPD16_eabi.lib</file>
         <name>_lock.c.obj</name>
      </input_file>
      <input_file id="fl-ef">
         <path>C:\ti\ccs1200\ccs\tools\compiler\ti-cgt-arm_20.2.6.LTS\lib\</path>
         <kind>archive</kind>
         <file>rtsv7M4_T_le_v4SPD16_eabi.lib</file>
         <name>_ltoa.c.obj</name>
      </input_file>
      <input_file id="fl-f0">
         <path>C:\ti\ccs1200\ccs\tools\compiler\ti-cgt-arm_20.2.6.LTS\lib\</path>
         <kind>archive</kind>
         <file>rtsv7M4_T_le_v4SPD16_eabi.lib</file>
         <name>args_main.c.obj</name>
      </input_file>
      <input_file id="fl-f1">
         <path>C:\ti\ccs1200\ccs\tools\compiler\ti-cgt-arm_20.2.6.LTS\lib\</path>
         <kind>archive</kind>
         <file>rtsv7M4_T_le_v4SPD16_eabi.lib</file>
         <name>atoi.c.obj</name>
      </input_file>
      <input_file id="fl-f2">
         <path>C:\ti\ccs1200\ccs\tools\compiler\ti-cgt-arm_20.2.6.LTS\lib\</path>
         <kind>archive</kind>
         <file>rtsv7M4_T_le_v4SPD16_eabi.lib</file>
         <name>ctype.c.obj</name>
      </input_file>
      <input_file id="fl-f3">
         <path>C:\ti\ccs1200\ccs\tools\compiler\ti-cgt-arm_20.2.6.LTS\lib\</path>
         <kind>archive</kind>
         <file>rtsv7M4_T_le_v4SPD16_eabi.lib</file>
         <name>memccpy.c.obj</name>
      </input_file>
      <input_file id="fl-f4">
         <path>C:\ti\ccs1200\ccs\tools\compiler\ti-cgt-arm_20.2.6.LTS\lib\</path>
         <kind>archive</kind>
         <file>rtsv7M4_T_le_v4SPD16_eabi.lib</file>
         <name>strchr.c.obj</name>
      </input_file>
      <input_file id="fl-f5">
         <path>C:\ti\ccs1200\ccs\tools\compiler\ti-cgt-arm_20.2.6.LTS\lib\</path>
         <kind>archive</kind>
         <file>rtsv7M4_T_le_v4SPD16_eabi.lib</file>
         <name>s_frexp.c.obj</name>
      </input_file>
      <input_file id="fl-f6">
         <path>C:\ti\ccs1200\ccs\tools\compiler\ti-cgt-arm_20.2.6.LTS\lib\</path>
         <kind>archive</kind>
         <file>rtsv7M4_T_le_v4SPD16_eabi.lib</file>
         <name>wcslen.c.obj</name>
      </input_file>
      <input_file id="fl-f7">
         <path>C:\ti\ccs1200\ccs\tools\compiler\ti-cgt-arm_20.2.6.LTS\lib\</path>
         <kind>archive</kind>
         <file>rtsv7M4_T_le_v4SPD16_eabi.lib</file>
         <name>div0.asm.obj</name>
      </input_file>
      <input_file id="fl-f8">
         <path>C:\ti\TivaWare_C_Series-2.2.0.295\driverlib\ccs\Debug\</path>
         <kind>archive</kind>
         <file>driverlib.lib</file>
         <name>interrupt.obj</name>
      </input_file>
      <input_file id="fl-f9">
         <path>C:\ti\TivaWare_C_Series-2.2.0.295\driverlib\ccs\Debug\</path>
         <kind>archive</kind>
         <file>driverlib.lib</file>
         <name>cpu.obj</name>
      </input_file>
   </input_file_list>
   <object_component_list>
      <object_component id="oc-12">
         <name>.intvecs</name>
         <load_address>0x0</load_address>
         <run_address>0x0</run_address>
         <size>0x26c</size>
         <input_file_ref idref="fl-7"/>
      </object_component>
      <object_component id="oc-e3">
         <name>.text</name>
         <load_address>0x26c</load_address>
         <run_address>0x26c</run_address>
         <size>0xc20</size>
         <input_file_ref idref="fl-6"/>
      </object_component>
      <object_component id="oc-141">
         <name>.text</name>
         <load_address>0xe8c</load_address>
         <run_address>0xe8c</run_address>
         <size>0x248</size>
         <input_file_ref idref="fl-2"/>
      </object_component>
      <object_component id="oc-172">
         <name>.text</name>
         <load_address>0x10d4</load_address>
         <run_address>0x10d4</run_address>
         <size>0x1b6</size>
         <input_file_ref idref="fl-cf"/>
      </object_component>
      <object_component id="oc-208">
         <name>.text:_nop</name>
         <load_address>0x128a</load_address>
         <run_address>0x128a</run_address>
         <size>0x2</size>
         <input_file_ref idref="fl-ee"/>
      </object_component>
      <object_component id="oc-d7">
         <name>.text</name>
         <load_address>0x128c</load_address>
         <run_address>0x128c</run_address>
         <size>0x15c</size>
         <input_file_ref idref="fl-13"/>
      </object_component>
      <object_component id="oc-168">
         <name>.text</name>
         <load_address>0x13e8</load_address>
         <run_address>0x13e8</run_address>
         <size>0x136</size>
         <input_file_ref idref="fl-d1"/>
      </object_component>
      <object_component id="oc-22c">
         <name>.text:aligned_alloc</name>
         <load_address>0x1520</load_address>
         <run_address>0x1520</run_address>
         <size>0x100</size>
         <input_file_ref idref="fl-dc"/>
      </object_component>
      <object_component id="oc-163">
         <name>.text</name>
         <load_address>0x1620</load_address>
         <run_address>0x1620</run_address>
         <size>0xfc</size>
         <input_file_ref idref="fl-d2"/>
      </object_component>
      <object_component id="oc-13b">
         <name>.text:free</name>
         <load_address>0x171c</load_address>
         <run_address>0x171c</run_address>
         <size>0xe4</size>
         <input_file_ref idref="fl-dc"/>
      </object_component>
      <object_component id="oc-3e">
         <name>.text</name>
         <load_address>0x1800</load_address>
         <run_address>0x1800</run_address>
         <size>0x9c</size>
         <input_file_ref idref="fl-d7"/>
      </object_component>
      <object_component id="oc-96">
         <name>.text</name>
         <load_address>0x189c</load_address>
         <run_address>0x189c</run_address>
         <size>0x7a</size>
         <input_file_ref idref="fl-e8"/>
      </object_component>
      <object_component id="oc-261">
         <name>.text:split</name>
         <load_address>0x1918</load_address>
         <run_address>0x1918</run_address>
         <size>0x70</size>
         <input_file_ref idref="fl-dc"/>
      </object_component>
      <object_component id="oc-17a">
         <name>.text</name>
         <load_address>0x1988</load_address>
         <run_address>0x1988</run_address>
         <size>0x6e</size>
         <input_file_ref idref="fl-d4"/>
      </object_component>
      <object_component id="oc-15">
         <name>.text:decompress:lzss:__TI_decompress_lzss</name>
         <load_address>0x19f6</load_address>
         <run_address>0x19f6</run_address>
         <size>0x68</size>
         <input_file_ref idref="fl-da"/>
      </object_component>
      <object_component id="oc-f8">
         <name>.text:__TI_auto_init_nobinit_nopinit:__TI_auto_init_nobinit_nopinit</name>
         <load_address>0x1a60</load_address>
         <run_address>0x1a60</run_address>
         <size>0x44</size>
         <input_file_ref idref="fl-ea"/>
      </object_component>
      <object_component id="oc-a2">
         <name>.text</name>
         <load_address>0x1aa4</load_address>
         <run_address>0x1aa4</run_address>
         <size>0x40</size>
         <input_file_ref idref="fl-4"/>
      </object_component>
      <object_component id="oc-135">
         <name>.text:calloc</name>
         <load_address>0x1ae4</load_address>
         <run_address>0x1ae4</run_address>
         <size>0x38</size>
         <input_file_ref idref="fl-dc"/>
      </object_component>
      <object_component id="oc-17f">
         <name>.text</name>
         <load_address>0x1b1c</load_address>
         <run_address>0x1b1c</run_address>
         <size>0x38</size>
         <input_file_ref idref="fl-d5"/>
      </object_component>
      <object_component id="oc-154">
         <name>.text:IntRegister</name>
         <load_address>0x1b54</load_address>
         <run_address>0x1b54</run_address>
         <size>0x34</size>
         <input_file_ref idref="fl-f8"/>
      </object_component>
      <object_component id="oc-5c">
         <name>.text:_c_int00_noargs:_c_int00_noargs</name>
         <load_address>0x1b88</load_address>
         <run_address>0x1b88</run_address>
         <size>0x34</size>
         <input_file_ref idref="fl-e1"/>
      </object_component>
      <object_component id="oc-16d">
         <name>.text</name>
         <load_address>0x1bbc</load_address>
         <run_address>0x1bbc</run_address>
         <size>0x2e</size>
         <input_file_ref idref="fl-d6"/>
      </object_component>
      <object_component id="oc-1da">
         <name>.text:free_list_insert</name>
         <load_address>0x1bec</load_address>
         <run_address>0x1bec</run_address>
         <size>0x28</size>
         <input_file_ref idref="fl-dc"/>
      </object_component>
      <object_component id="oc-4a">
         <name>.text:decompress:ZI:__TI_zero_init_nomemset:__TI_zero_init_nomemset</name>
         <load_address>0x1c14</load_address>
         <run_address>0x1c14</run_address>
         <size>0x1c</size>
         <input_file_ref idref="fl-d8"/>
      </object_component>
      <object_component id="oc-1d4">
         <name>.text:free_list_remove</name>
         <load_address>0x1c30</load_address>
         <run_address>0x1c30</run_address>
         <size>0x1c</size>
         <input_file_ref idref="fl-dc"/>
      </object_component>
      <object_component id="oc-147">
         <name>.text:oi_parseInt</name>
         <load_address>0x1c4c</load_address>
         <run_address>0x1c4c</run_address>
         <size>0x18</size>
         <input_file_ref idref="fl-6"/>
      </object_component>
      <object_component id="oc-14e">
         <name>.text:strcmp</name>
         <load_address>0x1c64</load_address>
         <run_address>0x1c64</run_address>
         <size>0x18</size>
         <input_file_ref idref="fl-dd"/>
      </object_component>
      <object_component id="oc-dd">
         <name>.text:strlen</name>
         <load_address>0x1c7c</load_address>
         <run_address>0x1c7c</run_address>
         <size>0x14</size>
         <input_file_ref idref="fl-df"/>
      </object_component>
      <object_component id="oc-15a">
         <name>.text:IntMasterEnable</name>
         <load_address>0x1c90</load_address>
         <run_address>0x1c90</run_address>
         <size>0x10</size>
         <input_file_ref idref="fl-f8"/>
      </object_component>
      <object_component id="oc-1b">
         <name>.text:decompress:none:__TI_decompress_none</name>
         <load_address>0x1ca0</load_address>
         <run_address>0x1ca0</run_address>
         <size>0xe</size>
         <input_file_ref idref="fl-d9"/>
      </object_component>
      <object_component id="oc-1f2">
         <name>.text:CPUcpsie</name>
         <load_address>0x1cae</load_address>
         <run_address>0x1cae</run_address>
         <size>0xc</size>
         <input_file_ref idref="fl-f9"/>
      </object_component>
      <object_component id="oc-2a">
         <name>.text</name>
         <load_address>0x1cba</load_address>
         <run_address>0x1cba</run_address>
         <size>0xc</size>
         <input_file_ref idref="fl-7"/>
      </object_component>
      <object_component id="oc-1cd">
         <name>.text:malloc</name>
         <load_address>0x1cc6</load_address>
         <run_address>0x1cc6</run_address>
         <size>0x8</size>
         <input_file_ref idref="fl-dc"/>
      </object_component>
      <object_component id="oc-9c">
         <name>.text:_system_pre_init</name>
         <load_address>0x1cce</load_address>
         <run_address>0x1cce</run_address>
         <size>0x4</size>
         <input_file_ref idref="fl-eb"/>
      </object_component>
      <object_component id="oc-ec">
         <name>.text:abort:abort</name>
         <load_address>0x1cd2</load_address>
         <run_address>0x1cd2</run_address>
         <size>0x4</size>
         <input_file_ref idref="fl-ed"/>
      </object_component>
      <object_component id="oc-177">
         <name>.const:.string:$P$T0$3</name>
         <load_address>0x1cd6</load_address>
         <run_address>0x1cd6</run_address>
         <size>0xf</size>
         <input_file_ref idref="fl-6"/>
      </object_component>
      <object_component id="oc-297">
         <name>.cinit..data.load</name>
         <load_address>0x1ce8</load_address>
         <run_address>0x1ce8</run_address>
         <size>0x18</size>
      </object_component>
      <object_component id="oc-294">
         <name>__TI_handler_table</name>
         <load_address>0x1d00</load_address>
         <run_address>0x1d00</run_address>
         <size>0xc</size>
      </object_component>
      <object_component id="oc-298">
         <name>.cinit..bss.load</name>
         <load_address>0x1d10</load_address>
         <run_address>0x1d10</run_address>
         <size>0x8</size>
      </object_component>
      <object_component id="oc-296">
         <name>.cinit..vtable.load</name>
         <load_address>0x1d18</load_address>
         <run_address>0x1d18</run_address>
         <size>0x8</size>
      </object_component>
      <object_component id="oc-295">
         <name>__TI_cinit_table</name>
         <load_address>0x1d20</load_address>
         <run_address>0x1d20</run_address>
         <size>0x18</size>
      </object_component>
      <object_component id="oc-1e8">
         <name>.vtable</name>
         <uninitialized>true</uninitialized>
         <run_address>0x20000000</run_address>
         <size>0x26c</size>
         <input_file_ref idref="fl-f8"/>
      </object_component>
      <object_component id="oc-1e1">
         <name>.data</name>
         <load_address>0x200022f4</load_address>
         <run_address>0x200022f4</run_address>
         <size>0x1</size>
         <input_file_ref idref="fl-2"/>
      </object_component>
      <object_component id="oc-160">
         <name>.data</name>
         <load_address>0x200022c0</load_address>
         <run_address>0x200022c0</run_address>
         <size>0x20</size>
         <input_file_ref idref="fl-6"/>
      </object_component>
      <object_component id="oc-12f">
         <name>.data</name>
         <load_address>0x200022f0</load_address>
         <run_address>0x200022f0</run_address>
         <size>0x4</size>
         <input_file_ref idref="fl-13"/>
      </object_component>
      <object_component id="oc-233">
         <name>.data:$O1$$</name>
         <load_address>0x200022e8</load_address>
         <run_address>0x200022e8</run_address>
         <size>0x8</size>
         <input_file_ref idref="fl-dc"/>
      </object_component>
      <object_component id="oc-1a1">
         <name>.data:$O1$$</name>
         <load_address>0x200022e0</load_address>
         <run_address>0x200022e0</run_address>
         <size>0x8</size>
         <input_file_ref idref="fl-ee"/>
      </object_component>
      <object_component id="oc-184">
         <name>.bss:firmware$2</name>
         <uninitialized>true</uninitialized>
         <run_address>0x200022a4</run_address>
         <size>0x18</size>
         <input_file_ref idref="fl-6"/>
      </object_component>
      <object_component id="oc-1e4">
         <name>.common:_timeout_ticks</name>
         <uninitialized>true</uninitialized>
         <run_address>0x200022bc</run_address>
         <size>0x4</size>
      </object_component>
      <object_component id="oc-12c">
         <name>.common:isr_char_buffer</name>
         <uninitialized>true</uninitialized>
         <run_address>0x20002270</run_address>
         <size>0x34</size>
      </object_component>
      <object_component id="oc-24">
         <name>.sysmem</name>
         <uninitialized>true</uninitialized>
         <run_address>0x20001270</run_address>
         <size>0x10</size>
         <input_file_ref idref="fl-dc"/>
      </object_component>
      <object_component id="oc-29b">
         <name>.sysmem</name>
         <uninitialized>true</uninitialized>
         <run_address>0x20001270</run_address>
         <size>0x0</size>
      </object_component>
      <object_component id="oc-27">
         <name>.stack</name>
         <uninitialized>true</uninitialized>
         <run_address>0x20000270</run_address>
         <size>0x4</size>
         <input_file_ref idref="fl-e1"/>
      </object_component>
      <object_component id="oc-29a">
         <name>.stack</name>
         <uninitialized>true</uninitialized>
         <run_address>0x20000270</run_address>
         <size>0x0</size>
      </object_component>
      <object_component id="oc-c5">
         <name>.debug_info</name>
         <load_address>0x0</load_address>
         <run_address>0x0</run_address>
         <size>0x2b1</size>
         <input_file_ref idref="fl-2"/>
      </object_component>
      <object_component id="oc-1e2">
         <name>.debug_info</name>
         <load_address>0x2b1</load_address>
         <run_address>0x2b1</run_address>
         <size>0xbf</size>
         <input_file_ref idref="fl-2"/>
      </object_component>
      <object_component id="oc-142">
         <name>.debug_info</name>
         <load_address>0x370</load_address>
         <run_address>0x370</run_address>
         <size>0x507</size>
         <input_file_ref idref="fl-2"/>
      </object_component>
      <object_component id="oc-77">
         <name>.debug_info</name>
         <load_address>0x877</load_address>
         <run_address>0x877</run_address>
         <size>0x26b</size>
         <input_file_ref idref="fl-2"/>
      </object_component>
      <object_component id="oc-39">
         <name>.debug_info</name>
         <load_address>0xae2</load_address>
         <run_address>0xae2</run_address>
         <size>0x84</size>
         <input_file_ref idref="fl-2"/>
      </object_component>
      <object_component id="oc-c0">
         <name>.debug_info</name>
         <load_address>0xb66</load_address>
         <run_address>0xb66</run_address>
         <size>0x2a4</size>
         <input_file_ref idref="fl-2"/>
      </object_component>
      <object_component id="oc-7c">
         <name>.debug_info</name>
         <load_address>0xe0a</load_address>
         <run_address>0xe0a</run_address>
         <size>0xbb</size>
         <input_file_ref idref="fl-2"/>
      </object_component>
      <object_component id="oc-205">
         <name>.debug_info</name>
         <load_address>0xec5</load_address>
         <run_address>0xec5</run_address>
         <size>0x37f</size>
         <input_file_ref idref="fl-3"/>
      </object_component>
      <object_component id="oc-198">
         <name>.debug_info</name>
         <load_address>0x1244</load_address>
         <run_address>0x1244</run_address>
         <size>0xcc</size>
         <input_file_ref idref="fl-3"/>
      </object_component>
      <object_component id="oc-24d">
         <name>.debug_info</name>
         <load_address>0x1310</load_address>
         <run_address>0x1310</run_address>
         <size>0x2c</size>
         <input_file_ref idref="fl-3"/>
      </object_component>
      <object_component id="oc-193">
         <name>.debug_info</name>
         <load_address>0x133c</load_address>
         <run_address>0x133c</run_address>
         <size>0x35</size>
         <input_file_ref idref="fl-3"/>
      </object_component>
      <object_component id="oc-ea">
         <name>.debug_info</name>
         <load_address>0x1371</load_address>
         <run_address>0x1371</run_address>
         <size>0x386</size>
         <input_file_ref idref="fl-4"/>
      </object_component>
      <object_component id="oc-a3">
         <name>.debug_info</name>
         <load_address>0x16f7</load_address>
         <run_address>0x16f7</run_address>
         <size>0x1d0</size>
         <input_file_ref idref="fl-4"/>
      </object_component>
      <object_component id="oc-18e">
         <name>.debug_info</name>
         <load_address>0x18c7</load_address>
         <run_address>0x18c7</run_address>
         <size>0x5aa</size>
         <input_file_ref idref="fl-4"/>
      </object_component>
      <object_component id="oc-186">
         <name>.debug_info</name>
         <load_address>0x1e71</load_address>
         <run_address>0x1e71</run_address>
         <size>0x3fc</size>
         <input_file_ref idref="fl-6"/>
      </object_component>
      <object_component id="oc-161">
         <name>.debug_info</name>
         <load_address>0x226d</load_address>
         <run_address>0x226d</run_address>
         <size>0x111</size>
         <input_file_ref idref="fl-6"/>
      </object_component>
      <object_component id="oc-178">
         <name>.debug_info</name>
         <load_address>0x237e</load_address>
         <run_address>0x237e</run_address>
         <size>0xc6</size>
         <input_file_ref idref="fl-6"/>
      </object_component>
      <object_component id="oc-149">
         <name>.debug_info</name>
         <load_address>0x2444</load_address>
         <run_address>0x2444</run_address>
         <size>0x13e</size>
         <input_file_ref idref="fl-6"/>
      </object_component>
      <object_component id="oc-e6">
         <name>.debug_info</name>
         <load_address>0x2582</load_address>
         <run_address>0x2582</run_address>
         <size>0x1988</size>
         <input_file_ref idref="fl-6"/>
      </object_component>
      <object_component id="oc-187">
         <name>.debug_info</name>
         <load_address>0x3f0a</load_address>
         <run_address>0x3f0a</run_address>
         <size>0x8b</size>
         <input_file_ref idref="fl-6"/>
      </object_component>
      <object_component id="oc-32">
         <name>.debug_info</name>
         <load_address>0x3f95</load_address>
         <run_address>0x3f95</run_address>
         <size>0x29b</size>
         <input_file_ref idref="fl-7"/>
      </object_component>
      <object_component id="oc-13">
         <name>.debug_info</name>
         <load_address>0x4230</load_address>
         <run_address>0x4230</run_address>
         <size>0xda</size>
         <input_file_ref idref="fl-7"/>
      </object_component>
      <object_component id="oc-2b">
         <name>.debug_info</name>
         <load_address>0x430a</load_address>
         <run_address>0x430a</run_address>
         <size>0x256</size>
         <input_file_ref idref="fl-7"/>
      </object_component>
      <object_component id="oc-12d">
         <name>.debug_info</name>
         <load_address>0x4560</load_address>
         <run_address>0x4560</run_address>
         <size>0x326</size>
         <input_file_ref idref="fl-13"/>
      </object_component>
      <object_component id="oc-130">
         <name>.debug_info</name>
         <load_address>0x4886</load_address>
         <run_address>0x4886</run_address>
         <size>0xee</size>
         <input_file_ref idref="fl-13"/>
      </object_component>
      <object_component id="oc-db">
         <name>.debug_info</name>
         <load_address>0x4974</load_address>
         <run_address>0x4974</run_address>
         <size>0x43b</size>
         <input_file_ref idref="fl-13"/>
      </object_component>
      <object_component id="oc-1c4">
         <name>.debug_info</name>
         <load_address>0x4daf</load_address>
         <run_address>0x4daf</run_address>
         <size>0x26b</size>
         <input_file_ref idref="fl-13"/>
      </object_component>
      <object_component id="oc-227">
         <name>.debug_info</name>
         <load_address>0x501a</load_address>
         <run_address>0x501a</run_address>
         <size>0x297</size>
         <input_file_ref idref="fl-13"/>
      </object_component>
      <object_component id="oc-1bf">
         <name>.debug_info</name>
         <load_address>0x52b1</load_address>
         <run_address>0x52b1</run_address>
         <size>0xbb</size>
         <input_file_ref idref="fl-13"/>
      </object_component>
      <object_component id="oc-173">
         <name>.debug_info</name>
         <load_address>0x536c</load_address>
         <run_address>0x536c</run_address>
         <size>0x14c</size>
         <input_file_ref idref="fl-cf"/>
      </object_component>
      <object_component id="oc-16b">
         <name>.debug_info</name>
         <load_address>0x54b8</load_address>
         <run_address>0x54b8</run_address>
         <size>0x13a</size>
         <input_file_ref idref="fl-d1"/>
      </object_component>
      <object_component id="oc-166">
         <name>.debug_info</name>
         <load_address>0x55f2</load_address>
         <run_address>0x55f2</run_address>
         <size>0x13a</size>
         <input_file_ref idref="fl-d2"/>
      </object_component>
      <object_component id="oc-17d">
         <name>.debug_info</name>
         <load_address>0x572c</load_address>
         <run_address>0x572c</run_address>
         <size>0x13e</size>
         <input_file_ref idref="fl-d4"/>
      </object_component>
      <object_component id="oc-180">
         <name>.debug_info</name>
         <load_address>0x586a</load_address>
         <run_address>0x586a</run_address>
         <size>0x12c</size>
         <input_file_ref idref="fl-d5"/>
      </object_component>
      <object_component id="oc-16f">
         <name>.debug_info</name>
         <load_address>0x5996</load_address>
         <run_address>0x5996</run_address>
         <size>0x12c</size>
         <input_file_ref idref="fl-d6"/>
      </object_component>
      <object_component id="oc-3f">
         <name>.debug_info</name>
         <load_address>0x5ac2</load_address>
         <run_address>0x5ac2</run_address>
         <size>0x119</size>
         <input_file_ref idref="fl-d7"/>
      </object_component>
      <object_component id="oc-95">
         <name>.debug_info</name>
         <load_address>0x5bdb</load_address>
         <run_address>0x5bdb</run_address>
         <size>0x2d4</size>
         <input_file_ref idref="fl-d8"/>
      </object_component>
      <object_component id="oc-4d">
         <name>.debug_info</name>
         <load_address>0x5eaf</load_address>
         <run_address>0x5eaf</run_address>
         <size>0x1d2</size>
         <input_file_ref idref="fl-d8"/>
      </object_component>
      <object_component id="oc-90">
         <name>.debug_info</name>
         <load_address>0x6081</load_address>
         <run_address>0x6081</run_address>
         <size>0x46</size>
         <input_file_ref idref="fl-d8"/>
      </object_component>
      <object_component id="oc-ce">
         <name>.debug_info</name>
         <load_address>0x60c7</load_address>
         <run_address>0x60c7</run_address>
         <size>0x2c</size>
         <input_file_ref idref="fl-d8"/>
      </object_component>
      <object_component id="oc-49">
         <name>.debug_info</name>
         <load_address>0x60f3</load_address>
         <run_address>0x60f3</run_address>
         <size>0x2a8</size>
         <input_file_ref idref="fl-d9"/>
      </object_component>
      <object_component id="oc-1c">
         <name>.debug_info</name>
         <load_address>0x639b</load_address>
         <run_address>0x639b</run_address>
         <size>0x1ea</size>
         <input_file_ref idref="fl-d9"/>
      </object_component>
      <object_component id="oc-44">
         <name>.debug_info</name>
         <load_address>0x6585</load_address>
         <run_address>0x6585</run_address>
         <size>0x46</size>
         <input_file_ref idref="fl-d9"/>
      </object_component>
      <object_component id="oc-88">
         <name>.debug_info</name>
         <load_address>0x65cb</load_address>
         <run_address>0x65cb</run_address>
         <size>0x2c</size>
         <input_file_ref idref="fl-d9"/>
      </object_component>
      <object_component id="oc-86">
         <name>.debug_info</name>
         <load_address>0x65f7</load_address>
         <run_address>0x65f7</run_address>
         <size>0x29e</size>
         <input_file_ref idref="fl-da"/>
      </object_component>
      <object_component id="oc-19">
         <name>.debug_info</name>
         <load_address>0x6895</load_address>
         <run_address>0x6895</run_address>
         <size>0x250</size>
         <input_file_ref idref="fl-da"/>
      </object_component>
      <object_component id="oc-34">
         <name>.debug_info</name>
         <load_address>0x6ae5</load_address>
         <run_address>0x6ae5</run_address>
         <size>0x60</size>
         <input_file_ref idref="fl-da"/>
      </object_component>
      <object_component id="oc-c7">
         <name>.debug_info</name>
         <load_address>0x6b45</load_address>
         <run_address>0x6b45</run_address>
         <size>0x46</size>
         <input_file_ref idref="fl-da"/>
      </object_component>
      <object_component id="oc-81">
         <name>.debug_info</name>
         <load_address>0x6b8b</load_address>
         <run_address>0x6b8b</run_address>
         <size>0x39</size>
         <input_file_ref idref="fl-da"/>
      </object_component>
      <object_component id="oc-70">
         <name>.debug_info</name>
         <load_address>0x6bc4</load_address>
         <run_address>0x6bc4</run_address>
         <size>0x3b2</size>
         <input_file_ref idref="fl-dc"/>
      </object_component>
      <object_component id="oc-25">
         <name>.debug_info</name>
         <load_address>0x6f76</load_address>
         <run_address>0x6f76</run_address>
         <size>0x10c</size>
         <input_file_ref idref="fl-dc"/>
      </object_component>
      <object_component id="oc-234">
         <name>.debug_info</name>
         <load_address>0x7082</load_address>
         <run_address>0x7082</run_address>
         <size>0x13f</size>
         <input_file_ref idref="fl-dc"/>
      </object_component>
      <object_component id="oc-1cf">
         <name>.debug_info</name>
         <load_address>0x71c1</load_address>
         <run_address>0x71c1</run_address>
         <size>0x168</size>
         <input_file_ref idref="fl-dc"/>
      </object_component>
      <object_component id="oc-1d5">
         <name>.debug_info</name>
         <load_address>0x7329</load_address>
         <run_address>0x7329</run_address>
         <size>0x18e</size>
         <input_file_ref idref="fl-dc"/>
      </object_component>
      <object_component id="oc-1dc">
         <name>.debug_info</name>
         <load_address>0x74b7</load_address>
         <run_address>0x74b7</run_address>
         <size>0x19f</size>
         <input_file_ref idref="fl-dc"/>
      </object_component>
      <object_component id="oc-13c">
         <name>.debug_info</name>
         <load_address>0x7656</load_address>
         <run_address>0x7656</run_address>
         <size>0x203</size>
         <input_file_ref idref="fl-dc"/>
      </object_component>
      <object_component id="oc-262">
         <name>.debug_info</name>
         <load_address>0x7859</load_address>
         <run_address>0x7859</run_address>
         <size>0x1db</size>
         <input_file_ref idref="fl-dc"/>
      </object_component>
      <object_component id="oc-136">
         <name>.debug_info</name>
         <load_address>0x7a34</load_address>
         <run_address>0x7a34</run_address>
         <size>0x1a5</size>
         <input_file_ref idref="fl-dc"/>
      </object_component>
      <object_component id="oc-22d">
         <name>.debug_info</name>
         <load_address>0x7bd9</load_address>
         <run_address>0x7bd9</run_address>
         <size>0x299</size>
         <input_file_ref idref="fl-dc"/>
      </object_component>
      <object_component id="oc-bb">
         <name>.debug_info</name>
         <load_address>0x7e72</load_address>
         <run_address>0x7e72</run_address>
         <size>0xb2</size>
         <input_file_ref idref="fl-dc"/>
      </object_component>
      <object_component id="oc-b6">
         <name>.debug_info</name>
         <load_address>0x7f24</load_address>
         <run_address>0x7f24</run_address>
         <size>0x2c</size>
         <input_file_ref idref="fl-dc"/>
      </object_component>
      <object_component id="oc-1e7">
         <name>.debug_info</name>
         <load_address>0x7f50</load_address>
         <run_address>0x7f50</run_address>
         <size>0x28a</size>
         <input_file_ref idref="fl-dd"/>
      </object_component>
      <object_component id="oc-150">
         <name>.debug_info</name>
         <load_address>0x81da</load_address>
         <run_address>0x81da</run_address>
         <size>0x273</size>
         <input_file_ref idref="fl-dd"/>
      </object_component>
      <object_component id="oc-134">
         <name>.debug_info</name>
         <load_address>0x844d</load_address>
         <run_address>0x844d</run_address>
         <size>0x28f</size>
         <input_file_ref idref="fl-df"/>
      </object_component>
      <object_component id="oc-e0">
         <name>.debug_info</name>
         <load_address>0x86dc</load_address>
         <run_address>0x86dc</run_address>
         <size>0x245</size>
         <input_file_ref idref="fl-df"/>
      </object_component>
      <object_component id="oc-28">
         <name>.debug_info</name>
         <load_address>0x8921</load_address>
         <run_address>0x8921</run_address>
         <size>0x10b</size>
         <input_file_ref idref="fl-e1"/>
      </object_component>
      <object_component id="oc-5e">
         <name>.debug_info</name>
         <load_address>0x8a2c</load_address>
         <run_address>0x8a2c</run_address>
         <size>0x1a9</size>
         <input_file_ref idref="fl-e1"/>
      </object_component>
      <object_component id="oc-98">
         <name>.debug_info</name>
         <load_address>0x8bd5</load_address>
         <run_address>0x8bd5</run_address>
         <size>0x147</size>
         <input_file_ref idref="fl-e8"/>
      </object_component>
      <object_component id="oc-1a8">
         <name>.debug_info</name>
         <load_address>0x8d1c</load_address>
         <run_address>0x8d1c</run_address>
         <size>0x4b3</size>
         <input_file_ref idref="fl-ea"/>
      </object_component>
      <object_component id="oc-f9">
         <name>.debug_info</name>
         <load_address>0x91cf</load_address>
         <run_address>0x91cf</run_address>
         <size>0x1a6</size>
         <input_file_ref idref="fl-ea"/>
      </object_component>
      <object_component id="oc-216">
         <name>.debug_info</name>
         <load_address>0x9375</load_address>
         <run_address>0x9375</run_address>
         <size>0x39</size>
         <input_file_ref idref="fl-ea"/>
      </object_component>
      <object_component id="oc-255">
         <name>.debug_info</name>
         <load_address>0x93ae</load_address>
         <run_address>0x93ae</run_address>
         <size>0x39</size>
         <input_file_ref idref="fl-ea"/>
      </object_component>
      <object_component id="oc-21b">
         <name>.debug_info</name>
         <load_address>0x93e7</load_address>
         <run_address>0x93e7</run_address>
         <size>0x39</size>
         <input_file_ref idref="fl-ea"/>
      </object_component>
      <object_component id="oc-220">
         <name>.debug_info</name>
         <load_address>0x9420</load_address>
         <run_address>0x9420</run_address>
         <size>0xcd</size>
         <input_file_ref idref="fl-ea"/>
      </object_component>
      <object_component id="oc-a0">
         <name>.debug_info</name>
         <load_address>0x94ed</load_address>
         <run_address>0x94ed</run_address>
         <size>0x153</size>
         <input_file_ref idref="fl-eb"/>
      </object_component>
      <object_component id="oc-ef">
         <name>.debug_info</name>
         <load_address>0x9640</load_address>
         <run_address>0x9640</run_address>
         <size>0x122</size>
         <input_file_ref idref="fl-ed"/>
      </object_component>
      <object_component id="oc-210">
         <name>.debug_info</name>
         <load_address>0x9762</load_address>
         <run_address>0x9762</run_address>
         <size>0x2c9</size>
         <input_file_ref idref="fl-ee"/>
      </object_component>
      <object_component id="oc-1a2">
         <name>.debug_info</name>
         <load_address>0x9a2b</load_address>
         <run_address>0x9a2b</run_address>
         <size>0x11e</size>
         <input_file_ref idref="fl-ee"/>
      </object_component>
      <object_component id="oc-209">
         <name>.debug_info</name>
         <load_address>0x9b49</load_address>
         <run_address>0x9b49</run_address>
         <size>0x12e</size>
         <input_file_ref idref="fl-ee"/>
      </object_component>
      <object_component id="oc-1f1">
         <name>.debug_info</name>
         <load_address>0x9c77</load_address>
         <run_address>0x9c77</run_address>
         <size>0x3b7</size>
         <input_file_ref idref="fl-f8"/>
      </object_component>
      <object_component id="oc-1e9">
         <name>.debug_info</name>
         <load_address>0xa02e</load_address>
         <run_address>0xa02e</run_address>
         <size>0x160</size>
         <input_file_ref idref="fl-f8"/>
      </object_component>
      <object_component id="oc-155">
         <name>.debug_info</name>
         <load_address>0xa18e</load_address>
         <run_address>0xa18e</run_address>
         <size>0x2ca</size>
         <input_file_ref idref="fl-f8"/>
      </object_component>
      <object_component id="oc-15b">
         <name>.debug_info</name>
         <load_address>0xa458</load_address>
         <run_address>0xa458</run_address>
         <size>0x247</size>
         <input_file_ref idref="fl-f8"/>
      </object_component>
      <object_component id="oc-245">
         <name>.debug_info</name>
         <load_address>0xa69f</load_address>
         <run_address>0xa69f</run_address>
         <size>0x26b</size>
         <input_file_ref idref="fl-f8"/>
      </object_component>
      <object_component id="oc-23e">
         <name>.debug_info</name>
         <load_address>0xa90a</load_address>
         <run_address>0xa90a</run_address>
         <size>0x297</size>
         <input_file_ref idref="fl-f8"/>
      </object_component>
      <object_component id="oc-1ec">
         <name>.debug_info</name>
         <load_address>0xaba1</load_address>
         <run_address>0xaba1</run_address>
         <size>0xbb</size>
         <input_file_ref idref="fl-f8"/>
      </object_component>
      <object_component id="oc-1f4">
         <name>.debug_info</name>
         <load_address>0xac5c</load_address>
         <run_address>0xac5c</run_address>
         <size>0x21b</size>
         <input_file_ref idref="fl-f9"/>
      </object_component>
      <object_component id="oc-29c">
         <name>.debug_info</name>
         <load_address>0xae77</load_address>
         <run_address>0xae77</run_address>
         <size>0x8d</size>
      </object_component>
      <object_component id="oc-12b">
         <name>.debug_line</name>
         <load_address>0x0</load_address>
         <run_address>0x0</run_address>
         <size>0x69</size>
         <input_file_ref idref="fl-2"/>
      </object_component>
      <object_component id="oc-239">
         <name>.debug_line</name>
         <load_address>0x69</load_address>
         <run_address>0x69</run_address>
         <size>0x2e</size>
         <input_file_ref idref="fl-2"/>
      </object_component>
      <object_component id="oc-145">
         <name>.debug_line</name>
         <load_address>0x97</load_address>
         <run_address>0x97</run_address>
         <size>0x179</size>
         <input_file_ref idref="fl-2"/>
      </object_component>
      <object_component id="oc-7a">
         <name>.debug_line</name>
         <load_address>0x210</load_address>
         <run_address>0x210</run_address>
         <size>0x6f</size>
         <input_file_ref idref="fl-2"/>
      </object_component>
      <object_component id="oc-3c">
         <name>.debug_line</name>
         <load_address>0x27f</load_address>
         <run_address>0x27f</run_address>
         <size>0x20</size>
         <input_file_ref idref="fl-2"/>
      </object_component>
      <object_component id="oc-c3">
         <name>.debug_line</name>
         <load_address>0x29f</load_address>
         <run_address>0x29f</run_address>
         <size>0x73</size>
         <input_file_ref idref="fl-2"/>
      </object_component>
      <object_component id="oc-7f">
         <name>.debug_line</name>
         <load_address>0x312</load_address>
         <run_address>0x312</run_address>
         <size>0x70</size>
         <input_file_ref idref="fl-2"/>
      </object_component>
      <object_component id="oc-24c">
         <name>.debug_line</name>
         <load_address>0x382</load_address>
         <run_address>0x382</run_address>
         <size>0xc3</size>
         <input_file_ref idref="fl-3"/>
      </object_component>
      <object_component id="oc-19b">
         <name>.debug_line</name>
         <load_address>0x445</load_address>
         <run_address>0x445</run_address>
         <size>0x6a</size>
         <input_file_ref idref="fl-3"/>
      </object_component>
      <object_component id="oc-250">
         <name>.debug_line</name>
         <load_address>0x4af</load_address>
         <run_address>0x4af</run_address>
         <size>0x6b</size>
         <input_file_ref idref="fl-3"/>
      </object_component>
      <object_component id="oc-196">
         <name>.debug_line</name>
         <load_address>0x51a</load_address>
         <run_address>0x51a</run_address>
         <size>0x74</size>
         <input_file_ref idref="fl-3"/>
      </object_component>
      <object_component id="oc-18d">
         <name>.debug_line</name>
         <load_address>0x58e</load_address>
         <run_address>0x58e</run_address>
         <size>0xa8</size>
         <input_file_ref idref="fl-4"/>
      </object_component>
      <object_component id="oc-a6">
         <name>.debug_line</name>
         <load_address>0x636</load_address>
         <run_address>0x636</run_address>
         <size>0x70</size>
         <input_file_ref idref="fl-4"/>
      </object_component>
      <object_component id="oc-191">
         <name>.debug_line</name>
         <load_address>0x6a6</load_address>
         <run_address>0x6a6</run_address>
         <size>0x37</size>
         <input_file_ref idref="fl-4"/>
      </object_component>
      <object_component id="oc-204">
         <name>.debug_line</name>
         <load_address>0x6dd</load_address>
         <run_address>0x6dd</run_address>
         <size>0xff</size>
         <input_file_ref idref="fl-6"/>
      </object_component>
      <object_component id="oc-1fa">
         <name>.debug_line</name>
         <load_address>0x7dc</load_address>
         <run_address>0x7dc</run_address>
         <size>0x37</size>
         <input_file_ref idref="fl-6"/>
      </object_component>
      <object_component id="oc-200">
         <name>.debug_line</name>
         <load_address>0x813</load_address>
         <run_address>0x813</run_address>
         <size>0x37</size>
         <input_file_ref idref="fl-6"/>
      </object_component>
      <object_component id="oc-14c">
         <name>.debug_line</name>
         <load_address>0x84a</load_address>
         <run_address>0x84a</run_address>
         <size>0x4f</size>
         <input_file_ref idref="fl-6"/>
      </object_component>
      <object_component id="oc-e5">
         <name>.debug_line</name>
         <load_address>0x899</load_address>
         <run_address>0x899</run_address>
         <size>0x440</size>
         <input_file_ref idref="fl-6"/>
      </object_component>
      <object_component id="oc-18a">
         <name>.debug_line</name>
         <load_address>0xcd9</load_address>
         <run_address>0xcd9</run_address>
         <size>0x20</size>
         <input_file_ref idref="fl-6"/>
      </object_component>
      <object_component id="oc-76">
         <name>.debug_line</name>
         <load_address>0xcf9</load_address>
         <run_address>0xcf9</run_address>
         <size>0x41</size>
         <input_file_ref idref="fl-7"/>
      </object_component>
      <object_component id="oc-31">
         <name>.debug_line</name>
         <load_address>0xd3a</load_address>
         <run_address>0xd3a</run_address>
         <size>0x41</size>
         <input_file_ref idref="fl-7"/>
      </object_component>
      <object_component id="oc-2e">
         <name>.debug_line</name>
         <load_address>0xd7b</load_address>
         <run_address>0xd7b</run_address>
         <size>0xa1</size>
         <input_file_ref idref="fl-7"/>
      </object_component>
      <object_component id="oc-1be">
         <name>.debug_line</name>
         <load_address>0xe1c</load_address>
         <run_address>0xe1c</run_address>
         <size>0x2d</size>
         <input_file_ref idref="fl-13"/>
      </object_component>
      <object_component id="oc-1ca">
         <name>.debug_line</name>
         <load_address>0xe49</load_address>
         <run_address>0xe49</run_address>
         <size>0x2d</size>
         <input_file_ref idref="fl-13"/>
      </object_component>
      <object_component id="oc-da">
         <name>.debug_line</name>
         <load_address>0xe76</load_address>
         <run_address>0xe76</run_address>
         <size>0x147</size>
         <input_file_ref idref="fl-13"/>
      </object_component>
      <object_component id="oc-1c7">
         <name>.debug_line</name>
         <load_address>0xfbd</load_address>
         <run_address>0xfbd</run_address>
         <size>0x69</size>
         <input_file_ref idref="fl-13"/>
      </object_component>
      <object_component id="oc-22a">
         <name>.debug_line</name>
         <load_address>0x1026</load_address>
         <run_address>0x1026</run_address>
         <size>0x6d</size>
         <input_file_ref idref="fl-13"/>
      </object_component>
      <object_component id="oc-1c2">
         <name>.debug_line</name>
         <load_address>0x1093</load_address>
         <run_address>0x1093</run_address>
         <size>0x6a</size>
         <input_file_ref idref="fl-13"/>
      </object_component>
      <object_component id="oc-176">
         <name>.debug_line</name>
         <load_address>0x10fd</load_address>
         <run_address>0x10fd</run_address>
         <size>0xd2</size>
         <input_file_ref idref="fl-cf"/>
      </object_component>
      <object_component id="oc-169">
         <name>.debug_line</name>
         <load_address>0x11cf</load_address>
         <run_address>0x11cf</run_address>
         <size>0xa8</size>
         <input_file_ref idref="fl-d1"/>
      </object_component>
      <object_component id="oc-164">
         <name>.debug_line</name>
         <load_address>0x1277</load_address>
         <run_address>0x1277</run_address>
         <size>0x8e</size>
         <input_file_ref idref="fl-d2"/>
      </object_component>
      <object_component id="oc-17c">
         <name>.debug_line</name>
         <load_address>0x1305</load_address>
         <run_address>0x1305</run_address>
         <size>0x67</size>
         <input_file_ref idref="fl-d4"/>
      </object_component>
      <object_component id="oc-183">
         <name>.debug_line</name>
         <load_address>0x136c</load_address>
         <run_address>0x136c</run_address>
         <size>0x57</size>
         <input_file_ref idref="fl-d5"/>
      </object_component>
      <object_component id="oc-16e">
         <name>.debug_line</name>
         <load_address>0x13c3</load_address>
         <run_address>0x13c3</run_address>
         <size>0x50</size>
         <input_file_ref idref="fl-d6"/>
      </object_component>
      <object_component id="oc-42">
         <name>.debug_line</name>
         <load_address>0x1413</load_address>
         <run_address>0x1413</run_address>
         <size>0x88</size>
         <input_file_ref idref="fl-d7"/>
      </object_component>
      <object_component id="oc-d4">
         <name>.debug_line</name>
         <load_address>0x149b</load_address>
         <run_address>0x149b</run_address>
         <size>0x92</size>
         <input_file_ref idref="fl-d8"/>
      </object_component>
      <object_component id="oc-4c">
         <name>.debug_line</name>
         <load_address>0x152d</load_address>
         <run_address>0x152d</run_address>
         <size>0x56</size>
         <input_file_ref idref="fl-d8"/>
      </object_component>
      <object_component id="oc-93">
         <name>.debug_line</name>
         <load_address>0x1583</load_address>
         <run_address>0x1583</run_address>
         <size>0x34</size>
         <input_file_ref idref="fl-d8"/>
      </object_component>
      <object_component id="oc-d1">
         <name>.debug_line</name>
         <load_address>0x15b7</load_address>
         <run_address>0x15b7</run_address>
         <size>0x92</size>
         <input_file_ref idref="fl-d8"/>
      </object_component>
      <object_component id="oc-8e">
         <name>.debug_line</name>
         <load_address>0x1649</load_address>
         <run_address>0x1649</run_address>
         <size>0x20</size>
         <input_file_ref idref="fl-d9"/>
      </object_component>
      <object_component id="oc-1f">
         <name>.debug_line</name>
         <load_address>0x1669</load_address>
         <run_address>0x1669</run_address>
         <size>0x55</size>
         <input_file_ref idref="fl-d9"/>
      </object_component>
      <object_component id="oc-47">
         <name>.debug_line</name>
         <load_address>0x16be</load_address>
         <run_address>0x16be</run_address>
         <size>0x3a</size>
         <input_file_ref idref="fl-d9"/>
      </object_component>
      <object_component id="oc-8b">
         <name>.debug_line</name>
         <load_address>0x16f8</load_address>
         <run_address>0x16f8</run_address>
         <size>0x92</size>
         <input_file_ref idref="fl-d9"/>
      </object_component>
      <object_component id="oc-cd">
         <name>.debug_line</name>
         <load_address>0x178a</load_address>
         <run_address>0x178a</run_address>
         <size>0x20</size>
         <input_file_ref idref="fl-da"/>
      </object_component>
      <object_component id="oc-18">
         <name>.debug_line</name>
         <load_address>0x17aa</load_address>
         <run_address>0x17aa</run_address>
         <size>0xa9</size>
         <input_file_ref idref="fl-da"/>
      </object_component>
      <object_component id="oc-37">
         <name>.debug_line</name>
         <load_address>0x1853</load_address>
         <run_address>0x1853</run_address>
         <size>0x3a</size>
         <input_file_ref idref="fl-da"/>
      </object_component>
      <object_component id="oc-ca">
         <name>.debug_line</name>
         <load_address>0x188d</load_address>
         <run_address>0x188d</run_address>
         <size>0x9a</size>
         <input_file_ref idref="fl-da"/>
      </object_component>
      <object_component id="oc-84">
         <name>.debug_line</name>
         <load_address>0x1927</load_address>
         <run_address>0x1927</run_address>
         <size>0x96</size>
         <input_file_ref idref="fl-da"/>
      </object_component>
      <object_component id="oc-b5">
         <name>.debug_line</name>
         <load_address>0x19bd</load_address>
         <run_address>0x19bd</run_address>
         <size>0x10f</size>
         <input_file_ref idref="fl-dc"/>
      </object_component>
      <object_component id="oc-6f">
         <name>.debug_line</name>
         <load_address>0x1acc</load_address>
         <run_address>0x1acc</run_address>
         <size>0x2c</size>
         <input_file_ref idref="fl-dc"/>
      </object_component>
      <object_component id="oc-269">
         <name>.debug_line</name>
         <load_address>0x1af8</load_address>
         <run_address>0x1af8</run_address>
         <size>0x2c</size>
         <input_file_ref idref="fl-dc"/>
      </object_component>
      <object_component id="oc-1ce">
         <name>.debug_line</name>
         <load_address>0x1b24</load_address>
         <run_address>0x1b24</run_address>
         <size>0x41</size>
         <input_file_ref idref="fl-dc"/>
      </object_component>
      <object_component id="oc-1d8">
         <name>.debug_line</name>
         <load_address>0x1b65</load_address>
         <run_address>0x1b65</run_address>
         <size>0x50</size>
         <input_file_ref idref="fl-dc"/>
      </object_component>
      <object_component id="oc-1db">
         <name>.debug_line</name>
         <load_address>0x1bb5</load_address>
         <run_address>0x1bb5</run_address>
         <size>0x55</size>
         <input_file_ref idref="fl-dc"/>
      </object_component>
      <object_component id="oc-13f">
         <name>.debug_line</name>
         <load_address>0x1c0a</load_address>
         <run_address>0x1c0a</run_address>
         <size>0xd0</size>
         <input_file_ref idref="fl-dc"/>
      </object_component>
      <object_component id="oc-265">
         <name>.debug_line</name>
         <load_address>0x1cda</load_address>
         <run_address>0x1cda</run_address>
         <size>0x98</size>
         <input_file_ref idref="fl-dc"/>
      </object_component>
      <object_component id="oc-139">
         <name>.debug_line</name>
         <load_address>0x1d72</load_address>
         <run_address>0x1d72</run_address>
         <size>0x54</size>
         <input_file_ref idref="fl-dc"/>
      </object_component>
      <object_component id="oc-231">
         <name>.debug_line</name>
         <load_address>0x1dc6</load_address>
         <run_address>0x1dc6</run_address>
         <size>0x112</size>
         <input_file_ref idref="fl-dc"/>
      </object_component>
      <object_component id="oc-be">
         <name>.debug_line</name>
         <load_address>0x1ed8</load_address>
         <run_address>0x1ed8</run_address>
         <size>0x2c</size>
         <input_file_ref idref="fl-dc"/>
      </object_component>
      <object_component id="oc-b9">
         <name>.debug_line</name>
         <load_address>0x1f04</load_address>
         <run_address>0x1f04</run_address>
         <size>0x92</size>
         <input_file_ref idref="fl-dc"/>
      </object_component>
      <object_component id="oc-23b">
         <name>.debug_line</name>
         <load_address>0x1f96</load_address>
         <run_address>0x1f96</run_address>
         <size>0x20</size>
         <input_file_ref idref="fl-dd"/>
      </object_component>
      <object_component id="oc-152">
         <name>.debug_line</name>
         <load_address>0x1fb6</load_address>
         <run_address>0x1fb6</run_address>
         <size>0xad</size>
         <input_file_ref idref="fl-dd"/>
      </object_component>
      <object_component id="oc-1cc">
         <name>.debug_line</name>
         <load_address>0x2063</load_address>
         <run_address>0x2063</run_address>
         <size>0x20</size>
         <input_file_ref idref="fl-df"/>
      </object_component>
      <object_component id="oc-e2">
         <name>.debug_line</name>
         <load_address>0x2083</load_address>
         <run_address>0x2083</run_address>
         <size>0xb2</size>
         <input_file_ref idref="fl-df"/>
      </object_component>
      <object_component id="oc-73">
         <name>.debug_line</name>
         <load_address>0x2135</load_address>
         <run_address>0x2135</run_address>
         <size>0x33</size>
         <input_file_ref idref="fl-e1"/>
      </object_component>
      <object_component id="oc-5d">
         <name>.debug_line</name>
         <load_address>0x2168</load_address>
         <run_address>0x2168</run_address>
         <size>0x45</size>
         <input_file_ref idref="fl-e1"/>
      </object_component>
      <object_component id="oc-9a">
         <name>.debug_line</name>
         <load_address>0x21ad</load_address>
         <run_address>0x21ad</run_address>
         <size>0x79</size>
         <input_file_ref idref="fl-e8"/>
      </object_component>
      <object_component id="oc-215">
         <name>.debug_line</name>
         <load_address>0x2226</load_address>
         <run_address>0x2226</run_address>
         <size>0xbf</size>
         <input_file_ref idref="fl-ea"/>
      </object_component>
      <object_component id="oc-fc">
         <name>.debug_line</name>
         <load_address>0x22e5</load_address>
         <run_address>0x22e5</run_address>
         <size>0x6f</size>
         <input_file_ref idref="fl-ea"/>
      </object_component>
      <object_component id="oc-219">
         <name>.debug_line</name>
         <load_address>0x2354</load_address>
         <run_address>0x2354</run_address>
         <size>0x2e</size>
         <input_file_ref idref="fl-ea"/>
      </object_component>
      <object_component id="oc-258">
         <name>.debug_line</name>
         <load_address>0x2382</load_address>
         <run_address>0x2382</run_address>
         <size>0x9a</size>
         <input_file_ref idref="fl-ea"/>
      </object_component>
      <object_component id="oc-21e">
         <name>.debug_line</name>
         <load_address>0x241c</load_address>
         <run_address>0x241c</run_address>
         <size>0x97</size>
         <input_file_ref idref="fl-ea"/>
      </object_component>
      <object_component id="oc-223">
         <name>.debug_line</name>
         <load_address>0x24b3</load_address>
         <run_address>0x24b3</run_address>
         <size>0x93</size>
         <input_file_ref idref="fl-ea"/>
      </object_component>
      <object_component id="oc-9d">
         <name>.debug_line</name>
         <load_address>0x2546</load_address>
         <run_address>0x2546</run_address>
         <size>0x40</size>
         <input_file_ref idref="fl-eb"/>
      </object_component>
      <object_component id="oc-ee">
         <name>.debug_line</name>
         <load_address>0x2586</load_address>
         <run_address>0x2586</run_address>
         <size>0x3c</size>
         <input_file_ref idref="fl-ed"/>
      </object_component>
      <object_component id="oc-254">
         <name>.debug_line</name>
         <load_address>0x25c2</load_address>
         <run_address>0x25c2</run_address>
         <size>0x20</size>
         <input_file_ref idref="fl-ee"/>
      </object_component>
      <object_component id="oc-20f">
         <name>.debug_line</name>
         <load_address>0x25e2</load_address>
         <run_address>0x25e2</run_address>
         <size>0x2b</size>
         <input_file_ref idref="fl-ee"/>
      </object_component>
      <object_component id="oc-20c">
         <name>.debug_line</name>
         <load_address>0x260d</load_address>
         <run_address>0x260d</run_address>
         <size>0x3a</size>
         <input_file_ref idref="fl-ee"/>
      </object_component>
      <object_component id="oc-244">
         <name>.debug_line</name>
         <load_address>0x2647</load_address>
         <run_address>0x2647</run_address>
         <size>0x7c</size>
         <input_file_ref idref="fl-f8"/>
      </object_component>
      <object_component id="oc-23d">
         <name>.debug_line</name>
         <load_address>0x26c3</load_address>
         <run_address>0x26c3</run_address>
         <size>0x82</size>
         <input_file_ref idref="fl-f8"/>
      </object_component>
      <object_component id="oc-158">
         <name>.debug_line</name>
         <load_address>0x2745</load_address>
         <run_address>0x2745</run_address>
         <size>0xaf</size>
         <input_file_ref idref="fl-f8"/>
      </object_component>
      <object_component id="oc-15f">
         <name>.debug_line</name>
         <load_address>0x27f4</load_address>
         <run_address>0x27f4</run_address>
         <size>0x97</size>
         <input_file_ref idref="fl-f8"/>
      </object_component>
      <object_component id="oc-248">
         <name>.debug_line</name>
         <load_address>0x288b</load_address>
         <run_address>0x288b</run_address>
         <size>0x71</size>
         <input_file_ref idref="fl-f8"/>
      </object_component>
      <object_component id="oc-241">
         <name>.debug_line</name>
         <load_address>0x28fc</load_address>
         <run_address>0x28fc</run_address>
         <size>0x75</size>
         <input_file_ref idref="fl-f8"/>
      </object_component>
      <object_component id="oc-1ef">
         <name>.debug_line</name>
         <load_address>0x2971</load_address>
         <run_address>0x2971</run_address>
         <size>0x72</size>
         <input_file_ref idref="fl-f8"/>
      </object_component>
      <object_component id="oc-1f7">
         <name>.debug_line</name>
         <load_address>0x29e3</load_address>
         <run_address>0x29e3</run_address>
         <size>0x91</size>
         <input_file_ref idref="fl-f9"/>
      </object_component>
      <object_component id="oc-146">
         <name>.debug_frame</name>
         <load_address>0x0</load_address>
         <run_address>0x0</run_address>
         <size>0x110</size>
         <input_file_ref idref="fl-2"/>
      </object_component>
      <object_component id="oc-a7">
         <name>.debug_frame</name>
         <load_address>0x110</load_address>
         <run_address>0x110</run_address>
         <size>0x74</size>
         <input_file_ref idref="fl-4"/>
      </object_component>
      <object_component id="oc-148">
         <name>.debug_frame</name>
         <load_address>0x184</load_address>
         <run_address>0x184</run_address>
         <size>0x58</size>
         <input_file_ref idref="fl-6"/>
      </object_component>
      <object_component id="oc-e4">
         <name>.debug_frame</name>
         <load_address>0x1dc</load_address>
         <run_address>0x1dc</run_address>
         <size>0x2f0</size>
         <input_file_ref idref="fl-6"/>
      </object_component>
      <object_component id="oc-2f">
         <name>.debug_frame</name>
         <load_address>0x4cc</load_address>
         <run_address>0x4cc</run_address>
         <size>0x90</size>
         <input_file_ref idref="fl-7"/>
      </object_component>
      <object_component id="oc-d8">
         <name>.debug_frame</name>
         <load_address>0x55c</load_address>
         <run_address>0x55c</run_address>
         <size>0xe8</size>
         <input_file_ref idref="fl-13"/>
      </object_component>
      <object_component id="oc-4b">
         <name>.debug_frame</name>
         <load_address>0x644</load_address>
         <run_address>0x644</run_address>
         <size>0x54</size>
         <input_file_ref idref="fl-d8"/>
      </object_component>
      <object_component id="oc-20">
         <name>.debug_frame</name>
         <load_address>0x698</load_address>
         <run_address>0x698</run_address>
         <size>0x54</size>
         <input_file_ref idref="fl-d9"/>
      </object_component>
      <object_component id="oc-17">
         <name>.debug_frame</name>
         <load_address>0x6ec</load_address>
         <run_address>0x6ec</run_address>
         <size>0x60</size>
         <input_file_ref idref="fl-da"/>
      </object_component>
      <object_component id="oc-1d2">
         <name>.debug_frame</name>
         <load_address>0x74c</load_address>
         <run_address>0x74c</run_address>
         <size>0x54</size>
         <input_file_ref idref="fl-dc"/>
      </object_component>
      <object_component id="oc-1d9">
         <name>.debug_frame</name>
         <load_address>0x7a0</load_address>
         <run_address>0x7a0</run_address>
         <size>0x54</size>
         <input_file_ref idref="fl-dc"/>
      </object_component>
      <object_component id="oc-1df">
         <name>.debug_frame</name>
         <load_address>0x7f4</load_address>
         <run_address>0x7f4</run_address>
         <size>0x58</size>
         <input_file_ref idref="fl-dc"/>
      </object_component>
      <object_component id="oc-140">
         <name>.debug_frame</name>
         <load_address>0x84c</load_address>
         <run_address>0x84c</run_address>
         <size>0x64</size>
         <input_file_ref idref="fl-dc"/>
      </object_component>
      <object_component id="oc-266">
         <name>.debug_frame</name>
         <load_address>0x8b0</load_address>
         <run_address>0x8b0</run_address>
         <size>0x5c</size>
         <input_file_ref idref="fl-dc"/>
      </object_component>
      <object_component id="oc-13a">
         <name>.debug_frame</name>
         <load_address>0x90c</load_address>
         <run_address>0x90c</run_address>
         <size>0x5c</size>
         <input_file_ref idref="fl-dc"/>
      </object_component>
      <object_component id="oc-230">
         <name>.debug_frame</name>
         <load_address>0x968</load_address>
         <run_address>0x968</run_address>
         <size>0x68</size>
         <input_file_ref idref="fl-dc"/>
      </object_component>
      <object_component id="oc-153">
         <name>.debug_frame</name>
         <load_address>0x9d0</load_address>
         <run_address>0x9d0</run_address>
         <size>0x54</size>
         <input_file_ref idref="fl-dd"/>
      </object_component>
      <object_component id="oc-df">
         <name>.debug_frame</name>
         <load_address>0xa24</load_address>
         <run_address>0xa24</run_address>
         <size>0x54</size>
         <input_file_ref idref="fl-df"/>
      </object_component>
      <object_component id="oc-61">
         <name>.debug_frame</name>
         <load_address>0xa78</load_address>
         <run_address>0xa78</run_address>
         <size>0x50</size>
         <input_file_ref idref="fl-e1"/>
      </object_component>
      <object_component id="oc-fd">
         <name>.debug_frame</name>
         <load_address>0xac8</load_address>
         <run_address>0xac8</run_address>
         <size>0x5c</size>
         <input_file_ref idref="fl-ea"/>
      </object_component>
      <object_component id="oc-9e">
         <name>.debug_frame</name>
         <load_address>0xb24</load_address>
         <run_address>0xb24</run_address>
         <size>0x54</size>
         <input_file_ref idref="fl-eb"/>
      </object_component>
      <object_component id="oc-f1">
         <name>.debug_frame</name>
         <load_address>0xb78</load_address>
         <run_address>0xb78</run_address>
         <size>0x54</size>
         <input_file_ref idref="fl-ed"/>
      </object_component>
      <object_component id="oc-20d">
         <name>.debug_frame</name>
         <load_address>0xbcc</load_address>
         <run_address>0xbcc</run_address>
         <size>0x54</size>
         <input_file_ref idref="fl-ee"/>
      </object_component>
      <object_component id="oc-159">
         <name>.debug_frame</name>
         <load_address>0xc20</load_address>
         <run_address>0xc20</run_address>
         <size>0x60</size>
         <input_file_ref idref="fl-f8"/>
      </object_component>
      <object_component id="oc-15e">
         <name>.debug_frame</name>
         <load_address>0xc80</load_address>
         <run_address>0xc80</run_address>
         <size>0x58</size>
         <input_file_ref idref="fl-f8"/>
      </object_component>
      <object_component id="oc-1f6">
         <name>.debug_frame</name>
         <load_address>0xcd8</load_address>
         <run_address>0xcd8</run_address>
         <size>0x54</size>
         <input_file_ref idref="fl-f9"/>
      </object_component>
      <object_component id="oc-12a">
         <name>.debug_abbrev</name>
         <load_address>0x0</load_address>
         <run_address>0x0</run_address>
         <size>0x78</size>
         <input_file_ref idref="fl-2"/>
      </object_component>
      <object_component id="oc-238">
         <name>.debug_abbrev</name>
         <load_address>0x78</load_address>
         <run_address>0x78</run_address>
         <size>0x29</size>
         <input_file_ref idref="fl-2"/>
      </object_component>
      <object_component id="oc-1e5">
         <name>.debug_abbrev</name>
         <load_address>0xa1</load_address>
         <run_address>0xa1</run_address>
         <size>0xd4</size>
         <input_file_ref idref="fl-2"/>
      </object_component>
      <object_component id="oc-79">
         <name>.debug_abbrev</name>
         <load_address>0x175</load_address>
         <run_address>0x175</run_address>
         <size>0x69</size>
         <input_file_ref idref="fl-2"/>
[...]
               <logical_group_ref idref="lg-6"/>
            </allocated_space>
            <available_space>
               <start_address>0x1d38</start_address>
               <size>0x3e2c8</size>
            </available_space>
         </usage_details>
      </memory_area>
      <memory_area display="yes" color="green">
         <name>SRAM</name>
         <page_id>0x0</page_id>
         <origin>0x20000000</origin>
         <length>0x8000</length>
         <used_space>0x22f1</used_space>
         <unused_space>0x5d0f</unused_space>
         <attributes>RWX</attributes>
         <usage_details>
            <allocated_space>
               <start_address>0x20000000</start_address>
               <size>0x0</size>
               <logical_group_ref idref="lg-26d"/>
            </allocated_space>
            <allocated_space>
               <start_address>0x20000000</start_address>
               <size>0x26c</size>
               <logical_group_ref idref="lg-9"/>
            </allocated_space>
            <available_space>
               <start_address>0x2000026c</start_address>
               <size>0x4</size>
            </available_space>
            <allocated_space>
               <start_address>0x20000270</start_address>
               <size>0x1000</size>
               <logical_group_ref idref="lg-d"/>
            </allocated_space>
            <allocated_space>
               <start_address>0x20001270</start_address>
               <size>0x1000</size>
               <logical_group_ref idref="lg-c"/>
            </allocated_space>
            <allocated_space>
               <start_address>0x20002270</start_address>
               <size>0x50</size>
               <logical_group_ref idref="lg-b"/>
            </allocated_space>
            <allocated_space>
               <start_address>0x200022c0</start_address>
               <size>0x35</size>
               <logical_group_ref idref="lg-a"/>
            </allocated_space>
            <available_space>
               <start_address>0x200022f5</start_address>
               <size>0x5d0b</size>
            </available_space>
         </usage_details>
      </memory_area>
   </placement_map>
   <cptbl_list>
      <cptbl>
         <name>__TI_cinit_table</name>
         <cprec>
            <name>.data</name>
            <load_address>0x1ce8</load_address>
            <load_size>0x18</load_size>
            <run_address>0x200022c0</run_address>
            <run_size>0x35</run_size>
            <compression>lzss</compression>
         </cprec>
         <cprec>
            <name>.bss</name>
            <load_address>0x1d10</load_address>
            <load_size>0x8</load_size>
            <run_address>0x20002270</run_address>
            <run_size>0x50</run_size>
            <compression>zero_init</compression>
         </cprec>
         <cprec>
            <name>.vtable</name>
            <load_address>0x1d18</load_address>
            <load_size>0x8</load_size>
            <run_address>0x20000000</run_address>
            <run_size>0x26c</run_size>
            <compression>zero_init</compression>
         </cprec>
      </cptbl>
   </cptbl_list>
   <handler_table>
      <handler_table_name>__TI_handler_table</handler_table_name>
      <handler>
         <index>0x0</index>
         <name>__TI_zero_init</name>
      </handler>
      <handler>
         <index>0x1</index>
         <name>__TI_decompress_lzss</name>
      </handler>
      <handler>
         <index>0x2</index>
         <name>__TI_decompress_none</name>
      </handler>
   </handler_table>
   <symbol_table>
      <symbol id="sm-1">
         <name>__STACK_TOP</name>
         <value>0x20000470</value>
      </symbol>
      <symbol id="sm-2">
         <name>__start___llvm_prf_cnts</name>
         <value>0x20000000</value>
      </symbol>
      <symbol id="sm-3">
         <name>__stop___llvm_prf_cnts</name>
         <value>0x20000000</value>
      </symbol>
      <symbol id="sm-4">
         <name>__TI_CINIT_Base</name>
         <value>0x1d20</value>
      </symbol>
      <symbol id="sm-5">
         <name>__TI_CINIT_Limit</name>
         <value>0x1d38</value>
      </symbol>
      <symbol id="sm-6">
         <name>__TI_Handler_Table_Base</name>
         <value>0x1d00</value>
      </symbol>
      <symbol id="sm-7">
         <name>__TI_Handler_Table_Limit</name>
         <value>0x1d0c</value>
      </symbol>
      <symbol id="sm-8">
         <name>binit</name>
         <value>0xffffffff</value>
      </symbol>
      <symbol id="sm-9">
         <name>__binit__</name>
         <value>0xffffffff</value>
      </symbol>
      <symbol id="sm-a">
         <name>__STACK_SIZE</name>
         <value>0x1000</value>
      </symbol>
      <symbol id="sm-b">
         <name>__STACK_END</name>
         <value>0x20001270</value>
      </symbol>
      <symbol id="sm-c">
         <name>__SYSMEM_SIZE</name>
         <value>0x1000</value>
      </symbol>
      <symbol id="sm-d">
         <name>__c_args__</name>
         <value>0xffffffff</value>
      </symbol>
      <symbol id="sm-e">
         <name>__TI_pprof_out_hndl</name>
         <value>0xffffffff</value>
      </symbol>
      <symbol id="sm-f">
         <name>__TI_prof_data_start</name>
         <value>0xffffffff</value>
      </symbol>
      <symbol id="sm-10">
         <name>__TI_prof_data_size</name>
         <value>0xffffffff</value>
      </symbol>
      <symbol id="sm-76">
         <name>_timeout_ticks</name>
         <value>0x200022bc</value>
      </symbol>
      <symbol id="sm-77">
         <name>timer_pause</name>
         <value>0xf2f</value>
         <object_component_ref idref="oc-141"/>
      </symbol>
      <symbol id="sm-78">
         <name>timer_resume</name>
         <value>0xf41</value>
         <object_component_ref idref="oc-141"/>
      </symbol>
      <symbol id="sm-79">
         <name>timer_getMillis</name>
         <value>0xf53</value>
         <object_component_ref idref="oc-141"/>
      </symbol>
      <symbol id="sm-7a">
         <name>_running</name>
         <value>0x200022f4</value>
         <object_component_ref idref="oc-1e1"/>
      </symbol>
      <symbol id="sm-7b">
         <name>timer_init</name>
         <value>0xe8d</value>
         <object_component_ref idref="oc-141"/>
      </symbol>
      <symbol id="sm-7c">
         <name>timer_stop</name>
         <value>0xf05</value>
         <object_component_ref idref="oc-141"/>
      </symbol>
      <symbol id="sm-7d">
         <name>timer_getMicros</name>
         <value>0xfab</value>
         <object_component_ref idref="oc-141"/>
      </symbol>
      <symbol id="sm-7e">
         <name>timer_waitMillis</name>
         <value>0x1037</value>
         <object_component_ref idref="oc-141"/>
      </symbol>
      <symbol id="sm-7f">
         <name>timer_waitMicros</name>
         <value>0x1005</value>
         <object_component_ref idref="oc-141"/>
      </symbol>
      <symbol id="sm-a8">
         <name>main</name>
         <value>0x1ad9</value>
         <object_component_ref idref="oc-a2"/>
      </symbol>
      <symbol id="sm-a9">
         <name>send_putty</name>
         <value>0x1aa5</value>
         <object_component_ref idref="oc-a2"/>
      </symbol>
      <symbol id="sm-178">
         <name>go_charge</name>
         <value>0x97f</value>
         <object_component_ref idref="oc-e3"/>
      </symbol>
      <symbol id="sm-179">
         <name>GPIOF_Handler</name>
         <value>0xbc3</value>
         <object_component_ref idref="oc-e3"/>
      </symbol>
      <symbol id="sm-17a">
         <name>oi_free</name>
         <value>0x279</value>
         <object_component_ref idref="oc-e3"/>
      </symbol>
      <symbol id="sm-17b">
         <name>oi_getMotorCalibrationRight</name>
         <value>0xe01</value>
         <object_component_ref idref="oc-e3"/>
      </symbol>
      <symbol id="sm-17c">
         <name>oi_uartReceive</name>
         <value>0xa31</value>
         <object_component_ref idref="oc-e3"/>
      </symbol>
      <symbol id="sm-17d">
         <name>oi_setWheels</name>
         <value>0x88f</value>
         <object_component_ref idref="oc-e3"/>
      </symbol>
      <symbol id="sm-17e">
         <name>oi_shutoff_init</name>
         <value>0xb51</value>
         <object_component_ref idref="oc-e3"/>
      </symbol>
      <symbol id="sm-17f">
         <name>motor_cal_factor_L</name>
         <value>0x200022c0</value>
         <object_component_ref idref="oc-160"/>
      </symbol>
      <symbol id="sm-180">
         <name>motor_cal_factor_R</name>
         <value>0x200022c4</value>
         <object_component_ref idref="oc-160"/>
      </symbol>
      <symbol id="sm-181">
         <name>oi_parseInt</name>
         <value>0x1c4d</value>
         <object_component_ref idref="oc-147"/>
      </symbol>
      <symbol id="sm-182">
         <name>oi_setMotorCalibration</name>
         <value>0xdb1</value>
         <object_component_ref idref="oc-e3"/>
      </symbol>
      <symbol id="sm-183">
         <name>oi_uartSendStr</name>
         <value>0xa59</value>
         <object_component_ref idref="oc-e3"/>
      </symbol>
      <symbol id="sm-184">
         <name>oi_close</name>
         <value>0x2c7</value>
         <object_component_ref idref="oc-e3"/>
      </symbol>
      <symbol id="sm-185">
         <name>oi_uartSendBuff</name>
         <value>0xa77</value>
         <object_component_ref idref="oc-e3"/>
      </symbol>
      <symbol id="sm-186">
         <name>oi_checkFirmware</name>
         <value>0xaa9</value>
         <object_component_ref idref="oc-e3"/>
      </symbol>
      <symbol id="sm-187">
         <name>oi_init_noupdate</name>
         <value>0x289</value>
         <object_component_ref idref="oc-e3"/>
      </symbol>
      <symbol id="sm-188">
         <name>oi_uartSendChar</name>
         <value>0xa15</value>
         <object_component_ref idref="oc-e3"/>
      </symbol>
      <symbol id="sm-189">
         <name>oi_alloc</name>
         <value>0x26d</value>
         <object_component_ref idref="oc-e3"/>
      </symbol>
      <symbol id="sm-18a">
         <name>oi_getMotorCalibrationLeft</name>
         <value>0xded</value>
         <object_component_ref idref="oc-e3"/>
      </symbol>
      <symbol id="sm-18b">
         <name>oi_loadSong</name>
         <value>0x915</value>
         <object_component_ref idref="oc-e3"/>
      </symbol>
      <symbol id="sm-18c">
         <name>oi_play_song</name>
         <value>0x96b</value>
         <object_component_ref idref="oc-e3"/>
      </symbol>
      <symbol id="sm-18d">
         <name>oi_parsePacket</name>
         <value>0x32b</value>
         <object_component_ref idref="oc-e3"/>
      </symbol>
      <symbol id="sm-18e">
         <name>oi_setLeds</name>
         <value>0x84b</value>
         <object_component_ref idref="oc-e3"/>
      </symbol>
      <symbol id="sm-18f">
         <name>oi_init</name>
         <value>0x2b1</value>
         <object_component_ref idref="oc-e3"/>
      </symbol>
      <symbol id="sm-190">
         <name>oi_update</name>
         <value>0x2d9</value>
         <object_component_ref idref="oc-e3"/>
      </symbol>
      <symbol id="sm-191">
         <name>oi_uartInit</name>
         <value>0x98d</value>
         <object_component_ref idref="oc-e3"/>
      </symbol>
      <symbol id="sm-1ad">
         <name>ResetISR</name>
         <value>0x1cbb</value>
         <object_component_ref idref="oc-2a"/>
      </symbol>
      <symbol id="sm-1ae">
         <name>g_pfnVectors</name>
         <value>0x0</value>
         <object_component_ref idref="oc-12"/>
      </symbol>
      <symbol id="sm-1ee">
         <name>isr_char_buffer</name>
         <value>0x20002270</value>
      </symbol>
      <symbol id="sm-1ef">
         <name>cyBot_getByte</name>
         <value>0x137b</value>
         <object_component_ref idref="oc-d7"/>
      </symbol>
      <symbol id="sm-1f0">
         <name>cyBot_sendByte</name>
         <value>0x128d</value>
         <object_component_ref idref="oc-d7"/>
      </symbol>
      <symbol id="sm-1f1">
         <name>cyBot_uart_sendStr</name>
         <value>0x1299</value>
         <object_component_ref idref="oc-d7"/>
      </symbol>
      <symbol id="sm-1f2">
         <name>isr_counter</name>
         <value>0x200022f0</value>
         <object_component_ref idref="oc-12f"/>
      </symbol>
      <symbol id="sm-1f3">
         <name>cyBot_uart_sendBuffer</name>
         <value>0x12b3</value>
         <object_component_ref idref="oc-d7"/>
      </symbol>
      <symbol id="sm-1f4">
         <name>cyBot_uart_flush</name>
         <value>0x135d</value>
         <object_component_ref idref="oc-d7"/>
      </symbol>
      <symbol id="sm-1f5">
         <name>cyBot_UART1_Handler</name>
         <value>0x1395</value>
         <object_component_ref idref="oc-d7"/>
      </symbol>
      <symbol id="sm-1f6">
         <name>cyBot_uart_init</name>
         <value>0x12cb</value>
         <object_component_ref idref="oc-d7"/>
      </symbol>
      <symbol id="sm-213">
         <name>__aeabi_dsub</name>
         <value>0x10d5</value>
         <object_component_ref idref="oc-172"/>
      </symbol>
      <symbol id="sm-214">
         <name>__aeabi_dadd</name>
         <value>0x10df</value>
         <object_component_ref idref="oc-172"/>
      </symbol>
      <symbol id="sm-229">
         <name>__aeabi_ddiv</name>
         <value>0x13e9</value>
         <object_component_ref idref="oc-168"/>
      </symbol>
      <symbol id="sm-234">
         <name>__aeabi_dmul</name>
         <value>0x1621</value>
         <object_component_ref idref="oc-163"/>
      </symbol>
      <symbol id="sm-241">
         <name>__aeabi_d2f</name>
         <value>0x1989</value>
         <object_component_ref idref="oc-17a"/>
      </symbol>
      <symbol id="sm-24c">
         <name>__aeabi_f2d</name>
         <value>0x1b1d</value>
         <object_component_ref idref="oc-17f"/>
      </symbol>
      <symbol id="sm-256">
         <name>__aeabi_i2d</name>
         <value>0x1bbd</value>
         <object_component_ref idref="oc-16d"/>
      </symbol>
      <symbol id="sm-271">
         <name>memcpy</name>
         <value>0x1801</value>
         <object_component_ref idref="oc-3e"/>
      </symbol>
      <symbol id="sm-272">
         <name>__aeabi_memcpy</name>
         <value>0x1801</value>
         <object_component_ref idref="oc-3e"/>
      </symbol>
      <symbol id="sm-273">
         <name>__aeabi_memcpy8</name>
         <value>0x1801</value>
         <object_component_ref idref="oc-3e"/>
      </symbol>
      <symbol id="sm-274">
         <name>__aeabi_memcpy4</name>
         <value>0x1801</value>
         <object_component_ref idref="oc-3e"/>
      </symbol>
      <symbol id="sm-28d">
         <name>__TI_zero_init_nomemset</name>
         <value>0x1c15</value>
         <object_component_ref idref="oc-4a"/>
      </symbol>
      <symbol id="sm-2a4">
         <name>__TI_decompress_none</name>
         <value>0x1ca1</value>
         <object_component_ref idref="oc-1b"/>
      </symbol>
      <symbol id="sm-2c7">
         <name>__TI_decompress_lzss</name>
         <value>0x19f7</value>
         <object_component_ref idref="oc-15"/>
      </symbol>
      <symbol id="sm-35d">
         <name>_sys_memory</name>
         <value>0x20001270</value>
         <object_component_ref idref="oc-24"/>
      </symbol>
      <symbol id="sm-35e">
         <name>free</name>
         <value>0x171d</value>
         <object_component_ref idref="oc-13b"/>
      </symbol>
      <symbol id="sm-35f">
         <name>memalign</name>
         <value>0x1521</value>
         <object_component_ref idref="oc-22c"/>
      </symbol>
      <symbol id="sm-360">
         <name>calloc</name>
         <value>0x1ae5</value>
         <object_component_ref idref="oc-135"/>
      </symbol>
      <symbol id="sm-361">
         <name>malloc</name>
         <value>0x1cc7</value>
         <object_component_ref idref="oc-1cd"/>
      </symbol>
      <symbol id="sm-362">
         <name>aligned_alloc</name>
         <value>0x1521</value>
         <object_component_ref idref="oc-22c"/>
      </symbol>
      <symbol id="sm-371">
         <name>strcmp</name>
         <value>0x1c65</value>
         <object_component_ref idref="oc-14e"/>
      </symbol>
      <symbol id="sm-380">
         <name>strlen</name>
         <value>0x1c7d</value>
         <object_component_ref idref="oc-dd"/>
      </symbol>
      <symbol id="sm-394">
         <name>__stack</name>
         <value>0x20000270</value>
         <object_component_ref idref="oc-27"/>
      </symbol>
      <symbol id="sm-395">
         <name>_c_int00_noargs</name>
         <value>0x1b89</value>
         <object_component_ref idref="oc-5c"/>
      </symbol>
      <symbol id="sm-3aa">
         <name>__aeabi_memset</name>
         <value>0x189f</value>
         <object_component_ref idref="oc-96"/>
      </symbol>
      <symbol id="sm-3ab">
         <name>memset</name>
         <value>0x18a5</value>
         <object_component_ref idref="oc-96"/>
      </symbol>
      <symbol id="sm-3ac">
         <name>__aeabi_memset8</name>
         <value>0x189f</value>
         <object_component_ref idref="oc-96"/>
      </symbol>
      <symbol id="sm-3ad">
         <name>__aeabi_memset4</name>
         <value>0x189f</value>
         <object_component_ref idref="oc-96"/>
      </symbol>
      <symbol id="sm-3ae">
         <name>__aeabi_memclr8</name>
         <value>0x189d</value>
         <object_component_ref idref="oc-96"/>
      </symbol>
      <symbol id="sm-3af">
         <name>__aeabi_memclr4</name>
         <value>0x189d</value>
         <object_component_ref idref="oc-96"/>
      </symbol>
      <symbol id="sm-3b0">
         <name>__aeabi_memclr</name>
         <value>0x189d</value>
         <object_component_ref idref="oc-96"/>
      </symbol>
      <symbol id="sm-3d9">
         <name>__TI_auto_init_nobinit_nopinit</name>
         <value>0x1a61</value>
         <object_component_ref idref="oc-f8"/>
      </symbol>
      <symbol id="sm-3e3">
         <name>_system_pre_init</name>
         <value>0x1ccf</value>
         <object_component_ref idref="oc-9c"/>
      </symbol>
      <symbol id="sm-3ef">
         <name>C$$EXIT</name>
         <value>0x1cd3</value>
         <object_component_ref idref="oc-ec"/>
      </symbol>
      <symbol id="sm-3f0">
         <name>abort</name>
         <value>0x1cd3</value>
         <object_component_ref idref="oc-ec"/>
      </symbol>
      <symbol id="sm-405">
         <name>_nop</name>
         <value>0x128b</value>
         <object_component_ref idref="oc-208"/>
      </symbol>
      <symbol id="sm-406">
         <name>_lock</name>
         <value>0x200022e0</value>
         <object_component_ref idref="oc-1a1"/>
      </symbol>
      <symbol id="sm-407">
         <name>_unlock</name>
         <value>0x200022e4</value>
         <object_component_ref idref="oc-1a1"/>
      </symbol>
      <symbol id="sm-43f">
         <name>IntRegister</name>
         <value>0x1b55</value>
         <object_component_ref idref="oc-154"/>
      </symbol>
      <symbol id="sm-440">
         <name>g_pfnRAMVectors</name>
         <value>0x20000000</value>
         <object_component_ref idref="oc-1e8"/>
      </symbol>
      <symbol id="sm-441">
         <name>IntMasterEnable</name>
         <value>0x1c91</value>
         <object_component_ref idref="oc-15a"/>
      </symbol>
      <symbol id="sm-44b">
         <name>CPUcpsie</name>
         <value>0x1caf</value>
         <object_component_ref idref="oc-1f2"/>
      </symbol>
      <symbol id="sm-44c">
         <name>__TI_static_base__</name>
         <value>0x0</value>
      </symbol>
      <symbol id="sm-44f">
         <name>__mpu_init</name>
         <value>0x0</value>
      </symbol>
      <symbol id="sm-450">
         <name>_system_post_cinit</name>
         <value>0x0</value>
      </symbol>
   </symbol_table>
   <title>Link successful</title>
</link_info>
