<?xml version="1.0" encoding="ISO-8859-1" ?>
<link_info>
   <banner>TI ARM Linker PC v20.2.6.LTS</banner>
   <copyright>Copyright (c) 1996-2018 Texas Instruments Incorporated</copyright>
   <link_time>0x6408c982</link_time>
   <link_errors>0x0</link_errors>
   <output_file>Lab7.out</output_file>
   <entry_point>
      <name>_c_int00_noargs</name>
      <address>0x705d</address>
   </entry_point>
   <input_file_list>
      <input_file id="fl-2">
         <path>.\</path>
         <kind>object</kind>
         <file>Timer.obj</file>
         <name>Timer.obj</name>
      </input_file>
      <input_file id="fl-3">
         <path>.\</path>
         <kind>object</kind>
         <file>lcd.obj</file>
         <name>lcd.obj</name>
      </input_file>
      <input_file id="fl-4">
         <path>.\</path>
         <kind>object</kind>
         <file>main.obj</file>
         <name>main.obj</name>
      </input_file>
      <input_file id="fl-5">
         <path>.\</path>
         <kind>object</kind>
         <file>movement.obj</file>
         <name>movement.obj</name>
      </input_file>
      <input_file id="fl-6">
         <path>.\</path>
         <kind>object</kind>
         <file>open_interface.obj</file>
         <name>open_interface.obj</name>
      </input_file>
      <input_file id="fl-7">
         <path>.\</path>
         <kind>object</kind>
         <file>tm4c123gh6pm_startup_ccs.obj</file>
         <name>tm4c123gh6pm_startup_ccs.obj</name>
      </input_file>
      <input_file id="fl-8">
         <path>.\</path>
         <kind>object</kind>
         <file>uart-interrupt.obj</file>
         <name>uart-interrupt.obj</name>
      </input_file>
      <input_file id="fl-f">
         <kind>object</kind>
         <file>&lt;internal&gt;</file>
         <name>&lt;internal&gt;</name>
      </input_file>
      <input_file id="fl-10">
         <path>..\</path>
         <kind>archive</kind>
         <file>libcybotScan.lib</file>
         <name>cyBot_Scan.obj</name>
      </input_file>
      <input_file id="fl-11">
         <path>..\</path>
         <kind>archive</kind>
         <file>libcybotScan.lib</file>
         <name>ir.obj</name>
      </input_file>
      <input_file id="fl-12">
         <path>..\</path>
         <kind>archive</kind>
         <file>libcybotScan.lib</file>
         <name>ping.obj</name>
      </input_file>
      <input_file id="fl-13">
         <path>..\</path>
         <kind>archive</kind>
         <file>libcybotScan.lib</file>
         <name>servo.obj</name>
      </input_file>
      <input_file id="fl-c9">
         <path>C:\ti\ccs1200\ccs\tools\compiler\ti-cgt-arm_20.2.6.LTS\lib\</path>
         <kind>archive</kind>
         <file>rtsv7M4_T_le_v4SPD16_eabi.lib</file>
         <name>e_sqrt.c.obj</name>
      </input_file>
      <input_file id="fl-ca">
         <path>C:\ti\ccs1200\ccs\tools\compiler\ti-cgt-arm_20.2.6.LTS\lib\</path>
         <kind>archive</kind>
         <file>rtsv7M4_T_le_v4SPD16_eabi.lib</file>
         <name>s_atan.c.obj</name>
      </input_file>
      <input_file id="fl-cb">
         <path>C:\ti\ccs1200\ccs\tools\compiler\ti-cgt-arm_20.2.6.LTS\lib\</path>
         <kind>archive</kind>
         <file>rtsv7M4_T_le_v4SPD16_eabi.lib</file>
         <name>s_cos.c.obj</name>
      </input_file>
      <input_file id="fl-cc">
         <path>C:\ti\ccs1200\ccs\tools\compiler\ti-cgt-arm_20.2.6.LTS\lib\</path>
         <kind>archive</kind>
         <file>rtsv7M4_T_le_v4SPD16_eabi.lib</file>
         <name>s_sin.c.obj</name>
      </input_file>
      <input_file id="fl-cd">
         <path>C:\ti\ccs1200\ccs\tools\compiler\ti-cgt-arm_20.2.6.LTS\lib\</path>
         <kind>archive</kind>
         <file>rtsv7M4_T_le_v4SPD16_eabi.lib</file>
         <name>s_tan.c.obj</name>
      </input_file>
      <input_file id="fl-ce">
         <path>C:\ti\ccs1200\ccs\tools\compiler\ti-cgt-arm_20.2.6.LTS\lib\</path>
         <kind>archive</kind>
         <file>rtsv7M4_T_le_v4SPD16_eabi.lib</file>
         <name>sprintf.c.obj</name>
      </input_file>
      <input_file id="fl-cf">
         <path>C:\ti\ccs1200\ccs\tools\compiler\ti-cgt-arm_20.2.6.LTS\lib\</path>
         <kind>archive</kind>
         <file>rtsv7M4_T_le_v4SPD16_eabi.lib</file>
         <name>vsnprintf.c.obj</name>
      </input_file>
      <input_file id="fl-d0">
         <path>C:\ti\ccs1200\ccs\tools\compiler\ti-cgt-arm_20.2.6.LTS\lib\</path>
         <kind>archive</kind>
         <file>rtsv7M4_T_le_v4SPD16_eabi.lib</file>
         <name>fd_add_t2.asm.obj</name>
      </input_file>
      <input_file id="fl-d1">
         <path>C:\ti\ccs1200\ccs\tools\compiler\ti-cgt-arm_20.2.6.LTS\lib\</path>
         <kind>archive</kind>
         <file>rtsv7M4_T_le_v4SPD16_eabi.lib</file>
         <name>fd_cmp_t2.asm.obj</name>
      </input_file>
      <input_file id="fl-d2">
         <path>C:\ti\ccs1200\ccs\tools\compiler\ti-cgt-arm_20.2.6.LTS\lib\</path>
         <kind>archive</kind>
         <file>rtsv7M4_T_le_v4SPD16_eabi.lib</file>
         <name>fd_div_t2.asm.obj</name>
      </input_file>
      <input_file id="fl-d3">
         <path>C:\ti\ccs1200\ccs\tools\compiler\ti-cgt-arm_20.2.6.LTS\lib\</path>
         <kind>archive</kind>
         <file>rtsv7M4_T_le_v4SPD16_eabi.lib</file>
         <name>fd_mul_t2.asm.obj</name>
      </input_file>
      <input_file id="fl-d4">
         <path>C:\ti\ccs1200\ccs\tools\compiler\ti-cgt-arm_20.2.6.LTS\lib\</path>
         <kind>archive</kind>
         <file>rtsv7M4_T_le_v4SPD16_eabi.lib</file>
         <name>fd_toi_t2.asm.obj</name>
      </input_file>
      <input_file id="fl-d5">
         <path>C:\ti\ccs1200\ccs\tools\compiler\ti-cgt-arm_20.2.6.LTS\lib\</path>
         <kind>archive</kind>
         <file>rtsv7M4_T_le_v4SPD16_eabi.lib</file>
         <name>fd_tos_t2.asm.obj</name>
      </input_file>
      <input_file id="fl-d6">
         <path>C:\ti\ccs1200\ccs\tools\compiler\ti-cgt-arm_20.2.6.LTS\lib\</path>
         <kind>archive</kind>
         <file>rtsv7M4_T_le_v4SPD16_eabi.lib</file>
         <name>fs_tod_t2.asm.obj</name>
      </input_file>
      <input_file id="fl-d7">
         <path>C:\ti\ccs1200\ccs\tools\compiler\ti-cgt-arm_20.2.6.LTS\lib\</path>
         <kind>archive</kind>
         <file>rtsv7M4_T_le_v4SPD16_eabi.lib</file>
         <name>i_tofd_t2.asm.obj</name>
      </input_file>
      <input_file id="fl-d8">
         <path>C:\ti\ccs1200\ccs\tools\compiler\ti-cgt-arm_20.2.6.LTS\lib\</path>
         <kind>archive</kind>
         <file>rtsv7M4_T_le_v4SPD16_eabi.lib</file>
         <name>memcpy_t2.asm.obj</name>
      </input_file>
      <input_file id="fl-d9">
         <path>C:\ti\ccs1200\ccs\tools\compiler\ti-cgt-arm_20.2.6.LTS\lib\</path>
         <kind>archive</kind>
         <file>rtsv7M4_T_le_v4SPD16_eabi.lib</file>
         <name>copy_zero_init.c.obj</name>
      </input_file>
      <input_file id="fl-da">
         <path>C:\ti\ccs1200\ccs\tools\compiler\ti-cgt-arm_20.2.6.LTS\lib\</path>
         <kind>archive</kind>
         <file>rtsv7M4_T_le_v4SPD16_eabi.lib</file>
         <name>copy_decompress_none.c.obj</name>
      </input_file>
      <input_file id="fl-db">
         <path>C:\ti\ccs1200\ccs\tools\compiler\ti-cgt-arm_20.2.6.LTS\lib\</path>
         <kind>archive</kind>
         <file>rtsv7M4_T_le_v4SPD16_eabi.lib</file>
         <name>copy_decompress_lzss.c.obj</name>
      </input_file>
      <input_file id="fl-dc">
         <path>C:\ti\ccs1200\ccs\tools\compiler\ti-cgt-arm_20.2.6.LTS\lib\</path>
         <kind>archive</kind>
         <file>rtsv7M4_T_le_v4SPD16_eabi.lib</file>
         <name>k_rem_pio2.c.obj</name>
      </input_file>
      <input_file id="fl-dd">
         <path>C:\ti\ccs1200\ccs\tools\compiler\ti-cgt-arm_20.2.6.LTS\lib\</path>
         <kind>archive</kind>
         <file>rtsv7M4_T_le_v4SPD16_eabi.lib</file>
         <name>memory.c.obj</name>
      </input_file>
      <input_file id="fl-de">
         <path>C:\ti\ccs1200\ccs\tools\compiler\ti-cgt-arm_20.2.6.LTS\lib\</path>
         <kind>archive</kind>
         <file>rtsv7M4_T_le_v4SPD16_eabi.lib</file>
         <name>strcmp.c.obj</name>
      </input_file>
      <input_file id="fl-df">
         <path>C:\ti\ccs1200\ccs\tools\compiler\ti-cgt-arm_20.2.6.LTS\lib\</path>
         <kind>archive</kind>
         <file>rtsv7M4_T_le_v4SPD16_eabi.lib</file>
         <name>strcpy.c.obj</name>
      </input_file>
      <input_file id="fl-e0">
         <path>C:\ti\ccs1200\ccs\tools\compiler\ti-cgt-arm_20.2.6.LTS\lib\</path>
         <kind>archive</kind>
         <file>rtsv7M4_T_le_v4SPD16_eabi.lib</file>
         <name>strlen.c.obj</name>
      </input_file>
      <input_file id="fl-e1">
         <path>C:\ti\ccs1200\ccs\tools\compiler\ti-cgt-arm_20.2.6.LTS\lib\</path>
         <kind>archive</kind>
         <file>rtsv7M4_T_le_v4SPD16_eabi.lib</file>
         <name>errno.c.obj</name>
      </input_file>
      <input_file id="fl-e2">
         <path>C:\ti\ccs1200\ccs\tools\compiler\ti-cgt-arm_20.2.6.LTS\lib\</path>
         <kind>archive</kind>
         <file>rtsv7M4_T_le_v4SPD16_eabi.lib</file>
         <name>boot_cortex_m.c.obj</name>
      </input_file>
      <input_file id="fl-e3">
         <path>C:\ti\ccs1200\ccs\tools\compiler\ti-cgt-arm_20.2.6.LTS\lib\</path>
         <kind>archive</kind>
         <file>rtsv7M4_T_le_v4SPD16_eabi.lib</file>
         <name>k_cos.c.obj</name>
      </input_file>
      <input_file id="fl-e4">
         <path>C:\ti\ccs1200\ccs\tools\compiler\ti-cgt-arm_20.2.6.LTS\lib\</path>
         <kind>archive</kind>
         <file>rtsv7M4_T_le_v4SPD16_eabi.lib</file>
         <name>k_sin.c.obj</name>
      </input_file>
      <input_file id="fl-e5">
         <path>C:\ti\ccs1200\ccs\tools\compiler\ti-cgt-arm_20.2.6.LTS\lib\</path>
         <kind>archive</kind>
         <file>rtsv7M4_T_le_v4SPD16_eabi.lib</file>
         <name>k_tan.c.obj</name>
      </input_file>
      <input_file id="fl-e6">
         <path>C:\ti\ccs1200\ccs\tools\compiler\ti-cgt-arm_20.2.6.LTS\lib\</path>
         <kind>archive</kind>
         <file>rtsv7M4_T_le_v4SPD16_eabi.lib</file>
         <name>s_floor.c.obj</name>
      </input_file>
      <input_file id="fl-e7">
         <path>C:\ti\ccs1200\ccs\tools\compiler\ti-cgt-arm_20.2.6.LTS\lib\</path>
         <kind>archive</kind>
         <file>rtsv7M4_T_le_v4SPD16_eabi.lib</file>
         <name>s_scalbn.c.obj</name>
      </input_file>
      <input_file id="fl-e8">
         <path>C:\ti\ccs1200\ccs\tools\compiler\ti-cgt-arm_20.2.6.LTS\lib\</path>
         <kind>archive</kind>
         <file>rtsv7M4_T_le_v4SPD16_eabi.lib</file>
         <name>s_copysign.c.obj</name>
      </input_file>
      <input_file id="fl-e9">
         <path>C:\ti\ccs1200\ccs\tools\compiler\ti-cgt-arm_20.2.6.LTS\lib\</path>
         <kind>archive</kind>
         <file>rtsv7M4_T_le_v4SPD16_eabi.lib</file>
         <name>_printfi.c.obj</name>
      </input_file>
      <input_file id="fl-ea">
         <path>C:\ti\ccs1200\ccs\tools\compiler\ti-cgt-arm_20.2.6.LTS\lib\</path>
         <kind>archive</kind>
         <file>rtsv7M4_T_le_v4SPD16_eabi.lib</file>
         <name>memset_t2.asm.obj</name>
      </input_file>
      <input_file id="fl-eb">
         <path>C:\ti\ccs1200\ccs\tools\compiler\ti-cgt-arm_20.2.6.LTS\lib\</path>
         <kind>archive</kind>
         <file>rtsv7M4_T_le_v4SPD16_eabi.lib</file>
         <name>ull_div_t2.asm.obj</name>
      </input_file>
      <input_file id="fl-ec">
         <path>C:\ti\ccs1200\ccs\tools\compiler\ti-cgt-arm_20.2.6.LTS\lib\</path>
         <kind>archive</kind>
         <file>rtsv7M4_T_le_v4SPD16_eabi.lib</file>
         <name>autoinit.c.obj</name>
      </input_file>
      <input_file id="fl-ed">
         <path>C:\ti\ccs1200\ccs\tools\compiler\ti-cgt-arm_20.2.6.LTS\lib\</path>
         <kind>archive</kind>
         <file>rtsv7M4_T_le_v4SPD16_eabi.lib</file>
         <name>pre_init.c.obj</name>
      </input_file>
      <input_file id="fl-ee">
         <path>C:\ti\ccs1200\ccs\tools\compiler\ti-cgt-arm_20.2.6.LTS\lib\</path>
         <kind>archive</kind>
         <file>rtsv7M4_T_le_v4SPD16_eabi.lib</file>
         <name>cpy_tbl.c.obj</name>
      </input_file>
      <input_file id="fl-ef">
         <path>C:\ti\ccs1200\ccs\tools\compiler\ti-cgt-arm_20.2.6.LTS\lib\</path>
         <kind>archive</kind>
         <file>rtsv7M4_T_le_v4SPD16_eabi.lib</file>
         <name>exit.c.obj</name>
      </input_file>
      <input_file id="fl-f0">
         <path>C:\ti\ccs1200\ccs\tools\compiler\ti-cgt-arm_20.2.6.LTS\lib\</path>
         <kind>archive</kind>
         <file>rtsv7M4_T_le_v4SPD16_eabi.lib</file>
         <name>_lock.c.obj</name>
      </input_file>
      <input_file id="fl-f1">
         <path>C:\ti\ccs1200\ccs\tools\compiler\ti-cgt-arm_20.2.6.LTS\lib\</path>
         <kind>archive</kind>
         <file>rtsv7M4_T_le_v4SPD16_eabi.lib</file>
         <name>_ltoa.c.obj</name>
      </input_file>
      <input_file id="fl-f2">
         <path>C:\ti\ccs1200\ccs\tools\compiler\ti-cgt-arm_20.2.6.LTS\lib\</path>
         <kind>archive</kind>
         <file>rtsv7M4_T_le_v4SPD16_eabi.lib</file>
         <name>args_main.c.obj</name>
      </input_file>
      <input_file id="fl-f3">
         <path>C:\ti\ccs1200\ccs\tools\compiler\ti-cgt-arm_20.2.6.LTS\lib\</path>
         <kind>archive</kind>
         <file>rtsv7M4_T_le_v4SPD16_eabi.lib</file>
         <name>atoi.c.obj</name>
      </input_file>
      <input_file id="fl-f4">
         <path>C:\ti\ccs1200\ccs\tools\compiler\ti-cgt-arm_20.2.6.LTS\lib\</path>
         <kind>archive</kind>
         <file>rtsv7M4_T_le_v4SPD16_eabi.lib</file>
         <name>ctype.c.obj</name>
      </input_file>
      <input_file id="fl-f5">
         <path>C:\ti\ccs1200\ccs\tools\compiler\ti-cgt-arm_20.2.6.LTS\lib\</path>
         <kind>archive</kind>
         <file>rtsv7M4_T_le_v4SPD16_eabi.lib</file>
         <name>memccpy.c.obj</name>
      </input_file>
      <input_file id="fl-f6">
         <path>C:\ti\ccs1200\ccs\tools\compiler\ti-cgt-arm_20.2.6.LTS\lib\</path>
         <kind>archive</kind>
         <file>rtsv7M4_T_le_v4SPD16_eabi.lib</file>
         <name>strchr.c.obj</name>
      </input_file>
      <input_file id="fl-f7">
         <path>C:\ti\ccs1200\ccs\tools\compiler\ti-cgt-arm_20.2.6.LTS\lib\</path>
         <kind>archive</kind>
         <file>rtsv7M4_T_le_v4SPD16_eabi.lib</file>
         <name>s_frexp.c.obj</name>
      </input_file>
      <input_file id="fl-f8">
         <path>C:\ti\ccs1200\ccs\tools\compiler\ti-cgt-arm_20.2.6.LTS\lib\</path>
         <kind>archive</kind>
         <file>rtsv7M4_T_le_v4SPD16_eabi.lib</file>
         <name>wcslen.c.obj</name>
      </input_file>
      <input_file id="fl-f9">
         <path>C:\ti\ccs1200\ccs\tools\compiler\ti-cgt-arm_20.2.6.LTS\lib\</path>
         <kind>archive</kind>
         <file>rtsv7M4_T_le_v4SPD16_eabi.lib</file>
         <name>div0.asm.obj</name>
      </input_file>
      <input_file id="fl-fa">
         <path>C:\ti\TivaWare_C_Series-2.2.0.295\driverlib\ccs\Debug\</path>
         <kind>archive</kind>
         <file>driverlib.lib</file>
         <name>interrupt.obj</name>
      </input_file>
      <input_file id="fl-fb">
         <path>C:\ti\TivaWare_C_Series-2.2.0.295\driverlib\ccs\Debug\</path>
         <kind>archive</kind>
         <file>driverlib.lib</file>
         <name>cpu.obj</name>
      </input_file>
   </input_file_list>
   <object_component_list>
      <object_component id="oc-12">
         <name>.intvecs</name>
         <load_address>0x0</load_address>
         <run_address>0x0</run_address>
         <size>0x26c</size>
         <input_file_ref idref="fl-7"/>
      </object_component>
      <object_component id="oc-fb">
         <name>.text</name>
         <load_address>0x26c</load_address>
         <run_address>0x26c</run_address>
         <size>0xdbc</size>
         <input_file_ref idref="fl-5"/>
      </object_component>
      <object_component id="oc-f5">
         <name>.text</name>
         <load_address>0x1028</load_address>
         <run_address>0x1028</run_address>
         <size>0xc20</size>
         <input_file_ref idref="fl-6"/>
      </object_component>
      <object_component id="oc-26d">
         <name>.text:__TI_printfi</name>
         <load_address>0x1c48</load_address>
         <run_address>0x1c48</run_address>
         <size>0xa4e</size>
         <input_file_ref idref="fl-e9"/>
      </object_component>
      <object_component id="oc-310">
         <name>.text:_nop</name>
         <load_address>0x2696</load_address>
         <run_address>0x2696</run_address>
         <size>0x2</size>
         <input_file_ref idref="fl-f0"/>
      </object_component>
      <object_component id="oc-2de">
         <name>.text:__kernel_rem_pio2</name>
         <load_address>0x2698</load_address>
         <run_address>0x2698</run_address>
         <size>0x738</size>
         <input_file_ref idref="fl-dc"/>
      </object_component>
      <object_component id="oc-207">
         <name>.text:sin</name>
         <load_address>0x2dd0</load_address>
         <run_address>0x2dd0</run_address>
         <size>0x5e0</size>
         <input_file_ref idref="fl-cc"/>
      </object_component>
      <object_component id="oc-201">
         <name>.text:cos</name>
         <load_address>0x33b0</load_address>
         <run_address>0x33b0</run_address>
         <size>0x5dc</size>
         <input_file_ref idref="fl-cb"/>
      </object_component>
      <object_component id="oc-1fb">
         <name>.text:tan</name>
         <load_address>0x398c</load_address>
         <run_address>0x398c</run_address>
         <size>0x508</size>
         <input_file_ref idref="fl-cd"/>
      </object_component>
      <object_component id="oc-e9">
         <name>.text</name>
         <load_address>0x3e94</load_address>
         <run_address>0x3e94</run_address>
         <size>0x328</size>
         <input_file_ref idref="fl-3"/>
      </object_component>
      <object_component id="oc-2e4">
         <name>.text:__kernel_tan</name>
         <load_address>0x41bc</load_address>
         <run_address>0x41bc</run_address>
         <size>0x31c</size>
         <input_file_ref idref="fl-e5"/>
      </object_component>
      <object_component id="oc-20d">
         <name>.text:atan</name>
         <load_address>0x44d8</load_address>
         <run_address>0x44d8</run_address>
         <size>0x2ec</size>
         <input_file_ref idref="fl-ca"/>
      </object_component>
      <object_component id="oc-35c">
         <name>.text:_pconv_a</name>
         <load_address>0x47c4</load_address>
         <run_address>0x47c4</run_address>
         <size>0x270</size>
         <input_file_ref idref="fl-e9"/>
      </object_component>
      <object_component id="oc-ef">
         <name>.text</name>
         <load_address>0x4a34</load_address>
         <run_address>0x4a34</run_address>
         <size>0x260</size>
         <input_file_ref idref="fl-10"/>
      </object_component>
      <object_component id="oc-d7">
         <name>.text</name>
         <load_address>0x4c94</load_address>
         <run_address>0x4c94</run_address>
         <size>0x24c</size>
         <input_file_ref idref="fl-8"/>
      </object_component>
      <object_component id="oc-e3">
         <name>.text</name>
         <load_address>0x4ee0</load_address>
         <run_address>0x4ee0</run_address>
         <size>0x248</size>
         <input_file_ref idref="fl-2"/>
      </object_component>
      <object_component id="oc-19e">
         <name>.text</name>
         <load_address>0x5128</load_address>
         <run_address>0x5128</run_address>
         <size>0x1ec</size>
         <input_file_ref idref="fl-12"/>
      </object_component>
      <object_component id="oc-a2">
         <name>.text</name>
         <load_address>0x5314</load_address>
         <run_address>0x5314</run_address>
         <size>0x1d8</size>
         <input_file_ref idref="fl-4"/>
      </object_component>
      <object_component id="oc-34a">
         <name>.text:_pconv_g</name>
         <load_address>0x54ec</load_address>
         <run_address>0x54ec</run_address>
         <size>0x1d0</size>
         <input_file_ref idref="fl-e9"/>
      </object_component>
      <object_component id="oc-101">
         <name>.text</name>
         <load_address>0x56bc</load_address>
         <run_address>0x56bc</run_address>
         <size>0x1b6</size>
         <input_file_ref idref="fl-d0"/>
      </object_component>
      <object_component id="oc-452">
         <name>.text</name>
         <load_address>0x5872</load_address>
         <run_address>0x5872</run_address>
         <size>0x2</size>
         <input_file_ref idref="fl-f9"/>
      </object_component>
      <object_component id="oc-2fd">
         <name>.text:__kernel_sin</name>
         <load_address>0x5874</load_address>
         <run_address>0x5874</run_address>
         <size>0x174</size>
         <input_file_ref idref="fl-e4"/>
      </object_component>
      <object_component id="oc-2f7">
         <name>.text:__kernel_cos</name>
         <load_address>0x59e8</load_address>
         <run_address>0x59e8</run_address>
         <size>0x170</size>
         <input_file_ref idref="fl-e3"/>
      </object_component>
      <object_component id="oc-198">
         <name>.text</name>
         <load_address>0x5b58</load_address>
         <run_address>0x5b58</run_address>
         <size>0x158</size>
         <input_file_ref idref="fl-13"/>
      </object_component>
      <object_component id="oc-213">
         <name>.text:sqrt</name>
         <load_address>0x5cb0</load_address>
         <run_address>0x5cb0</run_address>
         <size>0x158</size>
         <input_file_ref idref="fl-c9"/>
      </object_component>
      <object_component id="oc-356">
         <name>.text:_pconv_e</name>
         <load_address>0x5e08</load_address>
         <run_address>0x5e08</run_address>
         <size>0x13c</size>
         <input_file_ref idref="fl-e9"/>
      </object_component>
      <object_component id="oc-1cb">
         <name>.text</name>
         <load_address>0x5f44</load_address>
         <run_address>0x5f44</run_address>
         <size>0x136</size>
         <input_file_ref idref="fl-d2"/>
      </object_component>
      <object_component id="oc-3f9">
         <name>.text:fcvt</name>
         <load_address>0x607c</load_address>
         <run_address>0x607c</run_address>
         <size>0x124</size>
         <input_file_ref idref="fl-e9"/>
      </object_component>
      <object_component id="oc-1a4">
         <name>.text</name>
         <load_address>0x61a0</load_address>
         <run_address>0x61a0</run_address>
         <size>0x118</size>
         <input_file_ref idref="fl-11"/>
      </object_component>
      <object_component id="oc-396">
         <name>.text:scalbn</name>
         <load_address>0x62b8</load_address>
         <run_address>0x62b8</run_address>
         <size>0x110</size>
         <input_file_ref idref="fl-e7"/>
      </object_component>
      <object_component id="oc-2c7">
         <name>.text:aligned_alloc</name>
         <load_address>0x63c8</load_address>
         <run_address>0x63c8</run_address>
         <size>0x100</size>
         <input_file_ref idref="fl-dd"/>
      </object_component>
      <object_component id="oc-106">
         <name>.text</name>
         <load_address>0x64c8</load_address>
         <run_address>0x64c8</run_address>
         <size>0xfc</size>
         <input_file_ref idref="fl-d3"/>
      </object_component>
      <object_component id="oc-39c">
         <name>.text:floor</name>
         <load_address>0x65c4</load_address>
         <run_address>0x65c4</run_address>
         <size>0xf8</size>
         <input_file_ref idref="fl-e6"/>
      </object_component>
      <object_component id="oc-1bb">
         <name>.text:free</name>
         <load_address>0x66bc</load_address>
         <run_address>0x66bc</run_address>
         <size>0xe4</size>
         <input_file_ref idref="fl-dd"/>
      </object_component>
      <object_component id="oc-344">
         <name>.text:_ltostr</name>
         <load_address>0x67a0</load_address>
         <run_address>0x67a0</run_address>
         <size>0xb1</size>
         <input_file_ref idref="fl-e9"/>
      </object_component>
      <object_component id="oc-3e">
         <name>.text</name>
         <load_address>0x6852</load_address>
         <run_address>0x6852</run_address>
         <size>0x9c</size>
         <input_file_ref idref="fl-d8"/>
      </object_component>
      <object_component id="oc-3e0">
         <name>.text</name>
         <load_address>0x68ee</load_address>
         <run_address>0x68ee</run_address>
         <size>0x96</size>
         <input_file_ref idref="fl-eb"/>
      </object_component>
      <object_component id="oc-10b">
         <name>.text:__aeabi_cdcmple</name>
         <load_address>0x6984</load_address>
         <run_address>0x6984</run_address>
         <size>0x86</size>
         <input_file_ref idref="fl-d1"/>
      </object_component>
      <object_component id="oc-110">
         <name>.text:__aeabi_cdrcmple</name>
         <load_address>0x6a0a</load_address>
         <run_address>0x6a0a</run_address>
         <size>0x86</size>
         <input_file_ref idref="fl-d1"/>
      </object_component>
      <object_component id="oc-96">
         <name>.text</name>
         <load_address>0x6a90</load_address>
         <run_address>0x6a90</run_address>
         <size>0x7a</size>
         <input_file_ref idref="fl-ea"/>
      </object_component>
      <object_component id="oc-38f">
         <name>.text:split</name>
         <load_address>0x6b0c</load_address>
         <run_address>0x6b0c</run_address>
         <size>0x70</size>
         <input_file_ref idref="fl-dd"/>
      </object_component>
      <object_component id="oc-3f2">
         <name>.text:_mcpy</name>
         <load_address>0x6b7c</load_address>
         <run_address>0x6b7c</run_address>
         <size>0x6e</size>
         <input_file_ref idref="fl-e9"/>
      </object_component>
      <object_component id="oc-1d8">
         <name>.text</name>
         <load_address>0x6bea</load_address>
         <run_address>0x6bea</run_address>
         <size>0x6e</size>
         <input_file_ref idref="fl-d5"/>
      </object_component>
      <object_component id="oc-15">
         <name>.text:decompress:lzss:__TI_decompress_lzss</name>
         <load_address>0x6c58</load_address>
         <run_address>0x6c58</run_address>
         <size>0x68</size>
         <input_file_ref idref="fl-db"/>
      </object_component>
      <object_component id="oc-407">
         <name>.text:frexp</name>
         <load_address>0x6cc0</load_address>
         <run_address>0x6cc0</run_address>
         <size>0x64</size>
         <input_file_ref idref="fl-f7"/>
      </object_component>
      <object_component id="oc-350">
         <name>.text:_pconv_f</name>
         <load_address>0x6d24</load_address>
         <run_address>0x6d24</run_address>
         <size>0x56</size>
         <input_file_ref idref="fl-e9"/>
      </object_component>
      <object_component id="oc-3e6">
         <name>.text:__TI_ltoa</name>
         <load_address>0x6d7a</load_address>
         <run_address>0x6d7a</run_address>
         <size>0x54</size>
         <input_file_ref idref="fl-f1"/>
      </object_component>
      <object_component id="oc-3ec">
         <name>.text:_ecpy</name>
         <load_address>0x6dce</load_address>
         <run_address>0x6dce</run_address>
         <size>0x52</size>
         <input_file_ref idref="fl-e9"/>
      </object_component>
      <object_component id="oc-33e">
         <name>.text:atoi</name>
         <load_address>0x6e20</load_address>
         <run_address>0x6e20</run_address>
         <size>0x4c</size>
         <input_file_ref idref="fl-f3"/>
      </object_component>
      <object_component id="oc-219">
         <name>.text</name>
         <load_address>0x6e6c</load_address>
         <run_address>0x6e6c</run_address>
         <size>0x48</size>
         <input_file_ref idref="fl-d4"/>
      </object_component>
      <object_component id="oc-127">
         <name>.text:__TI_auto_init_nobinit_nopinit:__TI_auto_init_nobinit_nopinit</name>
         <load_address>0x6eb4</load_address>
         <run_address>0x6eb4</run_address>
         <size>0x44</size>
         <input_file_ref idref="fl-ec"/>
      </object_component>
      <object_component id="oc-1e5">
         <name>.text:sprintf</name>
         <load_address>0x6ef8</load_address>
         <run_address>0x6ef8</run_address>
         <size>0x40</size>
         <input_file_ref idref="fl-ce"/>
      </object_component>
      <object_component id="oc-17c">
         <name>.text:vsnprintf</name>
         <load_address>0x6f38</load_address>
         <run_address>0x6f38</run_address>
         <size>0x40</size>
         <input_file_ref idref="fl-cf"/>
      </object_component>
      <object_component id="oc-3ff">
         <name>.text:_fcpy</name>
         <load_address>0x6f78</load_address>
         <run_address>0x6f78</run_address>
         <size>0x3e</size>
         <input_file_ref idref="fl-e9"/>
      </object_component>
      <object_component id="oc-1b5">
         <name>.text:calloc</name>
         <load_address>0x6fb8</load_address>
         <run_address>0x6fb8</run_address>
         <size>0x38</size>
         <input_file_ref idref="fl-dd"/>
      </object_component>
      <object_component id="oc-1dd">
         <name>.text</name>
         <load_address>0x6ff0</load_address>
         <run_address>0x6ff0</run_address>
         <size>0x38</size>
         <input_file_ref idref="fl-d6"/>
      </object_component>
      <object_component id="oc-15b">
         <name>.text:IntRegister</name>
         <load_address>0x7028</load_address>
         <run_address>0x7028</run_address>
         <size>0x34</size>
         <input_file_ref idref="fl-fa"/>
      </object_component>
      <object_component id="oc-5c">
         <name>.text:_c_int00_noargs:_c_int00_noargs</name>
         <load_address>0x705c</load_address>
         <run_address>0x705c</run_address>
         <size>0x34</size>
         <input_file_ref idref="fl-e2"/>
      </object_component>
      <object_component id="oc-273">
         <name>.text:_outs</name>
         <load_address>0x7090</load_address>
         <run_address>0x7090</run_address>
         <size>0x30</size>
         <input_file_ref idref="fl-cf"/>
      </object_component>
      <object_component id="oc-1d0">
         <name>.text</name>
         <load_address>0x70c0</load_address>
         <run_address>0x70c0</run_address>
         <size>0x2e</size>
         <input_file_ref idref="fl-d7"/>
      </object_component>
      <object_component id="oc-2a8">
         <name>.text:free_list_insert</name>
         <load_address>0x70f0</load_address>
         <run_address>0x70f0</run_address>
         <size>0x28</size>
         <input_file_ref idref="fl-dd"/>
      </object_component>
      <object_component id="oc-4a">
         <name>.text:decompress:ZI:__TI_zero_init_nomemset:__TI_zero_init_nomemset</name>
         <load_address>0x7118</load_address>
         <run_address>0x7118</run_address>
         <size>0x1c</size>
         <input_file_ref idref="fl-d9"/>
      </object_component>
      <object_component id="oc-2a2">
         <name>.text:free_list_remove</name>
         <load_address>0x7134</load_address>
         <run_address>0x7134</run_address>
         <size>0x1c</size>
         <input_file_ref idref="fl-dd"/>
      </object_component>
      <object_component id="oc-362">
         <name>.text:memccpy</name>
         <load_address>0x7150</load_address>
         <run_address>0x7150</run_address>
         <size>0x1c</size>
         <input_file_ref idref="fl-f5"/>
      </object_component>
      <object_component id="oc-42c">
         <name>.text:copysign</name>
         <load_address>0x716c</load_address>
         <run_address>0x716c</run_address>
         <size>0x1a</size>
         <input_file_ref idref="fl-e8"/>
      </object_component>
      <object_component id="oc-279">
         <name>.text:_outc</name>
         <load_address>0x7186</load_address>
         <run_address>0x7186</run_address>
         <size>0x18</size>
         <input_file_ref idref="fl-cf"/>
      </object_component>
      <object_component id="oc-2b9">
         <name>.text:_outs</name>
         <load_address>0x719e</load_address>
         <run_address>0x719e</run_address>
         <size>0x18</size>
         <input_file_ref idref="fl-ce"/>
      </object_component>
      <object_component id="oc-1c1">
         <name>.text:oi_parseInt</name>
         <load_address>0x71b6</load_address>
         <run_address>0x71b6</run_address>
         <size>0x18</size>
         <input_file_ref idref="fl-6"/>
      </object_component>
      <object_component id="oc-182">
         <name>.text:strcmp</name>
         <load_address>0x71ce</load_address>
         <run_address>0x71ce</run_address>
         <size>0x18</size>
         <input_file_ref idref="fl-de"/>
      </object_component>
      <object_component id="oc-40d">
         <name>.text:strchr</name>
         <load_address>0x71e6</load_address>
         <run_address>0x71e6</run_address>
         <size>0x16</size>
         <input_file_ref idref="fl-f6"/>
      </object_component>
      <object_component id="oc-188">
         <name>.text:strcpy</name>
         <load_address>0x71fc</load_address>
         <run_address>0x71fc</run_address>
         <size>0x14</size>
         <input_file_ref idref="fl-df"/>
      </object_component>
      <object_component id="oc-dd">
         <name>.text:strlen</name>
         <load_address>0x7210</load_address>
         <run_address>0x7210</run_address>
         <size>0x14</size>
         <input_file_ref idref="fl-e0"/>
      </object_component>
      <object_component id="oc-368">
         <name>.text:wcslen</name>
         <load_address>0x7224</load_address>
         <run_address>0x7224</run_address>
         <size>0x12</size>
         <input_file_ref idref="fl-f8"/>
      </object_component>
      <object_component id="oc-161">
         <name>.text:IntMasterEnable</name>
         <load_address>0x7236</load_address>
         <run_address>0x7236</run_address>
         <size>0x10</size>
         <input_file_ref idref="fl-fa"/>
      </object_component>
      <object_component id="oc-175">
         <name>.text:lcd_clear</name>
         <load_address>0x7246</load_address>
         <run_address>0x7246</run_address>
         <size>0x10</size>
         <input_file_ref idref="fl-3"/>
      </object_component>
      <object_component id="oc-1b">
         <name>.text:decompress:none:__TI_decompress_none</name>
         <load_address>0x7256</load_address>
         <run_address>0x7256</run_address>
         <size>0xe</size>
         <input_file_ref idref="fl-da"/>
      </object_component>
      <object_component id="oc-260">
         <name>.text:CPUcpsie</name>
         <load_address>0x7264</load_address>
         <run_address>0x7264</run_address>
         <size>0xc</size>
         <input_file_ref idref="fl-fb"/>
      </object_component>
      <object_component id="oc-2a">
         <name>.text</name>
         <load_address>0x7270</load_address>
         <run_address>0x7270</run_address>
         <size>0xc</size>
         <input_file_ref idref="fl-7"/>
      </object_component>
      <object_component id="oc-2bf">
         <name>.text:_outc</name>
         <load_address>0x727c</load_address>
         <run_address>0x727c</run_address>
         <size>0xa</size>
         <input_file_ref idref="fl-ce"/>
      </object_component>
      <object_component id="oc-2ea">
         <name>.text:__aeabi_errno_addr</name>
         <load_address>0x7288</load_address>
         <run_address>0x7288</run_address>
         <size>0x8</size>
         <input_file_ref idref="fl-e1"/>
      </object_component>
      <object_component id="oc-1eb">
         <name>.text:malloc</name>
         <load_address>0x7290</load_address>
         <run_address>0x7290</run_address>
         <size>0x8</size>
         <input_file_ref idref="fl-dd"/>
      </object_component>
      <object_component id="oc-9c">
         <name>.text:_system_pre_init</name>
         <load_address>0x7298</load_address>
         <run_address>0x7298</run_address>
         <size>0x4</size>
         <input_file_ref idref="fl-ed"/>
      </object_component>
      <object_component id="oc-11b">
         <name>.text:abort:abort</name>
         <load_address>0x729c</load_address>
         <run_address>0x729c</run_address>
         <size>0x4</size>
         <input_file_ref idref="fl-ef"/>
      </object_component>
      <object_component id="oc-1f5">
         <name>.const:$P$T0$1</name>
         <load_address>0x72a0</load_address>
         <run_address>0x72a0</run_address>
         <size>0x168</size>
         <input_file_ref idref="fl-5"/>
      </object_component>
      <object_component id="oc-1f8">
         <name>.const:$P$T1$2</name>
         <load_address>0x7408</load_address>
         <run_address>0x7408</run_address>
         <size>0x168</size>
         <input_file_ref idref="fl-5"/>
      </object_component>
      <object_component id="oc-3a2">
         <name>.const:$O1$$</name>
         <load_address>0x7570</load_address>
         <run_address>0x7570</run_address>
         <size>0x158</size>
         <input_file_ref idref="fl-dc"/>
      </object_component>
      <object_component id="oc-3db">
         <name>.const:.string:_ctypes_</name>
         <load_address>0x76c8</load_address>
         <run_address>0x76c8</run_address>
         <size>0x101</size>
         <input_file_ref idref="fl-f4"/>
      </object_component>
      <object_component id="oc-18e">
         <name>.const:.string:lineAddress$1</name>
         <load_address>0x77c9</load_address>
         <run_address>0x77c9</run_address>
         <size>0x4</size>
         <input_file_ref idref="fl-3"/>
      </object_component>
      <object_component id="oc-307">
         <name>.const:$O1$$</name>
         <load_address>0x77d0</load_address>
         <run_address>0x77d0</run_address>
         <size>0x98</size>
         <input_file_ref idref="fl-ca"/>
      </object_component>
      <object_component id="oc-3ad">
         <name>.const:xxx</name>
         <load_address>0x7868</load_address>
         <run_address>0x7868</run_address>
         <size>0x80</size>
         <input_file_ref idref="fl-e5"/>
      </object_component>
      <object_component id="oc-1d5">
         <name>.const:.string:$P$T0$3</name>
         <load_address>0x78e8</load_address>
         <run_address>0x78e8</run_address>
         <size>0xf</size>
         <input_file_ref idref="fl-6"/>
      </object_component>
      <object_component id="oc-18f">
         <name>.const:.string:lineAddresses$2</name>
         <load_address>0x78f7</load_address>
         <run_address>0x78f7</run_address>
         <size>0x4</size>
         <input_file_ref idref="fl-3"/>
      </object_component>
      <object_component id="oc-4aa">
         <name>.cinit..data.load</name>
         <load_address>0x7900</load_address>
         <run_address>0x7900</run_address>
         <size>0x23</size>
      </object_component>
      <object_component id="oc-4a7">
         <name>__TI_handler_table</name>
         <load_address>0x7924</load_address>
         <run_address>0x7924</run_address>
         <size>0xc</size>
      </object_component>
      <object_component id="oc-4ab">
         <name>.cinit..bss.load</name>
         <load_address>0x7930</load_address>
         <run_address>0x7930</run_address>
         <size>0x8</size>
      </object_component>
      <object_component id="oc-4a9">
         <name>.cinit..vtable.load</name>
         <load_address>0x7938</load_address>
         <run_address>0x7938</run_address>
         <size>0x8</size>
      </object_component>
      <object_component id="oc-4a8">
         <name>__TI_cinit_table</name>
         <load_address>0x7940</load_address>
         <run_address>0x7940</run_address>
         <size>0x18</size>
      </object_component>
      <object_component id="oc-256">
         <name>.vtable</name>
         <uninitialized>true</uninitialized>
         <run_address>0x20000000</run_address>
         <size>0x26c</size>
         <input_file_ref idref="fl-fa"/>
      </object_component>
      <object_component id="oc-170">
         <name>.data</name>
         <load_address>0x20002340</load_address>
         <run_address>0x20002340</run_address>
         <size>0x1</size>
         <input_file_ref idref="fl-2"/>
      </object_component>
      <object_component id="oc-1c8">
         <name>.data</name>
         <load_address>0x200022fc</load_address>
         <run_address>0x200022fc</run_address>
         <size>0x20</size>
         <input_file_ref idref="fl-6"/>
      </object_component>
      <object_component id="oc-115">
         <name>.data</name>
         <load_address>0x2000231c</load_address>
         <run_address>0x2000231c</run_address>
         <size>0xc</size>
         <input_file_ref idref="fl-8"/>
      </object_component>
      <object_component id="oc-1aa">
         <name>.data</name>
         <load_address>0x20002338</load_address>
         <run_address>0x20002338</run_address>
         <size>0x4</size>
         <input_file_ref idref="fl-10"/>
      </object_component>
      <object_component id="oc-386">
         <name>.data:$O1$$</name>
         <load_address>0x20002330</load_address>
         <run_address>0x20002330</run_address>
         <size>0x8</size>
         <input_file_ref idref="fl-dd"/>
      </object_component>
      <object_component id="oc-3b2">
         <name>.data</name>
         <load_address>0x2000233c</load_address>
         <run_address>0x2000233c</run_address>
         <size>0x4</size>
         <input_file_ref idref="fl-e1"/>
      </object_component>
      <object_component id="oc-23a">
         <name>.data:$O1$$</name>
         <load_address>0x20002328</load_address>
         <run_address>0x20002328</run_address>
         <size>0x8</size>
         <input_file_ref idref="fl-f0"/>
      </object_component>
      <object_component id="oc-190">
         <name>.bss:lastbuffer$3</name>
         <uninitialized>true</uninitialized>
         <run_address>0x20002270</run_address>
         <size>0x54</size>
         <input_file_ref idref="fl-3"/>
      </object_component>
      <object_component id="oc-1e2">
         <name>.bss:firmware$2</name>
         <uninitialized>true</uninitialized>
         <run_address>0x200022c4</run_address>
         <size>0x18</size>
         <input_file_ref idref="fl-6"/>
      </object_component>
      <object_component id="oc-173">
         <name>.common:_timeout_ticks</name>
         <uninitialized>true</uninitialized>
         <run_address>0x200022dc</run_address>
         <size>0x4</size>
      </object_component>
      <object_component id="oc-1f1">
         <name>.common:right_calibration_value</name>
         <uninitialized>true</uninitialized>
         <run_address>0x200022f0</run_address>
         <size>0x4</size>
      </object_component>
      <object_component id="oc-1f4">
         <name>.common:left_calibration_value</name>
         <uninitialized>true</uninitialized>
         <run_address>0x200022e8</run_address>
         <size>0x4</size>
      </object_component>
      <object_component id="oc-299">
         <name>.common:isr_int_value</name>
         <uninitialized>true</uninitialized>
         <run_address>0x200022e4</run_address>
         <size>0x4</size>
      </object_component>
      <object_component id="oc-295">
         <name>.common:risingEdge</name>
         <uninitialized>true</uninitialized>
         <run_address>0x200022f4</run_address>
         <size>0x4</size>
      </object_component>
      <object_component id="oc-296">
         <name>.common:fallingEdge</name>
         <uninitialized>true</uninitialized>
         <run_address>0x200022e0</run_address>
         <size>0x4</size>
      </object_component>
      <object_component id="oc-297">
         <name>.common:pulseLength</name>
         <uninitialized>true</uninitialized>
         <run_address>0x200022ec</run_address>
         <size>0x4</size>
      </object_component>
      <object_component id="oc-292">
         <name>.common:isRisingEdge</name>
         <uninitialized>true</uninitialized>
         <run_address>0x200022f8</run_address>
         <size>0x1</size>
      </object_component>
      <object_component id="oc-24">
         <name>.sysmem</name>
         <uninitialized>true</uninitialized>
         <run_address>0x20001270</run_address>
         <size>0x10</size>
         <input_file_ref idref="fl-dd"/>
      </object_component>
      <object_component id="oc-4ae">
         <name>.sysmem</name>
         <uninitialized>true</uninitialized>
         <run_address>0x20001270</run_address>
         <size>0x0</size>
      </object_component>
      <object_component id="oc-27">
         <name>.stack</name>
         <uninitialized>true</uninitialized>
         <run_address>0x20000270</run_address>
         <size>0x4</size>
         <input_file_ref idref="fl-e2"/>
      </object_component>
      <object_component id="oc-4ad">
         <name>.stack</name>
         <uninitialized>true</uninitialized>
         <run_address>0x20000270</run_address>
         <size>0x0</size>
      </object_component>
      <object_component id="oc-c5">
         <name>.debug_info</name>
         <load_address>0x0</load_address>
         <run_address>0x0</run_address>
         <size>0x2b1</size>
         <input_file_ref idref="fl-2"/>
      </object_component>
      <object_component id="oc-171">
         <name>.debug_info</name>
         <load_address>0x2b1</load_address>
         <run_address>0x2b1</run_address>
         <size>0xbf</size>
         <input_file_ref idref="fl-2"/>
      </object_component>
      <object_component id="oc-e4">
         <name>.debug_info</name>
         <load_address>0x370</load_address>
         <run_address>0x370</run_address>
         <size>0x507</size>
         <input_file_ref idref="fl-2"/>
      </object_component>
      <object_component id="oc-77">
         <name>.debug_info</name>
         <load_address>0x877</load_address>
         <run_address>0x877</run_address>
         <size>0x26b</size>
         <input_file_ref idref="fl-2"/>
      </object_component>
      <object_component id="oc-39">
         <name>.debug_info</name>
         <load_address>0xae2</load_address>
         <run_address>0xae2</run_address>
         <size>0x84</size>
         <input_file_ref idref="fl-2"/>
      </object_component>
      <object_component id="oc-c0">
         <name>.debug_info</name>
         <load_address>0xb66</load_address>
         <run_address>0xb66</run_address>
         <size>0x2a4</size>
         <input_file_ref idref="fl-2"/>
      </object_component>
      <object_component id="oc-7c">
         <name>.debug_info</name>
         <load_address>0xe0a</load_address>
         <run_address>0xe0a</run_address>
         <size>0xbb</size>
         <input_file_ref idref="fl-2"/>
      </object_component>
      <object_component id="oc-192">
         <name>.debug_info</name>
         <load_address>0xec5</load_address>
         <run_address>0xec5</run_address>
         <size>0x37f</size>
         <input_file_ref idref="fl-3"/>
      </object_component>
      <object_component id="oc-176">
         <name>.debug_info</name>
         <load_address>0x1244</load_address>
         <run_address>0x1244</run_address>
         <size>0x114</size>
         <input_file_ref idref="fl-3"/>
      </object_component>
      <object_component id="oc-ea">
         <name>.debug_info</name>
         <load_address>0x1358</load_address>
         <run_address>0x1358</run_address>
         <size>0x8a0</size>
         <input_file_ref idref="fl-3"/>
      </object_component>
      <object_component id="oc-231">
         <name>.debug_info</name>
         <load_address>0x1bf8</load_address>
         <run_address>0x1bf8</run_address>
         <size>0xcc</size>
         <input_file_ref idref="fl-3"/>
      </object_component>
      <object_component id="oc-193">
         <name>.debug_info</name>
         <load_address>0x1cc4</load_address>
         <run_address>0x1cc4</run_address>
         <size>0x2c</size>
         <input_file_ref idref="fl-3"/>
      </object_component>
      <object_component id="oc-22c">
         <name>.debug_info</name>
         <load_address>0x1cf0</load_address>
         <run_address>0x1cf0</run_address>
         <size>0x35</size>
         <input_file_ref idref="fl-3"/>
      </object_component>
      <object_component id="oc-119">
         <name>.debug_info</name>
         <load_address>0x1d25</load_address>
         <run_address>0x1d25</run_address>
         <size>0x5b5</size>
         <input_file_ref idref="fl-4"/>
      </object_component>
      <object_component id="oc-a4">
         <name>.debug_info</name>
         <load_address>0x22da</load_address>
         <run_address>0x22da</run_address>
         <size>0x3a4</size>
         <input_file_ref idref="fl-4"/>
      </object_component>
      <object_component id="oc-227">
         <name>.debug_info</name>
         <load_address>0x267e</load_address>
         <run_address>0x267e</run_address>
         <size>0x5aa</size>
         <input_file_ref idref="fl-4"/>
      </object_component>
      <object_component id="oc-2d0">
         <name>.debug_info</name>
         <load_address>0x2c28</load_address>
         <run_address>0x2c28</run_address>
         <size>0x9d</size>
         <input_file_ref idref="fl-4"/>
      </object_component>
      <object_component id="oc-1f2">
         <name>.debug_info</name>
         <load_address>0x2cc5</load_address>
         <run_address>0x2cc5</run_address>
         <size>0x57d</size>
         <input_file_ref idref="fl-5"/>
      </object_component>
      <object_component id="oc-1f6">
         <name>.debug_info</name>
         <load_address>0x3242</load_address>
         <run_address>0x3242</run_address>
         <size>0xbf</size>
         <input_file_ref idref="fl-5"/>
      </object_component>
      <object_component id="oc-1f9">
         <name>.debug_info</name>
         <load_address>0x3301</load_address>
         <run_address>0x3301</run_address>
         <size>0xbf</size>
         <input_file_ref idref="fl-5"/>
      </object_component>
      <object_component id="oc-fc">
         <name>.debug_info</name>
         <load_address>0x33c0</load_address>
         <run_address>0x33c0</run_address>
         <size>0x134d</size>
         <input_file_ref idref="fl-5"/>
      </object_component>
      <object_component id="oc-2d5">
         <name>.debug_info</name>
         <load_address>0x470d</load_address>
         <run_address>0x470d</run_address>
         <size>0xd6</size>
         <input_file_ref idref="fl-5"/>
      </object_component>
      <object_component id="oc-1e4">
         <name>.debug_info</name>
         <load_address>0x47e3</load_address>
         <run_address>0x47e3</run_address>
         <size>0x3fc</size>
         <input_file_ref idref="fl-6"/>
      </object_component>
      <object_component id="oc-1c9">
         <name>.debug_info</name>
         <load_address>0x4bdf</load_address>
         <run_address>0x4bdf</run_address>
         <size>0x111</size>
         <input_file_ref idref="fl-6"/>
      </object_component>
      <object_component id="oc-1d6">
         <name>.debug_info</name>
         <load_address>0x4cf0</load_address>
         <run_address>0x4cf0</run_address>
         <size>0xc6</size>
         <input_file_ref idref="fl-6"/>
      </object_component>
      <object_component id="oc-1c2">
         <name>.debug_info</name>
         <load_address>0x4db6</load_address>
         <run_address>0x4db6</run_address>
         <size>0x13e</size>
         <input_file_ref idref="fl-6"/>
      </object_component>
      <object_component id="oc-f7">
         <name>.debug_info</name>
         <load_address>0x4ef4</load_address>
         <run_address>0x4ef4</run_address>
         <size>0x1988</size>
         <input_file_ref idref="fl-6"/>
      </object_component>
      <object_component id="oc-168">
         <name>.debug_info</name>
         <load_address>0x687c</load_address>
         <run_address>0x687c</run_address>
         <size>0x8b</size>
         <input_file_ref idref="fl-6"/>
      </object_component>
      <object_component id="oc-32">
         <name>.debug_info</name>
         <load_address>0x6907</load_address>
         <run_address>0x6907</run_address>
         <size>0x29b</size>
         <input_file_ref idref="fl-7"/>
      </object_component>
      <object_component id="oc-13">
         <name>.debug_info</name>
         <load_address>0x6ba2</load_address>
         <run_address>0x6ba2</run_address>
         <size>0xda</size>
         <input_file_ref idref="fl-7"/>
      </object_component>
      <object_component id="oc-2b">
         <name>.debug_info</name>
         <load_address>0x6c7c</load_address>
         <run_address>0x6c7c</run_address>
         <size>0x256</size>
         <input_file_ref idref="fl-7"/>
      </object_component>
      <object_component id="oc-16d">
         <name>.debug_info</name>
         <load_address>0x6ed2</load_address>
         <run_address>0x6ed2</run_address>
         <size>0x2c7</size>
         <input_file_ref idref="fl-8"/>
      </object_component>
      <object_component id="oc-116">
         <name>.debug_info</name>
         <load_address>0x7199</load_address>
         <run_address>0x7199</run_address>
         <size>0x1b2</size>
         <input_file_ref idref="fl-8"/>
      </object_component>
      <object_component id="oc-db">
         <name>.debug_info</name>
         <load_address>0x734b</load_address>
         <run_address>0x734b</run_address>
         <size>0x450</size>
         <input_file_ref idref="fl-8"/>
      </object_component>
      <object_component id="oc-1ae">
         <name>.debug_info</name>
         <load_address>0x779b</load_address>
         <run_address>0x779b</run_address>
         <size>0x485</size>
         <input_file_ref idref="fl-10"/>
      </object_component>
      <object_component id="oc-1ab">
         <name>.debug_info</name>
         <load_address>0x7c20</load_address>
         <run_address>0x7c20</run_address>
         <size>0x114</size>
         <input_file_ref idref="fl-10"/>
      </object_component>
      <object_component id="oc-f1">
         <name>.debug_info</name>
         <load_address>0x7d34</load_address>
         <run_address>0x7d34</run_address>
         <size>0x4ce</size>
         <input_file_ref idref="fl-10"/>
      </object_component>
      <object_component id="oc-1b0">
         <name>.debug_info</name>
         <load_address>0x8202</load_address>
         <run_address>0x8202</run_address>
         <size>0x9d</size>
         <input_file_ref idref="fl-10"/>
      </object_component>
      <object_component id="oc-29a">
         <name>.debug_info</name>
         <load_address>0x829f</load_address>
         <run_address>0x829f</run_address>
         <size>0x2b7</size>
         <input_file_ref idref="fl-11"/>
      </object_component>
      <object_component id="oc-1a5">
         <name>.debug_info</name>
         <load_address>0x8556</load_address>
         <run_address>0x8556</run_address>
         <size>0x266</size>
         <input_file_ref idref="fl-11"/>
      </object_component>
      <object_component id="oc-293">
         <name>.debug_info</name>
         <load_address>0x87bc</load_address>
         <run_address>0x87bc</run_address>
         <size>0x3ba</size>
         <input_file_ref idref="fl-12"/>
      </object_component>
      <object_component id="oc-19f">
         <name>.debug_info</name>
         <load_address>0x8b76</load_address>
         <run_address>0x8b76</run_address>
         <size>0x270</size>
         <input_file_ref idref="fl-12"/>
      </object_component>
      <object_component id="oc-19a">
         <name>.debug_info</name>
         <load_address>0x8de6</load_address>
         <run_address>0x8de6</run_address>
         <size>0x296</size>
         <input_file_ref idref="fl-13"/>
      </object_component>
      <object_component id="oc-30c">
         <name>.debug_info</name>
         <load_address>0x907c</load_address>
         <run_address>0x907c</run_address>
         <size>0x2c5</size>
         <input_file_ref idref="fl-c9"/>
      </object_component>
      <object_component id="oc-214">
         <name>.debug_info</name>
         <load_address>0x9341</load_address>
         <run_address>0x9341</run_address>
         <size>0x24e</size>
         <input_file_ref idref="fl-c9"/>
      </object_component>
      <object_component id="oc-3b9">
         <name>.debug_info</name>
         <load_address>0x958f</load_address>
         <run_address>0x958f</run_address>
         <size>0x46</size>
         <input_file_ref idref="fl-c9"/>
      </object_component>
      <object_component id="oc-2f2">
         <name>.debug_info</name>
         <load_address>0x95d5</load_address>
         <run_address>0x95d5</run_address>
         <size>0x39</size>
         <input_file_ref idref="fl-c9"/>
      </object_component>
      <object_component id="oc-3c8">
         <name>.debug_info</name>
         <load_address>0x960e</load_address>
         <run_address>0x960e</run_address>
         <size>0x2f2</size>
         <input_file_ref idref="fl-ca"/>
      </object_component>
      <object_component id="oc-308">
         <name>.debug_info</name>
         <load_address>0x9900</load_address>
         <run_address>0x9900</run_address>
         <size>0x131</size>
         <input_file_ref idref="fl-ca"/>
      </object_component>
      <object_component id="oc-210">
         <name>.debug_info</name>
         <load_address>0x9a31</load_address>
         <run_address>0x9a31</run_address>
         <size>0x4ac</size>
         <input_file_ref idref="fl-ca"/>
      </object_component>
      <object_component id="oc-304">
         <name>.debug_info</name>
         <load_address>0x9edd</load_address>
         <run_address>0x9edd</run_address>
         <size>0x361</size>
         <input_file_ref idref="fl-cb"/>
      </object_component>
      <object_component id="oc-204">
         <name>.debug_info</name>
         <load_address>0xa23e</load_address>
         <run_address>0xa23e</run_address>
         <size>0x79b</size>
         <input_file_ref idref="fl-cb"/>
      </object_component>
      <object_component id="oc-306">
         <name>.debug_info</name>
         <load_address>0xa9d9</load_address>
         <run_address>0xa9d9</run_address>
         <size>0x361</size>
         <input_file_ref idref="fl-cc"/>
      </object_component>
      <object_component id="oc-208">
         <name>.debug_info</name>
         <load_address>0xad3a</load_address>
         <run_address>0xad3a</run_address>
         <size>0x7ae</size>
         <input_file_ref idref="fl-cc"/>
      </object_component>
      <object_component id="oc-2f1">
         <name>.debug_info</name>
         <load_address>0xb4e8</load_address>
         <run_address>0xb4e8</run_address>
         <size>0x36a</size>
         <input_file_ref idref="fl-cd"/>
      </object_component>
      <object_component id="oc-1fc">
         <name>.debug_info</name>
         <load_address>0xb852</load_address>
         <run_address>0xb852</run_address>
         <size>0x5d4</size>
         <input_file_ref idref="fl-cd"/>
      </object_component>
      <object_component id="oc-2c6">
         <name>.debug_info</name>
         <load_address>0xbe26</load_address>
         <run_address>0xbe26</run_address>
         <size>0x333</size>
         <input_file_ref idref="fl-ce"/>
      </object_component>
      <object_component id="oc-1e9">
         <name>.debug_info</name>
         <load_address>0xc159</load_address>
         <run_address>0xc159</run_address>
         <size>0x1d1</size>
         <input_file_ref idref="fl-ce"/>
      </object_component>
      <object_component id="oc-2bb">
         <name>.debug_info</name>
         <load_address>0xc32a</load_address>
         <run_address>0xc32a</run_address>
         <size>0x18d</size>
         <input_file_ref idref="fl-ce"/>
      </object_component>
      <object_component id="oc-2c0">
         <name>.debug_info</name>
         <load_address>0xc4b7</load_address>
         <run_address>0xc4b7</run_address>
         <size>0x16d</size>
         <input_file_ref idref="fl-ce"/>
      </object_component>
      <object_component id="oc-281">
         <name>.debug_info</name>
         <load_address>0xc624</load_address>
         <run_address>0xc624</run_address>
         <size>0x2c</size>
         <input_file_ref idref="fl-ce"/>
      </object_component>
      <object_component id="oc-280">
         <name>.debug_info</name>
         <load_address>0xc650</load_address>
         <run_address>0xc650</run_address>
         <size>0x340</size>
         <input_file_ref idref="fl-cf"/>
      </object_component>
      <object_component id="oc-17d">
         <name>.debug_info</name>
         <load_address>0xc990</load_address>
         <run_address>0xc990</run_address>
         <size>0x208</size>
         <input_file_ref idref="fl-cf"/>
      </object_component>
      <object_component id="oc-274">
         <name>.debug_info</name>
         <load_address>0xcb98</load_address>
         <run_address>0xcb98</run_address>
         <size>0x1c6</size>
         <input_file_ref idref="fl-cf"/>
      </object_component>
      <object_component id="oc-27a">
         <name>.debug_info</name>
         <load_address>0xcd5e</load_address>
         <run_address>0xcd5e</run_address>
         <size>0x179</size>
         <input_file_ref idref="fl-cf"/>
      </object_component>
      <object_component id="oc-286">
         <name>.debug_info</name>
         <load_address>0xced7</load_address>
         <run_address>0xced7</run_address>
         <size>0x69</size>
         <input_file_ref idref="fl-cf"/>
      </object_component>
      <object_component id="oc-104">
         <name>.debug_info</name>
         <load_address>0xcf40</load_address>
         <run_address>0xcf40</run_address>
         <size>0x14c</size>
         <input_file_ref idref="fl-d0"/>
      </object_component>
      <object_component id="oc-10c">
         <name>.debug_info</name>
         <load_address>0xd08c</load_address>
         <run_address>0xd08c</run_address>
         <size>0x128</size>
         <input_file_ref idref="fl-d1"/>
      </object_component>
      <object_component id="oc-112">
         <name>.debug_info</name>
         <load_address>0xd1b4</load_address>
         <run_address>0xd1b4</run_address>
         <size>0x12a</size>
         <input_file_ref idref="fl-d1"/>
      </object_component>
      <object_component id="oc-1cd">
         <name>.debug_info</name>
         <load_address>0xd2de</load_address>
         <run_address>0xd2de</run_address>
         <size>0x13a</size>
         <input_file_ref idref="fl-d2"/>
      </object_component>
      <object_component id="oc-107">
         <name>.debug_info</name>
         <load_address>0xd418</load_address>
         <run_address>0xd418</run_address>
         <size>0x13a</size>
         <input_file_ref idref="fl-d3"/>
      </object_component>
      <object_component id="oc-21c">
         <name>.debug_info</name>
         <load_address>0xd552</load_address>
         <run_address>0xd552</run_address>
         <size>0x12e</size>
         <input_file_ref idref="fl-d4"/>
      </object_component>
      <object_component id="oc-1d9">
         <name>.debug_info</name>
         <load_address>0xd680</load_address>
         <run_address>0xd680</run_address>
         <size>0x13e</size>
         <input_file_ref idref="fl-d5"/>
      </object_component>
      <object_component id="oc-1df">
         <name>.debug_info</name>
         <load_address>0xd7be</load_address>
         <run_address>0xd7be</run_address>
         <size>0x12c</size>
         <input_file_ref idref="fl-d6"/>
      </object_component>
      <object_component id="oc-1d1">
         <name>.debug_info</name>
         <load_address>0xd8ea</load_address>
         <run_address>0xd8ea</run_address>
         <size>0x12c</size>
         <input_file_ref idref="fl-d7"/>
      </object_component>
      <object_component id="oc-3f">
         <name>.debug_info</name>
         <load_address>0xda16</load_address>
         <run_address>0xda16</run_address>
         <size>0x119</size>
         <input_file_ref idref="fl-d8"/>
      </object_component>
      <object_component id="oc-95">
         <name>.debug_info</name>
         <load_address>0xdb2f</load_address>
         <run_address>0xdb2f</run_address>
         <size>0x2d4</size>
         <input_file_ref idref="fl-d9"/>
      </object_component>
      <object_component id="oc-4e">
         <name>.debug_info</name>
         <load_address>0xde03</load_address>
         <run_address>0xde03</run_address>
         <size>0x1d2</size>
         <input_file_ref idref="fl-d9"/>
      </object_component>
      <object_component id="oc-90">
         <name>.debug_info</name>
         <load_address>0xdfd5</load_address>
         <run_address>0xdfd5</run_address>
         <size>0x46</size>
         <input_file_ref idref="fl-d9"/>
      </object_component>
      <object_component id="oc-ce">
         <name>.debug_info</name>
         <load_address>0xe01b</load_address>
         <run_address>0xe01b</run_address>
         <size>0x2c</size>
         <input_file_ref idref="fl-d9"/>
      </object_component>
      <object_component id="oc-49">
         <name>.debug_info</name>
         <load_address>0xe047</load_address>
         <run_address>0xe047</run_address>
         <size>0x2a8</size>
         <input_file_ref idref="fl-da"/>
      </object_component>
      <object_component id="oc-1e">
         <name>.debug_info</name>
         <load_address>0xe2ef</load_address>
         <run_address>0xe2ef</run_address>
         <size>0x1ea</size>
         <input_file_ref idref="fl-da"/>
      </object_component>
      <object_component id="oc-44">
         <name>.debug_info</name>
         <load_address>0xe4d9</load_address>
         <run_address>0xe4d9</run_address>
         <size>0x46</size>
         <input_file_ref idref="fl-da"/>
      </object_component>
      <object_component id="oc-88">
         <name>.debug_info</name>
         <load_address>0xe51f</load_address>
         <run_address>0xe51f</run_address>
         <size>0x2c</size>
         <input_file_ref idref="fl-da"/>
      </object_component>
      <object_component id="oc-86">
         <name>.debug_info</name>
         <load_address>0xe54b</load_address>
         <run_address>0xe54b</run_address>
         <size>0x29e</size>
         <input_file_ref idref="fl-db"/>
      </object_component>
      <object_component id="oc-17">
         <name>.debug_info</name>
         <load_address>0xe7e9</load_address>
         <run_address>0xe7e9</run_address>
         <size>0x250</size>
         <input_file_ref idref="fl-db"/>
      </object_component>
      <object_component id="oc-34">
         <name>.debug_info</name>
         <load_address>0xea39</load_address>
         <run_address>0xea39</run_address>
         <size>0x60</size>
         <input_file_ref idref="fl-db"/>
      </object_component>
      <object_component id="oc-c7">
         <name>.debug_info</name>
         <load_address>0xea99</load_address>
         <run_address>0xea99</run_address>
         <size>0x46</size>
         <input_file_ref idref="fl-db"/>
      </object_component>
      <object_component id="oc-81">
         <name>.debug_info</name>
         <load_address>0xeadf</load_address>
         <run_address>0xeadf</run_address>
         <size>0x39</size>
         <input_file_ref idref="fl-db"/>
      </object_component>
      <object_component id="oc-3a6">
         <name>.debug_info</name>
         <load_address>0xeb18</load_address>
         <run_address>0xeb18</run_address>
         <size>0x3aa</size>
         <input_file_ref idref="fl-dc"/>
      </object_component>
      <object_component id="oc-3a3">
         <name>.debug_info</name>
         <load_address>0xeec2</load_address>
         <run_address>0xeec2</run_address>
         <size>0x13a</size>
         <input_file_ref idref="fl-dc"/>
      </object_component>
      <object_component id="oc-2df">
         <name>.debug_info</name>
         <load_address>0xeffc</load_address>
         <run_address>0xeffc</run_address>
         <size>0x72f</size>
         <input_file_ref idref="fl-dc"/>
      </object_component>
      <object_component id="oc-43a">
         <name>.debug_info</name>
         <load_address>0xf72b</load_address>
         <run_address>0xf72b</run_address>
         <size>0x39</size>
         <input_file_ref idref="fl-dc"/>
      </object_component>
      <object_component id="oc-3a8">
         <name>.debug_info</name>
         <load_address>0xf764</load_address>
         <run_address>0xf764</run_address>
         <size>0x2c</size>
         <input_file_ref idref="fl-dc"/>
      </object_component>
      <object_component id="oc-70">
         <name>.debug_info</name>
         <load_address>0xf790</load_address>
         <run_address>0xf790</run_address>
         <size>0x3b2</size>
         <input_file_ref idref="fl-dd"/>
      </object_component>
      <object_component id="oc-25">
         <name>.debug_info</name>
         <load_address>0xfb42</load_address>
         <run_address>0xfb42</run_address>
         <size>0x10c</size>
         <input_file_ref idref="fl-dd"/>
      </object_component>
      <object_component id="oc-387">
         <name>.debug_info</name>
         <load_address>0xfc4e</load_address>
         <run_address>0xfc4e</run_address>
         <size>0x13f</size>
         <input_file_ref idref="fl-dd"/>
      </object_component>
      <object_component id="oc-1ed">
         <name>.debug_info</name>
         <load_address>0xfd8d</load_address>
         <run_address>0xfd8d</run_address>
         <size>0x168</size>
         <input_file_ref idref="fl-dd"/>
      </object_component>
      <object_component id="oc-2a4">
         <name>.debug_info</name>
         <load_address>0xfef5</load_address>
         <run_address>0xfef5</run_address>
         <size>0x18e</size>
         <input_file_ref idref="fl-dd"/>
      </object_component>
      <object_component id="oc-2a9">
         <name>.debug_info</name>
         <load_address>0x10083</load_address>
         <run_address>0x10083</run_address>
         <size>0x19f</size>
         <input_file_ref idref="fl-dd"/>
      </object_component>
      <object_component id="oc-1bd">
         <name>.debug_info</name>
         <load_address>0x10222</load_address>
         <run_address>0x10222</run_address>
         <size>0x203</size>
         <input_file_ref idref="fl-dd"/>
      </object_component>
      <object_component id="oc-390">
         <name>.debug_info</name>
         <load_address>0x10425</load_address>
         <run_address>0x10425</run_address>
         <size>0x1db</size>
         <input_file_ref idref="fl-dd"/>
      </object_component>
      <object_component id="oc-1b6">
         <name>.debug_info</name>
         <load_address>0x10600</load_address>
         <run_address>0x10600</run_address>
         <size>0x1a5</size>
         <input_file_ref idref="fl-dd"/>
      </object_component>
      <object_component id="oc-2c8">
         <name>.debug_info</name>
         <load_address>0x107a5</load_address>
         <run_address>0x107a5</run_address>
         <size>0x299</size>
         <input_file_ref idref="fl-dd"/>
      </object_component>
      <object_component id="oc-bb">
         <name>.debug_info</name>
         <load_address>0x10a3e</load_address>
         <run_address>0x10a3e</run_address>
         <size>0xb2</size>
         <input_file_ref idref="fl-dd"/>
      </object_component>
      <object_component id="oc-b6">
         <name>.debug_info</name>
         <load_address>0x10af0</load_address>
         <run_address>0x10af0</run_address>
         <size>0x2c</size>
         <input_file_ref idref="fl-dd"/>
      </object_component>
      <object_component id="oc-28c">
         <name>.debug_info</name>
         <load_address>0x10b1c</load_address>
         <run_address>0x10b1c</run_address>
         <size>0x28a</size>
         <input_file_ref idref="fl-de"/>
      </object_component>
      <object_component id="oc-186">
         <name>.debug_info</name>
         <load_address>0x10da6</load_address>
         <run_address>0x10da6</run_address>
         <size>0x273</size>
         <input_file_ref idref="fl-de"/>
      </object_component>
      <object_component id="oc-28e">
         <name>.debug_info</name>
         <load_address>0x11019</load_address>
         <run_address>0x11019</run_address>
         <size>0x2a4</size>
         <input_file_ref idref="fl-df"/>
      </object_component>
      <object_component id="oc-18c">
         <name>.debug_info</name>
         <load_address>0x112bd</load_address>
         <run_address>0x112bd</run_address>
         <size>0x24d</size>
         <input_file_ref idref="fl-df"/>
      </object_component>
      <object_component id="oc-16f">
         <name>.debug_info</name>
         <load_address>0x1150a</load_address>
         <run_address>0x1150a</run_address>
         <size>0x28f</size>
         <input_file_ref idref="fl-e0"/>
      </object_component>
      <object_component id="oc-e0">
         <name>.debug_info</name>
         <load_address>0x11799</load_address>
         <run_address>0x11799</run_address>
         <size>0x245</size>
         <input_file_ref idref="fl-e0"/>
      </object_component>
      <object_component id="oc-3b6">
         <name>.debug_info</name>
         <load_address>0x119de</load_address>
         <run_address>0x119de</run_address>
         <size>0x289</size>
         <input_file_ref idref="fl-e1"/>
      </object_component>
      <object_component id="oc-3b3">
         <name>.debug_info</name>
         <load_address>0x11c67</load_address>
         <run_address>0x11c67</run_address>
         <size>0x10e</size>
         <input_file_ref idref="fl-e1"/>
      </object_component>
      <object_component id="oc-2ed">
         <name>.debug_info</name>
         <load_address>0x11d75</load_address>
         <run_address>0x11d75</run_address>
         <size>0x14e</size>
         <input_file_ref idref="fl-e1"/>
      </object_component>
      <object_component id="oc-28">
         <name>.debug_info</name>
         <load_address>0x11ec3</load_address>
         <run_address>0x11ec3</run_address>
         <size>0x10b</size>
         <input_file_ref idref="fl-e2"/>
      </object_component>
      <object_component id="oc-5d">
         <name>.debug_info</name>
         <load_address>0x11fce</load_address>
         <run_address>0x11fce</run_address>
         <size>0x1a9</size>
         <input_file_ref idref="fl-e2"/>
      </object_component>
      <object_component id="oc-3bf">
         <name>.debug_info</name>
         <load_address>0x12177</load_address>
         <run_address>0x12177</run_address>
         <size>0x288</size>
         <input_file_ref idref="fl-e3"/>
      </object_component>
      <object_component id="oc-2fa">
         <name>.debug_info</name>
         <load_address>0x123ff</load_address>
         <run_address>0x123ff</run_address>
         <size>0x327</size>
         <input_file_ref idref="fl-e3"/>
      </object_component>
      <object_component id="oc-3c1">
         <name>.debug_info</name>
         <load_address>0x12726</load_address>
         <run_address>0x12726</run_address>
         <size>0x28d</size>
         <input_file_ref idref="fl-e4"/>
      </object_component>
      <object_component id="oc-2fe">
         <name>.debug_info</name>
         <load_address>0x129b3</load_address>
         <run_address>0x129b3</run_address>
         <size>0x380</size>
         <input_file_ref idref="fl-e4"/>
      </object_component>
      <object_component id="oc-3b1">
         <name>.debug_info</name>
         <load_address>0x12d33</load_address>
         <run_address>0x12d33</run_address>
         <size>0x29b</size>
         <input_file_ref idref="fl-e5"/>
      </object_component>
      <object_component id="oc-3ae">
         <name>.debug_info</name>
         <load_address>0x12fce</load_address>
         <run_address>0x12fce</run_address>
         <size>0xfa</size>
         <input_file_ref idref="fl-e5"/>
      </object_component>
      <object_component id="oc-2e7">
         <name>.debug_info</name>
         <load_address>0x130c8</load_address>
         <run_address>0x130c8</run_address>
         <size>0x5d3</size>
         <input_file_ref idref="fl-e5"/>
      </object_component>
      <object_component id="oc-435">
         <name>.debug_info</name>
         <load_address>0x1369b</load_address>
         <run_address>0x1369b</run_address>
         <size>0x28a</size>
         <input_file_ref idref="fl-e6"/>
      </object_component>
      <object_component id="oc-39d">
         <name>.debug_info</name>
         <load_address>0x13925</load_address>
         <run_address>0x13925</run_address>
         <size>0x22a</size>
         <input_file_ref idref="fl-e6"/>
      </object_component>
      <object_component id="oc-433">
         <name>.debug_info</name>
         <load_address>0x13b4f</load_address>
         <run_address>0x13b4f</run_address>
         <size>0x2f8</size>
         <input_file_ref idref="fl-e7"/>
      </object_component>
      <object_component id="oc-398">
         <name>.debug_info</name>
         <load_address>0x13e47</load_address>
         <run_address>0x13e47</run_address>
         <size>0x225</size>
         <input_file_ref idref="fl-e7"/>
      </object_component>
      <object_component id="oc-42d">
         <name>.debug_info</name>
         <load_address>0x1406c</load_address>
         <run_address>0x1406c</run_address>
         <size>0x161</size>
         <input_file_ref idref="fl-e8"/>
      </object_component>
      <object_component id="oc-36f">
         <name>.debug_info</name>
         <load_address>0x141cd</load_address>
         <run_address>0x141cd</run_address>
         <size>0x590</size>
         <input_file_ref idref="fl-e9"/>
      </object_component>
      <object_component id="oc-345">
         <name>.debug_info</name>
         <load_address>0x1475d</load_address>
         <run_address>0x1475d</run_address>
         <size>0x21e</size>
         <input_file_ref idref="fl-e9"/>
      </object_component>
      <object_component id="oc-3ed">
         <name>.debug_info</name>
         <load_address>0x1497b</load_address>
         <run_address>0x1497b</run_address>
         <size>0x1b3</size>
         <input_file_ref idref="fl-e9"/>
      </object_component>
      <object_component id="oc-3f3">
         <name>.debug_info</name>
         <load_address>0x14b2e</load_address>
         <run_address>0x14b2e</run_address>
         <size>0x21b</size>
         <input_file_ref idref="fl-e9"/>
      </object_component>
      <object_component id="oc-34b">
         <name>.debug_info</name>
         <load_address>0x14d49</load_address>
         <run_address>0x14d49</run_address>
         <size>0x3c0</size>
         <input_file_ref idref="fl-e9"/>
      </object_component>
      <object_component id="oc-3fa">
         <name>.debug_info</name>
         <load_address>0x15109</load_address>
         <run_address>0x15109</run_address>
         <size>0x30a</size>
         <input_file_ref idref="fl-e9"/>
      </object_component>
      <object_component id="oc-400">
         <name>.debug_info</name>
         <load_address>0x15413</load_address>
         <run_address>0x15413</run_address>
         <size>0x215</size>
         <input_file_ref idref="fl-e9"/>
      </object_component>
      <object_component id="oc-351">
         <name>.debug_info</name>
         <load_address>0x15628</load_address>
         <run_address>0x15628</run_address>
         <size>0x215</size>
[...]
      </symbol>
      <symbol id="sm-271">
         <name>oi_setLeds</name>
         <value>0x1607</value>
         <object_component_ref idref="oc-f5"/>
      </symbol>
      <symbol id="sm-272">
         <name>oi_init</name>
         <value>0x106d</value>
         <object_component_ref idref="oc-f5"/>
      </symbol>
      <symbol id="sm-273">
         <name>oi_update</name>
         <value>0x1095</value>
         <object_component_ref idref="oc-f5"/>
      </symbol>
      <symbol id="sm-274">
         <name>oi_uartInit</name>
         <value>0x1749</value>
         <object_component_ref idref="oc-f5"/>
      </symbol>
      <symbol id="sm-290">
         <name>ResetISR</name>
         <value>0x7271</value>
         <object_component_ref idref="oc-2a"/>
      </symbol>
      <symbol id="sm-291">
         <name>g_pfnVectors</name>
         <value>0x0</value>
         <object_component_ref idref="oc-12"/>
      </symbol>
      <symbol id="sm-2d8">
         <name>UART1_Handler</name>
         <value>0x4dd3</value>
         <object_component_ref idref="oc-d7"/>
      </symbol>
      <symbol id="sm-2d9">
         <name>backward_byte</name>
         <value>0x2000231f</value>
         <object_component_ref idref="oc-115"/>
      </symbol>
      <symbol id="sm-2da">
         <name>uart_sendChar</name>
         <value>0x4d55</value>
         <object_component_ref idref="oc-d7"/>
      </symbol>
      <symbol id="sm-2db">
         <name>stop_byte</name>
         <value>0x2000231d</value>
         <object_component_ref idref="oc-115"/>
      </symbol>
      <symbol id="sm-2dc">
         <name>uart_interrupt_init</name>
         <value>0x4c95</value>
         <object_component_ref idref="oc-d7"/>
      </symbol>
      <symbol id="sm-2dd">
         <name>scan_byte</name>
         <value>0x2000231c</value>
         <object_component_ref idref="oc-115"/>
      </symbol>
      <symbol id="sm-2de">
         <name>right_byte</name>
         <value>0x20002321</value>
         <object_component_ref idref="oc-115"/>
      </symbol>
      <symbol id="sm-2df">
         <name>forward_byte</name>
         <value>0x2000231e</value>
         <object_component_ref idref="oc-115"/>
      </symbol>
      <symbol id="sm-2e0">
         <name>command_flag</name>
         <value>0x20002324</value>
         <object_component_ref idref="oc-115"/>
      </symbol>
      <symbol id="sm-2e1">
         <name>uart_receive_nonblocking</name>
         <value>0x4d97</value>
         <object_component_ref idref="oc-d7"/>
      </symbol>
      <symbol id="sm-2e2">
         <name>uart_receive</name>
         <value>0x4d71</value>
         <object_component_ref idref="oc-d7"/>
      </symbol>
      <symbol id="sm-2e3">
         <name>left_byte</name>
         <value>0x20002320</value>
         <object_component_ref idref="oc-115"/>
      </symbol>
      <symbol id="sm-2e4">
         <name>uart_sendStr</name>
         <value>0x4db5</value>
         <object_component_ref idref="oc-d7"/>
      </symbol>
      <symbol id="sm-320">
         <name>cyBOT_SERVO_cal</name>
         <value>0x4b0d</value>
         <object_component_ref idref="oc-ef"/>
      </symbol>
      <symbol id="sm-321">
         <name>cyBOT_Scan</name>
         <value>0x4a9b</value>
         <object_component_ref idref="oc-ef"/>
      </symbol>
      <symbol id="sm-322">
         <name>cyBOT_scan_features</name>
         <value>0x20002338</value>
         <object_component_ref idref="oc-1aa"/>
      </symbol>
      <symbol id="sm-323">
         <name>cyBOT_scan_version</name>
         <value>0x4a35</value>
         <object_component_ref idref="oc-ef"/>
      </symbol>
      <symbol id="sm-324">
         <name>cyBOT_init_Scan</name>
         <value>0x4a43</value>
         <object_component_ref idref="oc-ef"/>
      </symbol>
      <symbol id="sm-34b">
         <name>isr_int_value</name>
         <value>0x200022e4</value>
      </symbol>
      <symbol id="sm-34c">
         <name>ir_enableInterrupt</name>
         <value>0x624f</value>
         <object_component_ref idref="oc-1a4"/>
      </symbol>
      <symbol id="sm-34d">
         <name>ir_getDistance</name>
         <value>0x6231</value>
         <object_component_ref idref="oc-1a4"/>
      </symbol>
      <symbol id="sm-34e">
         <name>ir_init</name>
         <value>0x61a1</value>
         <object_component_ref idref="oc-1a4"/>
      </symbol>
      <symbol id="sm-34f">
         <name>ADC0SS0_Handler</name>
         <value>0x6239</value>
         <object_component_ref idref="oc-1a4"/>
      </symbol>
      <symbol id="sm-350">
         <name>ir_getValue</name>
         <value>0x6209</value>
         <object_component_ref idref="oc-1a4"/>
      </symbol>
      <symbol id="sm-37f">
         <name>risingEdge</name>
         <value>0x200022f4</value>
      </symbol>
      <symbol id="sm-380">
         <name>fallingEdge</name>
         <value>0x200022e0</value>
      </symbol>
      <symbol id="sm-381">
         <name>pulseLength</name>
         <value>0x200022ec</value>
      </symbol>
      <symbol id="sm-382">
         <name>isRisingEdge</name>
         <value>0x200022f8</value>
      </symbol>
      <symbol id="sm-383">
         <name>TIMER3B_Handler</name>
         <value>0x5219</value>
         <object_component_ref idref="oc-19e"/>
      </symbol>
      <symbol id="sm-384">
         <name>ping_init</name>
         <value>0x5129</value>
         <object_component_ref idref="oc-19e"/>
      </symbol>
      <symbol id="sm-385">
         <name>ping_getDistance</name>
         <value>0x526b</value>
         <object_component_ref idref="oc-19e"/>
      </symbol>
      <symbol id="sm-386">
         <name>ping_trigger</name>
         <value>0x51af</value>
         <object_component_ref idref="oc-19e"/>
      </symbol>
      <symbol id="sm-3a8">
         <name>servo_move</name>
         <value>0x5be9</value>
         <object_component_ref idref="oc-198"/>
      </symbol>
      <symbol id="sm-3a9">
         <name>servo_init</name>
         <value>0x5b59</value>
         <object_component_ref idref="oc-198"/>
      </symbol>
      <symbol id="sm-3aa">
         <name>servo_stop</name>
         <value>0x5bdd</value>
         <object_component_ref idref="oc-198"/>
      </symbol>
      <symbol id="sm-3ab">
         <name>servo_setPWM</name>
         <value>0x5c49</value>
         <object_component_ref idref="oc-198"/>
      </symbol>
      <symbol id="sm-3d7">
         <name>sqrtl</name>
         <value>0x5cb1</value>
         <object_component_ref idref="oc-213"/>
      </symbol>
      <symbol id="sm-3d8">
         <name>sqrt</name>
         <value>0x5cb1</value>
         <object_component_ref idref="oc-213"/>
      </symbol>
      <symbol id="sm-40e">
         <name>atanl</name>
         <value>0x44d9</value>
         <object_component_ref idref="oc-20d"/>
      </symbol>
      <symbol id="sm-40f">
         <name>atan</name>
         <value>0x44d9</value>
         <object_component_ref idref="oc-20d"/>
      </symbol>
      <symbol id="sm-460">
         <name>cosl</name>
         <value>0x33b1</value>
         <object_component_ref idref="oc-201"/>
      </symbol>
      <symbol id="sm-461">
         <name>cos</name>
         <value>0x33b1</value>
         <object_component_ref idref="oc-201"/>
      </symbol>
      <symbol id="sm-4b1">
         <name>sin</name>
         <value>0x2dd1</value>
         <object_component_ref idref="oc-207"/>
      </symbol>
      <symbol id="sm-4b2">
         <name>sinl</name>
         <value>0x2dd1</value>
         <object_component_ref idref="oc-207"/>
      </symbol>
      <symbol id="sm-503">
         <name>tanl</name>
         <value>0x398d</value>
         <object_component_ref idref="oc-1fb"/>
      </symbol>
      <symbol id="sm-504">
         <name>tan</name>
         <value>0x398d</value>
         <object_component_ref idref="oc-1fb"/>
      </symbol>
      <symbol id="sm-52b">
         <name>sprintf</name>
         <value>0x6ef9</value>
         <object_component_ref idref="oc-1e5"/>
      </symbol>
      <symbol id="sm-555">
         <name>vsnprintf</name>
         <value>0x6f39</value>
         <object_component_ref idref="oc-17c"/>
      </symbol>
      <symbol id="sm-56c">
         <name>__aeabi_dsub</name>
         <value>0x56bd</value>
         <object_component_ref idref="oc-101"/>
      </symbol>
      <symbol id="sm-56d">
         <name>__aeabi_dadd</name>
         <value>0x56c7</value>
         <object_component_ref idref="oc-101"/>
      </symbol>
      <symbol id="sm-58f">
         <name>__aeabi_cdcmpeq</name>
         <value>0x6985</value>
         <object_component_ref idref="oc-10b"/>
      </symbol>
      <symbol id="sm-590">
         <name>__aeabi_cdcmple</name>
         <value>0x6985</value>
         <object_component_ref idref="oc-10b"/>
      </symbol>
      <symbol id="sm-591">
         <name>__aeabi_cdrcmple</name>
         <value>0x6a0b</value>
         <object_component_ref idref="oc-110"/>
      </symbol>
      <symbol id="sm-5a5">
         <name>__aeabi_ddiv</name>
         <value>0x5f45</value>
         <object_component_ref idref="oc-1cb"/>
      </symbol>
      <symbol id="sm-5b0">
         <name>__aeabi_dmul</name>
         <value>0x64c9</value>
         <object_component_ref idref="oc-106"/>
      </symbol>
      <symbol id="sm-5ba">
         <name>__aeabi_d2iz</name>
         <value>0x6e6d</value>
         <object_component_ref idref="oc-219"/>
      </symbol>
      <symbol id="sm-5c6">
         <name>__aeabi_d2f</name>
         <value>0x6beb</value>
         <object_component_ref idref="oc-1d8"/>
      </symbol>
      <symbol id="sm-5d1">
         <name>__aeabi_f2d</name>
         <value>0x6ff1</value>
         <object_component_ref idref="oc-1dd"/>
      </symbol>
      <symbol id="sm-5db">
         <name>__aeabi_i2d</name>
         <value>0x70c1</value>
         <object_component_ref idref="oc-1d0"/>
      </symbol>
      <symbol id="sm-5f6">
         <name>memcpy</name>
         <value>0x6853</value>
         <object_component_ref idref="oc-3e"/>
      </symbol>
      <symbol id="sm-5f7">
         <name>__aeabi_memcpy</name>
         <value>0x6853</value>
         <object_component_ref idref="oc-3e"/>
      </symbol>
      <symbol id="sm-5f8">
         <name>__aeabi_memcpy8</name>
         <value>0x6853</value>
         <object_component_ref idref="oc-3e"/>
      </symbol>
      <symbol id="sm-5f9">
         <name>__aeabi_memcpy4</name>
         <value>0x6853</value>
         <object_component_ref idref="oc-3e"/>
      </symbol>
      <symbol id="sm-612">
         <name>__TI_zero_init_nomemset</name>
         <value>0x7119</value>
         <object_component_ref idref="oc-4a"/>
      </symbol>
      <symbol id="sm-629">
         <name>__TI_decompress_none</name>
         <value>0x7257</value>
         <object_component_ref idref="oc-1b"/>
      </symbol>
      <symbol id="sm-64c">
         <name>__TI_decompress_lzss</name>
         <value>0x6c59</value>
         <object_component_ref idref="oc-15"/>
      </symbol>
      <symbol id="sm-6bc">
         <name>__kernel_rem_pio2</name>
         <value>0x2699</value>
         <object_component_ref idref="oc-2de"/>
      </symbol>
      <symbol id="sm-751">
         <name>_sys_memory</name>
         <value>0x20001270</value>
         <object_component_ref idref="oc-24"/>
      </symbol>
      <symbol id="sm-752">
         <name>free</name>
         <value>0x66bd</value>
         <object_component_ref idref="oc-1bb"/>
      </symbol>
      <symbol id="sm-753">
         <name>memalign</name>
         <value>0x63c9</value>
         <object_component_ref idref="oc-2c7"/>
      </symbol>
      <symbol id="sm-754">
         <name>calloc</name>
         <value>0x6fb9</value>
         <object_component_ref idref="oc-1b5"/>
      </symbol>
      <symbol id="sm-755">
         <name>malloc</name>
         <value>0x7291</value>
         <object_component_ref idref="oc-1eb"/>
      </symbol>
      <symbol id="sm-756">
         <name>aligned_alloc</name>
         <value>0x63c9</value>
         <object_component_ref idref="oc-2c7"/>
      </symbol>
      <symbol id="sm-765">
         <name>strcmp</name>
         <value>0x71cf</value>
         <object_component_ref idref="oc-182"/>
      </symbol>
      <symbol id="sm-773">
         <name>strcpy</name>
         <value>0x71fd</value>
         <object_component_ref idref="oc-188"/>
      </symbol>
      <symbol id="sm-781">
         <name>strlen</name>
         <value>0x7211</value>
         <object_component_ref idref="oc-dd"/>
      </symbol>
      <symbol id="sm-797">
         <name>__aeabi_errno_addr</name>
         <value>0x7289</value>
         <object_component_ref idref="oc-2ea"/>
      </symbol>
      <symbol id="sm-798">
         <name>errno</name>
         <value>0x2000233c</value>
         <object_component_ref idref="oc-3b2"/>
      </symbol>
      <symbol id="sm-7ab">
         <name>__stack</name>
         <value>0x20000270</value>
         <object_component_ref idref="oc-27"/>
      </symbol>
      <symbol id="sm-7ac">
         <name>_c_int00_noargs</name>
         <value>0x705d</value>
         <object_component_ref idref="oc-5c"/>
      </symbol>
      <symbol id="sm-7c2">
         <name>__kernel_cos</name>
         <value>0x59e9</value>
         <object_component_ref idref="oc-2f7"/>
      </symbol>
      <symbol id="sm-7d9">
         <name>__kernel_sin</name>
         <value>0x5875</value>
         <object_component_ref idref="oc-2fd"/>
      </symbol>
      <symbol id="sm-7f8">
         <name>__kernel_tan</name>
         <value>0x41bd</value>
         <object_component_ref idref="oc-2e4"/>
      </symbol>
      <symbol id="sm-815">
         <name>floorl</name>
         <value>0x65c5</value>
         <object_component_ref idref="oc-39c"/>
      </symbol>
      <symbol id="sm-816">
         <name>floor</name>
         <value>0x65c5</value>
         <object_component_ref idref="oc-39c"/>
      </symbol>
      <symbol id="sm-833">
         <name>scalbn</name>
         <value>0x62b9</value>
         <object_component_ref idref="oc-396"/>
      </symbol>
      <symbol id="sm-834">
         <name>scalbnl</name>
         <value>0x62b9</value>
         <object_component_ref idref="oc-396"/>
      </symbol>
      <symbol id="sm-835">
         <name>ldexpl</name>
         <value>0x62b9</value>
         <object_component_ref idref="oc-396"/>
      </symbol>
      <symbol id="sm-836">
         <name>ldexp</name>
         <value>0x62b9</value>
         <object_component_ref idref="oc-396"/>
      </symbol>
      <symbol id="sm-840">
         <name>copysign</name>
         <value>0x716d</value>
         <object_component_ref idref="oc-42c"/>
      </symbol>
      <symbol id="sm-841">
         <name>copysignl</name>
         <value>0x716d</value>
         <object_component_ref idref="oc-42c"/>
      </symbol>
      <symbol id="sm-9a6">
         <name>__TI_printfi</name>
         <value>0x1c49</value>
         <object_component_ref idref="oc-26d"/>
      </symbol>
      <symbol id="sm-9b5">
         <name>__aeabi_memset</name>
         <value>0x6a93</value>
         <object_component_ref idref="oc-96"/>
      </symbol>
      <symbol id="sm-9b6">
         <name>memset</name>
         <value>0x6a99</value>
         <object_component_ref idref="oc-96"/>
      </symbol>
      <symbol id="sm-9b7">
         <name>__aeabi_memset8</name>
         <value>0x6a93</value>
         <object_component_ref idref="oc-96"/>
      </symbol>
      <symbol id="sm-9b8">
         <name>__aeabi_memset4</name>
         <value>0x6a93</value>
         <object_component_ref idref="oc-96"/>
      </symbol>
      <symbol id="sm-9b9">
         <name>__aeabi_memclr8</name>
         <value>0x6a91</value>
         <object_component_ref idref="oc-96"/>
      </symbol>
      <symbol id="sm-9ba">
         <name>__aeabi_memclr4</name>
         <value>0x6a91</value>
         <object_component_ref idref="oc-96"/>
      </symbol>
      <symbol id="sm-9bb">
         <name>__aeabi_memclr</name>
         <value>0x6a91</value>
         <object_component_ref idref="oc-96"/>
      </symbol>
      <symbol id="sm-9c8">
         <name>__aeabi_uldivmod</name>
         <value>0x68ef</value>
         <object_component_ref idref="oc-3e0"/>
      </symbol>
      <symbol id="sm-9f0">
         <name>__TI_auto_init_nobinit_nopinit</name>
         <value>0x6eb5</value>
         <object_component_ref idref="oc-127"/>
      </symbol>
      <symbol id="sm-9fa">
         <name>_system_pre_init</name>
         <value>0x7299</value>
         <object_component_ref idref="oc-9c"/>
      </symbol>
      <symbol id="sm-a06">
         <name>C$$EXIT</name>
         <value>0x729d</value>
         <object_component_ref idref="oc-11b"/>
      </symbol>
      <symbol id="sm-a07">
         <name>abort</name>
         <value>0x729d</value>
         <object_component_ref idref="oc-11b"/>
      </symbol>
      <symbol id="sm-a1c">
         <name>_nop</name>
         <value>0x2697</value>
         <object_component_ref idref="oc-310"/>
      </symbol>
      <symbol id="sm-a1d">
         <name>_lock</name>
         <value>0x20002328</value>
         <object_component_ref idref="oc-23a"/>
      </symbol>
      <symbol id="sm-a1e">
         <name>_unlock</name>
         <value>0x2000232c</value>
         <object_component_ref idref="oc-23a"/>
      </symbol>
      <symbol id="sm-a2d">
         <name>__TI_ltoa</name>
         <value>0x6d7b</value>
         <object_component_ref idref="oc-3e6"/>
      </symbol>
      <symbol id="sm-a44">
         <name>atoi</name>
         <value>0x6e21</value>
         <object_component_ref idref="oc-33e"/>
      </symbol>
      <symbol id="sm-a4f">
         <name>_ctypes_</name>
         <value>0x76c8</value>
         <object_component_ref idref="oc-3db"/>
      </symbol>
      <symbol id="sm-a5f">
         <name>memccpy</name>
         <value>0x7151</value>
         <object_component_ref idref="oc-362"/>
      </symbol>
      <symbol id="sm-a6f">
         <name>strchr</name>
         <value>0x71e7</value>
         <object_component_ref idref="oc-40d"/>
      </symbol>
      <symbol id="sm-a85">
         <name>frexpl</name>
         <value>0x6cc1</value>
         <object_component_ref idref="oc-407"/>
      </symbol>
      <symbol id="sm-a86">
         <name>frexp</name>
         <value>0x6cc1</value>
         <object_component_ref idref="oc-407"/>
      </symbol>
      <symbol id="sm-a9f">
         <name>wcslen</name>
         <value>0x7225</value>
         <object_component_ref idref="oc-368"/>
      </symbol>
      <symbol id="sm-aa9">
         <name>__aeabi_idiv0</name>
         <value>0x5873</value>
         <object_component_ref idref="oc-452"/>
      </symbol>
      <symbol id="sm-aaa">
         <name>__aeabi_ldiv0</name>
         <value>0x5873</value>
         <object_component_ref idref="oc-452"/>
      </symbol>
      <symbol id="sm-ad9">
         <name>IntRegister</name>
         <value>0x7029</value>
         <object_component_ref idref="oc-15b"/>
      </symbol>
      <symbol id="sm-ada">
         <name>g_pfnRAMVectors</name>
         <value>0x20000000</value>
         <object_component_ref idref="oc-256"/>
      </symbol>
      <symbol id="sm-adb">
         <name>IntMasterEnable</name>
         <value>0x7237</value>
         <object_component_ref idref="oc-161"/>
      </symbol>
      <symbol id="sm-ae5">
         <name>CPUcpsie</name>
         <value>0x7265</value>
         <object_component_ref idref="oc-260"/>
      </symbol>
      <symbol id="sm-ae6">
         <name>__TI_static_base__</name>
         <value>0x0</value>
      </symbol>
      <symbol id="sm-ae9">
         <name>__mpu_init</name>
         <value>0x0</value>
      </symbol>
      <symbol id="sm-aea">
         <name>_system_post_cinit</name>
         <value>0x0</value>
      </symbol>
   </symbol_table>
   <title>Link successful</title>
</link_info>
