******************************************************************************
                  TI ARM Linker PC v20.2.6                     
******************************************************************************
>> Linked Wed Mar  8 11:44:34 2023

OUTPUT FILE NAME:   <Lab7.out>
ENTRY POINT SYMBOL: "_c_int00_noargs"  address: 0000705d


MEMORY CONFIGURATION

         name            origin    length      used     unused   attr    fill
----------------------  --------  ---------  --------  --------  ----  --------
  FLASH                 00000000   00040000  00007953  000386ad  R  X
  SRAM                  20000000   00008000  0000233a  00005cc6  RW X


SEGMENT ALLOCATION MAP

run origin  load origin   length   init length attrs members
----------  ----------- ---------- ----------- ----- -------
00000000    00000000    00007958   00007958    r-x
  00000000    00000000    0000026c   0000026c    r-- .intvecs
  0000026c    0000026c    00007034   00007034    r-x .text
  000072a0    000072a0    0000065b   0000065b    r-- .const
  00007900    00007900    00000058   00000058    r-- .cinit
20000000    20000000    00002341   00000000    rw-
  20000000    20000000    0000026c   00000000    rw- .vtable
  20000270    20000270    00001000   00000000    rw- .stack
  20001270    20001270    00001000   00000000    rw- .sysmem
  20002270    20002270    00000089   00000000    rw- .bss
  200022fc    200022fc    00000045   00000000    rw- .data


SECTION ALLOCATION MAP

 output                                  attributes/
section   page    origin      length       input sections
--------  ----  ----------  ----------   ----------------
.intvecs   0    00000000    0000026c     
                  00000000    0000026c     tm4c123gh6pm_startup_ccs.obj (.intvecs)

.text      0    0000026c    00007034     
                  0000026c    00000dbc     movement.obj (.text)
                  00001028    00000c20     open_interface.obj (.text)
                  00001c48    00000a4e     rtsv7M4_T_le_v4SPD16_eabi.lib : _printfi.c.obj (.text:__TI_printfi)
                  00002696    00000002                                   : _lock.c.obj (.text:_nop)
                  00002698    00000738                                   : k_rem_pio2.c.obj (.text:__kernel_rem_pio2)
                  00002dd0    000005e0                                   : s_sin.c.obj (.text:sin)
                  000033b0    000005dc                                   : s_cos.c.obj (.text:cos)
                  0000398c    00000508                                   : s_tan.c.obj (.text:tan)
                  00003e94    00000328     lcd.obj (.text)
                  000041bc    0000031c     rtsv7M4_T_le_v4SPD16_eabi.lib : k_tan.c.obj (.text:__kernel_tan)
                  000044d8    000002ec                                   : s_atan.c.obj (.text:atan)
                  000047c4    00000270                                   : _printfi.c.obj (.text:_pconv_a)
                  00004a34    00000260     libcybotScan.lib : cyBot_Scan.obj (.text)
                  00004c94    0000024c     uart-interrupt.obj (.text)
                  00004ee0    00000248     Timer.obj (.text)
                  00005128    000001ec     libcybotScan.lib : ping.obj (.text)
                  00005314    000001d8     main.obj (.text)
                  000054ec    000001d0     rtsv7M4_T_le_v4SPD16_eabi.lib : _printfi.c.obj (.text:_pconv_g)
                  000056bc    000001b6                                   : fd_add_t2.asm.obj (.text)
                  00005872    00000002                                   : div0.asm.obj (.text)
                  00005874    00000174                                   : k_sin.c.obj (.text:__kernel_sin)
                  000059e8    00000170                                   : k_cos.c.obj (.text:__kernel_cos)
                  00005b58    00000158     libcybotScan.lib : servo.obj (.text)
                  00005cb0    00000158     rtsv7M4_T_le_v4SPD16_eabi.lib : e_sqrt.c.obj (.text:sqrt)
                  00005e08    0000013c                                   : _printfi.c.obj (.text:_pconv_e)
                  00005f44    00000136                                   : fd_div_t2.asm.obj (.text)
                  0000607a    00000002     --HOLE-- [fill = 0]
                  0000607c    00000124                                   : _printfi.c.obj (.text:fcvt)
                  000061a0    00000118     libcybotScan.lib : ir.obj (.text)
                  000062b8    00000110     rtsv7M4_T_le_v4SPD16_eabi.lib : s_scalbn.c.obj (.text:scalbn)
                  000063c8    00000100                                   : memory.c.obj (.text:aligned_alloc)
                  000064c8    000000fc                                   : fd_mul_t2.asm.obj (.text)
                  000065c4    000000f8                                   : s_floor.c.obj (.text:floor)
                  000066bc    000000e4                                   : memory.c.obj (.text:free)
                  000067a0    000000b1                                   : _printfi.c.obj (.text:_ltostr)
                  00006851    00000001     --HOLE-- [fill = 0]
                  00006852    0000009c                                   : memcpy_t2.asm.obj (.text)
                  000068ee    00000096                                   : ull_div_t2.asm.obj (.text)
                  00006984    00000086                                   : fd_cmp_t2.asm.obj (.text:__aeabi_cdcmple)
                  00006a0a    00000086                                   : fd_cmp_t2.asm.obj (.text:__aeabi_cdrcmple)
                  00006a90    0000007a                                   : memset_t2.asm.obj (.text)
                  00006b0a    00000002     --HOLE-- [fill = 0]
                  00006b0c    00000070                                   : memory.c.obj (.text:split)
                  00006b7c    0000006e                                   : _printfi.c.obj (.text:_mcpy)
                  00006bea    0000006e                                   : fd_tos_t2.asm.obj (.text)
                  00006c58    00000068                                   : copy_decompress_lzss.c.obj (.text:decompress:lzss:__TI_decompress_lzss)
                  00006cc0    00000064                                   : s_frexp.c.obj (.text:frexp)
                  00006d24    00000056                                   : _printfi.c.obj (.text:_pconv_f)
                  00006d7a    00000054                                   : _ltoa.c.obj (.text:__TI_ltoa)
                  00006dce    00000052                                   : _printfi.c.obj (.text:_ecpy)
                  00006e20    0000004c                                   : atoi.c.obj (.text:atoi)
                  00006e6c    00000048                                   : fd_toi_t2.asm.obj (.text)
                  00006eb4    00000044                                   : autoinit.c.obj (.text:__TI_auto_init_nobinit_nopinit:__TI_auto_init_nobinit_nopinit)
                  00006ef8    00000040                                   : sprintf.c.obj (.text:sprintf)
                  00006f38    00000040                                   : vsnprintf.c.obj (.text:vsnprintf)
                  00006f78    0000003e                                   : _printfi.c.obj (.text:_fcpy)
                  00006fb6    00000002     --HOLE-- [fill = 0]
                  00006fb8    00000038                                   : memory.c.obj (.text:calloc)
                  00006ff0    00000038                                   : fs_tod_t2.asm.obj (.text)
                  00007028    00000034     driverlib.lib : interrupt.obj (.text:IntRegister)
                  0000705c    00000034     rtsv7M4_T_le_v4SPD16_eabi.lib : boot_cortex_m.c.obj (.text:_c_int00_noargs:_c_int00_noargs)
                  00007090    00000030                                   : vsnprintf.c.obj (.text:_outs)
                  000070c0    0000002e                                   : i_tofd_t2.asm.obj (.text)
                  000070ee    00000002     --HOLE-- [fill = 0]
                  000070f0    00000028                                   : memory.c.obj (.text:free_list_insert)
                  00007118    0000001c                                   : copy_zero_init.c.obj (.text:decompress:ZI:__TI_zero_init_nomemset:__TI_zero_init_nomemset)
                  00007134    0000001c                                   : memory.c.obj (.text:free_list_remove)
                  00007150    0000001c                                   : memccpy.c.obj (.text:memccpy)
                  0000716c    0000001a                                   : s_copysign.c.obj (.text:copysign)
                  00007186    00000018                                   : vsnprintf.c.obj (.text:_outc)
                  0000719e    00000018                                   : sprintf.c.obj (.text:_outs)
                  000071b6    00000018     open_interface.obj (.text:oi_parseInt)
                  000071ce    00000018     rtsv7M4_T_le_v4SPD16_eabi.lib : strcmp.c.obj (.text:strcmp)
                  000071e6    00000016                                   : strchr.c.obj (.text:strchr)
                  000071fc    00000014                                   : strcpy.c.obj (.text:strcpy)
                  00007210    00000014                                   : strlen.c.obj (.text:strlen)
                  00007224    00000012                                   : wcslen.c.obj (.text:wcslen)
                  00007236    00000010     driverlib.lib : interrupt.obj (.text:IntMasterEnable)
                  00007246    00000010     lcd.obj (.text:lcd_clear)
                  00007256    0000000e     rtsv7M4_T_le_v4SPD16_eabi.lib : copy_decompress_none.c.obj (.text:decompress:none:__TI_decompress_none)
                  00007264    0000000c     driverlib.lib : cpu.obj (.text:CPUcpsie)
                  00007270    0000000c     tm4c123gh6pm_startup_ccs.obj (.text)
                  0000727c    0000000a     rtsv7M4_T_le_v4SPD16_eabi.lib : sprintf.c.obj (.text:_outc)
                  00007286    00000002     --HOLE-- [fill = 0]
                  00007288    00000008                                   : errno.c.obj (.text:__aeabi_errno_addr)
                  00007290    00000008                                   : memory.c.obj (.text:malloc)
                  00007298    00000004                                   : pre_init.c.obj (.text:_system_pre_init)
                  0000729c    00000004                                   : exit.c.obj (.text:abort:abort)

.const     0    000072a0    0000065b     
                  000072a0    00000168     movement.obj (.const:$P$T0$1)
                  00007408    00000168     movement.obj (.const:$P$T1$2)
                  00007570    00000158     rtsv7M4_T_le_v4SPD16_eabi.lib : k_rem_pio2.c.obj (.const:$O1$$)
                  000076c8    00000101                                   : ctype.c.obj (.const:.string:_ctypes_)
                  000077c9    00000004     lcd.obj (.const:.string:lineAddress$1)
                  000077cd    00000003     --HOLE-- [fill = 0]
                  000077d0    00000098     rtsv7M4_T_le_v4SPD16_eabi.lib : s_atan.c.obj (.const:$O1$$)
                  00007868    00000080                                   : k_tan.c.obj (.const:xxx)
                  000078e8    0000000f     open_interface.obj (.const:.string:$P$T0$3)
                  000078f7    00000004     lcd.obj (.const:.string:lineAddresses$2)

.cinit     0    00007900    00000058     
                  00007900    00000023     (.cinit..data.load) [load image, compression = lzss]
                  00007923    00000001     --HOLE-- [fill = 0]
                  00007924    0000000c     (__TI_handler_table)
                  00007930    00000008     (.cinit..bss.load) [load image, compression = zero_init]
                  00007938    00000008     (.cinit..vtable.load) [load image, compression = zero_init]
                  00007940    00000018     (__TI_cinit_table)

.init_array 
*          0    00000000    00000000     UNINITIALIZED

.vtable    0    20000000    0000026c     UNINITIALIZED
                  20000000    0000026c     driverlib.lib : interrupt.obj (.vtable)

.stack     0    20000270    00001000     UNINITIALIZED
                  20000270    00000004     rtsv7M4_T_le_v4SPD16_eabi.lib : boot_cortex_m.c.obj (.stack)
                  20000274    00000ffc     --HOLE--

.sysmem    0    20001270    00001000     UNINITIALIZED
                  20001270    00000010     rtsv7M4_T_le_v4SPD16_eabi.lib : memory.c.obj (.sysmem)
                  20001280    00000ff0     --HOLE--

.bss       0    20002270    00000089     UNINITIALIZED
                  20002270    00000054     lcd.obj (.bss:lastbuffer$3)
                  200022c4    00000018     open_interface.obj (.bss:firmware$2)
                  200022dc    00000004     (.common:_timeout_ticks)
                  200022e0    00000004     (.common:fallingEdge)
                  200022e4    00000004     (.common:isr_int_value)
                  200022e8    00000004     (.common:left_calibration_value)
                  200022ec    00000004     (.common:pulseLength)
                  200022f0    00000004     (.common:right_calibration_value)
                  200022f4    00000004     (.common:risingEdge)
                  200022f8    00000001     (.common:isRisingEdge)

.data      0    200022fc    00000045     UNINITIALIZED
                  200022fc    00000020     open_interface.obj (.data)
                  2000231c    0000000c     uart-interrupt.obj (.data)
                  20002328    00000008     rtsv7M4_T_le_v4SPD16_eabi.lib : _lock.c.obj (.data:$O1$$)
                  20002330    00000008                                   : memory.c.obj (.data:$O1$$)
                  20002338    00000004     libcybotScan.lib : cyBot_Scan.obj (.data)
                  2000233c    00000004     rtsv7M4_T_le_v4SPD16_eabi.lib : errno.c.obj (.data)
                  20002340    00000001     Timer.obj (.data)

__llvm_prf_cnts 
*          0    20000000    00000000     UNINITIALIZED

MODULE SUMMARY

       Module                         code    ro data   rw data
       ------                         ----    -------   -------
    .\
       movement.obj                   3516    720       0      
       open_interface.obj             3128    15        56     
       lcd.obj                        824     8         84     
       tm4c123gh6pm_startup_ccs.obj   12      620       0      
       uart-interrupt.obj             588     0         12     
       Timer.obj                      584     0         5      
       main.obj                       472     0         8      
    +--+------------------------------+-------+---------+---------+
       Total:                         9124    1363      165    
                                                               
    ../libcybotScan.lib
       cyBot_Scan.obj                 608     0         4      
       ping.obj                       492     0         13     
       servo.obj                      344     0         0      
       ir.obj                         280     0         4      
    +--+------------------------------+-------+---------+---------+
       Total:                         1724    0         21     
                                                               
    C:/ti/TivaWare_C_Series-2.2.0.295/driverlib/ccs/Debug/driverlib.lib
       interrupt.obj                  68      0         620    
       cpu.obj                        12      0         0      
    +--+------------------------------+-------+---------+---------+
       Total:                         80      0         620    
                                                               
    C:\ti\ccs1200\ccs\tools\compiler\ti-cgt-arm_20.2.6.LTS\lib\rtsv7M4_T_le_v4SPD16_eabi.lib
       _printfi.c.obj                 4851    0         0      
       k_rem_pio2.c.obj               1848    344       0      
       s_sin.c.obj                    1504    0         0      
       s_cos.c.obj                    1500    0         0      
       s_tan.c.obj                    1288    0         0      
       k_tan.c.obj                    796     128       0      
       s_atan.c.obj                   748     152       0      
       memory.c.obj                   728     0         8      
       fd_add_t2.asm.obj              438     0         0      
       k_sin.c.obj                    372     0         0      
       k_cos.c.obj                    368     0         0      
       e_sqrt.c.obj                   344     0         0      
       fd_div_t2.asm.obj              310     0         0      
       s_scalbn.c.obj                 272     0         0      
       fd_cmp_t2.asm.obj              268     0         0      
       ctype.c.obj                    0       257       0      
       fd_mul_t2.asm.obj              252     0         0      
       s_floor.c.obj                  248     0         0      
       memcpy_t2.asm.obj              156     0         0      
       ull_div_t2.asm.obj             150     0         0      
       vsnprintf.c.obj                136     0         0      
       memset_t2.asm.obj              122     0         0      
       fd_tos_t2.asm.obj              110     0         0      
       copy_decompress_lzss.c.obj     104     0         0      
       s_frexp.c.obj                  100     0         0      
       sprintf.c.obj                  98      0         0      
       _ltoa.c.obj                    84      0         0      
       atoi.c.obj                     76      0         0      
       fd_toi_t2.asm.obj              72      0         0      
       autoinit.c.obj                 68      0         0      
       fs_tod_t2.asm.obj              56      0         0      
       boot_cortex_m.c.obj            52      0         0      
       i_tofd_t2.asm.obj              46      0         0      
       copy_zero_init.c.obj           28      0         0      
       memccpy.c.obj                  28      0         0      
       s_copysign.c.obj               26      0         0      
       strcmp.c.obj                   24      0         0      
       strchr.c.obj                   22      0         0      
       strcpy.c.obj                   20      0         0      
       strlen.c.obj                   20      0         0      
       wcslen.c.obj                   18      0         0      
       copy_decompress_none.c.obj     14      0         0      
       errno.c.obj                    8       0         4      
       _lock.c.obj                    2       0         8      
       exit.c.obj                     4       0         0      
       pre_init.c.obj                 4       0         0      
       div0.asm.obj                   2       0         0      
    +--+------------------------------+-------+---------+---------+
       Total:                         17785   881       20     
                                                               
       Heap:                          0       0         4096   
       Stack:                         0       0         4096   
       Linker Generated:              0       87        0      
    +--+------------------------------+-------+---------+---------+
       Grand Total:                   28713   2331      9018   


LINKER GENERATED COPY TABLES

__TI_cinit_table @ 00007940 records: 3, size/record: 8, table size: 24
	.data: load addr=00007900, load size=00000023 bytes, run addr=200022fc, run size=00000045 bytes, compression=lzss
	.bss: load addr=00007930, load size=00000008 bytes, run addr=20002270, run size=00000089 bytes, compression=zero_init
	.vtable: load addr=00007938, load size=00000008 bytes, run addr=20000000, run size=0000026c bytes, compression=zero_init


LINKER GENERATED HANDLER TABLE

__TI_handler_table @ 00007924 records: 3, size/record: 4, table size: 12
	index: 0, handler: __TI_zero_init
	index: 1, handler: __TI_decompress_lzss
	index: 2, handler: __TI_decompress_none


GLOBAL SYMBOLS: SORTED ALPHABETICALLY BY Name 

address   name                          
-------   ----                          
00006239  ADC0SS0_Handler               
0000729d  C$$EXIT                       
00007265  CPUcpsie                      
0000197f  GPIOF_Handler                 
00007237  IntMasterEnable               
00007029  IntRegister                   
00007271  ResetISR                      
00005219  TIMER3B_Handler               
00004dd3  UART1_Handler                 
20001270  __STACK_END                   
00001000  __STACK_SIZE                  
20000470  __STACK_TOP                   
00001000  __SYSMEM_SIZE                 
00007940  __TI_CINIT_Base               
00007958  __TI_CINIT_Limit              
00007924  __TI_Handler_Table_Base       
00007930  __TI_Handler_Table_Limit      
00006eb5  __TI_auto_init_nobinit_nopinit
00006c59  __TI_decompress_lzss          
00007257  __TI_decompress_none          
00006d7b  __TI_ltoa                     
ffffffff  __TI_pprof_out_hndl           
00001c49  __TI_printfi                  
ffffffff  __TI_prof_data_size           
ffffffff  __TI_prof_data_start          
00000000  __TI_static_base__            
00007119  __TI_zero_init_nomemset       
00006985  __aeabi_cdcmpeq               
00006985  __aeabi_cdcmple               
00006a0b  __aeabi_cdrcmple              
00006beb  __aeabi_d2f                   
00006e6d  __aeabi_d2iz                  
000056c7  __aeabi_dadd                  
00005f45  __aeabi_ddiv                  
000064c9  __aeabi_dmul                  
000056bd  __aeabi_dsub                  
00007289  __aeabi_errno_addr            
00006ff1  __aeabi_f2d                   
000070c1  __aeabi_i2d                   
00005873  __aeabi_idiv0                 
00005873  __aeabi_ldiv0                 
00006a91  __aeabi_memclr                
00006a91  __aeabi_memclr4               
00006a91  __aeabi_memclr8               
00006853  __aeabi_memcpy                
00006853  __aeabi_memcpy4               
00006853  __aeabi_memcpy8               
00006a93  __aeabi_memset                
00006a93  __aeabi_memset4               
00006a93  __aeabi_memset8               
000068ef  __aeabi_uldivmod              
ffffffff  __binit__                     
ffffffff  __c_args__                    
000059e9  __kernel_cos                  
00002699  __kernel_rem_pio2             
00005875  __kernel_sin                  
000041bd  __kernel_tan                  
UNDEFED   __mpu_init                    
20000270  __stack                       
20000000  __start___llvm_prf_cnts       
20000000  __stop___llvm_prf_cnts        
0000705d  _c_int00_noargs               
000076c8  _ctypes_                      
20002328  _lock                         
00002697  _nop                          
20002340  _running                      
20001270  _sys_memory                   
UNDEFED   _system_post_cinit            
00007299  _system_pre_init              
200022dc  _timeout_ticks                
2000232c  _unlock                       
0000729d  abort                         
000063c9  aligned_alloc                 
000044d9  atan                          
000044d9  atanl                         
00006e21  atoi                          
2000231f  backward_byte                 
ffffffff  binit                         
00006fb9  calloc                        
20002324  command_flag                  
0000716d  copysign                      
0000716d  copysignl                     
000033b1  cos                           
000033b1  cosl                          
00004b0d  cyBOT_SERVO_cal               
00004a9b  cyBOT_Scan                    
00004a43  cyBOT_init_Scan               
20002338  cyBOT_scan_features           
00004a35  cyBOT_scan_version            
2000233c  errno                         
200022e0  fallingEdge                   
000065c5  floor                         
000065c5  floorl                        
2000231e  forward_byte                  
000066bd  free                          
00006cc1  frexp                         
00006cc1  frexpl                        
20000000  g_pfnRAMVectors               
00000000  g_pfnVectors                  
0000173b  go_charge                     
0000624f  ir_enableInterrupt            
00006231  ir_getDistance                
00006209  ir_getValue                   
000061a1  ir_init                       
200022f8  isRisingEdge                  
200022e4  isr_int_value                 
00007247  lcd_clear                     
00004069  lcd_gotoLine                  
00003ed1  lcd_init                      
000040cf  lcd_printf                    
00003f91  lcd_putc                      
00003fc9  lcd_puts                      
00003e95  lcd_reverseNibble             
00003fe7  lcd_sendCommand               
00004025  lcd_sendNibble                
00004091  lcd_setCursorPos              
000062b9  ldexp                         
000062b9  ldexpl                        
20002320  left_byte                     
200022e8  left_calibration_value        
00005349  main                          
00007291  malloc                        
000063c9  memalign                      
00007151  memccpy                       
00006853  memcpy                        
00006a99  memset                        
200022fc  motor_cal_factor_L            
20002300  motor_cal_factor_R            
000002fb  move_backward                 
0000026d  move_forward                  
0000044f  navigate_forward              
00001029  oi_alloc                      
00001865  oi_checkFirmware              
00001083  oi_close                      
00001035  oi_free                       
00001ba9  oi_getMotorCalibrationLeft    
00001bbd  oi_getMotorCalibrationRight   
0000106d  oi_init                       
00001045  oi_init_noupdate              
000016d1  oi_loadSong                   
000071b7  oi_parseInt                   
000010e7  oi_parsePacket                
00001727  oi_play_song                  
00001607  oi_setLeds                    
00001b6d  oi_setMotorCalibration        
0000164b  oi_setWheels                  
0000190d  oi_shutoff_init               
00001749  oi_uartInit                   
000017ed  oi_uartReceive                
00001833  oi_uartSendBuff               
000017d1  oi_uartSendChar               
00001815  oi_uartSendStr                
00001095  oi_update                     
0000526b  ping_getDistance              
00005129  ping_init                     
000051af  ping_trigger                  
0000063d  point_small                   
200022ec  pulseLength                   
20002321  right_byte                    
200022f0  right_calibration_value       
200022f4  risingEdge                    
000062b9  scalbn                        
000062b9  scalbnl                       
2000231c  scan_byte                     
000005a9  scan_range                    
00005315  send_putty                    
00005b59  servo_init                    
00005be9  servo_move                    
00005c49  servo_setPWM                  
00005bdd  servo_stop                    
00002dd1  sin                           
00002dd1  sinl                          
00006ef9  sprintf                       
00005cb1  sqrt                          
00005cb1  sqrtl                         
2000231d  stop_byte                     
000071e7  strchr                        
000071cf  strcmp                        
000071fd  strcpy                        
00007211  strlen                        
0000398d  tan                           
0000398d  tanl                          
00004fff  timer_getMicros               
00004fa7  timer_getMillis               
00004ee1  timer_init                    
00004f83  timer_pause                   
00004f95  timer_resume                  
00004f59  timer_stop                    
00005059  timer_waitMicros              
0000508b  timer_waitMillis              
0000036f  turn_left                     
000003dd  turn_right                    
00004c95  uart_interrupt_init           
00004d71  uart_receive                  
00004d97  uart_receive_nonblocking      
00004d55  uart_sendChar                 
00004db5  uart_sendStr                  
00006f39  vsnprintf                     
00007225  wcslen                        


GLOBAL SYMBOLS: SORTED BY Symbol Address 

address   name                          
-------   ----                          
00000000  __TI_static_base__            
00000000  g_pfnVectors                  
0000026d  move_forward                  
000002fb  move_backward                 
0000036f  turn_left                     
000003dd  turn_right                    
0000044f  navigate_forward              
000005a9  scan_range                    
0000063d  point_small                   
00001000  __STACK_SIZE                  
00001000  __SYSMEM_SIZE                 
00001029  oi_alloc                      
00001035  oi_free                       
00001045  oi_init_noupdate              
0000106d  oi_init                       
00001083  oi_close                      
00001095  oi_update                     
000010e7  oi_parsePacket                
00001607  oi_setLeds                    
0000164b  oi_setWheels                  
000016d1  oi_loadSong                   
00001727  oi_play_song                  
0000173b  go_charge                     
00001749  oi_uartInit                   
000017d1  oi_uartSendChar               
000017ed  oi_uartReceive                
00001815  oi_uartSendStr                
00001833  oi_uartSendBuff               
00001865  oi_checkFirmware              
0000190d  oi_shutoff_init               
0000197f  GPIOF_Handler                 
00001b6d  oi_setMotorCalibration        
00001ba9  oi_getMotorCalibrationLeft    
00001bbd  oi_getMotorCalibrationRight   
00001c49  __TI_printfi                  
00002697  _nop                          
00002699  __kernel_rem_pio2             
00002dd1  sin                           
00002dd1  sinl                          
000033b1  cos                           
000033b1  cosl                          
0000398d  tan                           
0000398d  tanl                          
00003e95  lcd_reverseNibble             
00003ed1  lcd_init                      
00003f91  lcd_putc                      
00003fc9  lcd_puts                      
00003fe7  lcd_sendCommand               
00004025  lcd_sendNibble                
00004069  lcd_gotoLine                  
00004091  lcd_setCursorPos              
000040cf  lcd_printf                    
000041bd  __kernel_tan                  
000044d9  atan                          
000044d9  atanl                         
00004a35  cyBOT_scan_version            
00004a43  cyBOT_init_Scan               
00004a9b  cyBOT_Scan                    
00004b0d  cyBOT_SERVO_cal               
00004c95  uart_interrupt_init           
00004d55  uart_sendChar                 
00004d71  uart_receive                  
00004d97  uart_receive_nonblocking      
00004db5  uart_sendStr                  
00004dd3  UART1_Handler                 
00004ee1  timer_init                    
00004f59  timer_stop                    
00004f83  timer_pause                   
00004f95  timer_resume                  
00004fa7  timer_getMillis               
00004fff  timer_getMicros               
00005059  timer_waitMicros              
0000508b  timer_waitMillis              
00005129  ping_init                     
000051af  ping_trigger                  
00005219  TIMER3B_Handler               
0000526b  ping_getDistance              
00005315  send_putty                    
00005349  main                          
000056bd  __aeabi_dsub                  
000056c7  __aeabi_dadd                  
00005873  __aeabi_idiv0                 
00005873  __aeabi_ldiv0                 
00005875  __kernel_sin                  
000059e9  __kernel_cos                  
00005b59  servo_init                    
00005bdd  servo_stop                    
00005be9  servo_move                    
00005c49  servo_setPWM                  
00005cb1  sqrt                          
00005cb1  sqrtl                         
00005f45  __aeabi_ddiv                  
000061a1  ir_init                       
00006209  ir_getValue                   
00006231  ir_getDistance                
00006239  ADC0SS0_Handler               
0000624f  ir_enableInterrupt            
000062b9  ldexp                         
000062b9  ldexpl                        
000062b9  scalbn                        
000062b9  scalbnl                       
000063c9  aligned_alloc                 
000063c9  memalign                      
000064c9  __aeabi_dmul                  
000065c5  floor                         
000065c5  floorl                        
000066bd  free                          
00006853  __aeabi_memcpy                
00006853  __aeabi_memcpy4               
00006853  __aeabi_memcpy8               
00006853  memcpy                        
000068ef  __aeabi_uldivmod              
00006985  __aeabi_cdcmpeq               
00006985  __aeabi_cdcmple               
00006a0b  __aeabi_cdrcmple              
00006a91  __aeabi_memclr                
00006a91  __aeabi_memclr4               
00006a91  __aeabi_memclr8               
00006a93  __aeabi_memset                
00006a93  __aeabi_memset4               
00006a93  __aeabi_memset8               
00006a99  memset                        
00006beb  __aeabi_d2f                   
00006c59  __TI_decompress_lzss          
00006cc1  frexp                         
00006cc1  frexpl                        
00006d7b  __TI_ltoa                     
00006e21  atoi                          
00006e6d  __aeabi_d2iz                  
00006eb5  __TI_auto_init_nobinit_nopinit
00006ef9  sprintf                       
00006f39  vsnprintf                     
00006fb9  calloc                        
00006ff1  __aeabi_f2d                   
00007029  IntRegister                   
0000705d  _c_int00_noargs               
000070c1  __aeabi_i2d                   
00007119  __TI_zero_init_nomemset       
00007151  memccpy                       
0000716d  copysign                      
0000716d  copysignl                     
000071b7  oi_parseInt                   
000071cf  strcmp                        
000071e7  strchr                        
000071fd  strcpy                        
00007211  strlen                        
00007225  wcslen                        
00007237  IntMasterEnable               
00007247  lcd_clear                     
00007257  __TI_decompress_none          
00007265  CPUcpsie                      
00007271  ResetISR                      
00007289  __aeabi_errno_addr            
00007291  malloc                        
00007299  _system_pre_init              
0000729d  C$$EXIT                       
0000729d  abort                         
000076c8  _ctypes_                      
00007924  __TI_Handler_Table_Base       
00007930  __TI_Handler_Table_Limit      
00007940  __TI_CINIT_Base               
00007958  __TI_CINIT_Limit              
20000000  __start___llvm_prf_cnts       
20000000  __stop___llvm_prf_cnts        
20000000  g_pfnRAMVectors               
20000270  __stack                       
20000470  __STACK_TOP                   
20001270  __STACK_END                   
20001270  _sys_memory                   
200022dc  _timeout_ticks                
200022e0  fallingEdge                   
200022e4  isr_int_value                 
200022e8  left_calibration_value        
200022ec  pulseLength                   
200022f0  right_calibration_value       
200022f4  risingEdge                    
200022f8  isRisingEdge                  
200022fc  motor_cal_factor_L            
20002300  motor_cal_factor_R            
2000231c  scan_byte                     
2000231d  stop_byte                     
2000231e  forward_byte                  
2000231f  backward_byte                 
20002320  left_byte                     
20002321  right_byte                    
20002324  command_flag                  
20002328  _lock                         
2000232c  _unlock                       
20002338  cyBOT_scan_features           
2000233c  errno                         
20002340  _running                      
ffffffff  __TI_pprof_out_hndl           
ffffffff  __TI_prof_data_size           
ffffffff  __TI_prof_data_start          
ffffffff  __binit__                     
ffffffff  __c_args__                    
ffffffff  binit                         
UNDEFED   __mpu_init                    
UNDEFED   _system_post_cinit            

[199 symbols]
